ASxxxx Linker V03.00 + NoICE + sdld,  page 1.
Hexadecimal  [32-Bits]

Area                                    Addr        Size        Decimal Bytes (Attributes)
--------------------------------        ----        ----        ------- ----- ------------
CABS                                00000000    00000000 =           0. bytes (ABS,CON,CODE)

      Value  Global                              Global Defined In Module
      -----  --------------------------------   ------------------------
C:   00000000  l_BIT_BANK                      
C:   00000000  l_CABS                          
C:   00000000  l_GSINIT1                       
C:   00000000  l_GSINIT5                       
C:   00000000  l_IABS                          
C:   00000000  l_PSEG                          
C:   00000000  l_REG_BANK_1                    
C:   00000000  l_REG_BANK_2                    
C:   00000000  l_REG_BANK_3                    
C:   00000000  l_RSEG                          
C:   00000000  l_RSEG0                         
C:   00000000  l_RSEG1                         
C:   00000000  l_XABS                          
C:   00000000  l_XINIT                         
C:   00000000  l_XISEG                         
C:   00000000  l__CODE                         
C:   00000000  s_BSEG                          
C:   00000000  s_CABS                          
C:   00000000  s_DSEG                          
C:   00000000  s_HOME                          
C:   00000000  s_IABS                          
C:   00000000  s_REG_BANK_0                    
C:   00000000  s_RSEG                          
C:   00000000  s_RSEG0                         
C:   00000000  s_RSEG1                         
C:   00000000  s_XABS                          
C:   00000001  s_PSEG                          
C:   00000001  s_XSEG                          
C:   00000002  l_BSEG_BYTES                    
C:   00000003  l_GSFINAL                       
C:   00000003  l_GSINIT0                       
C:   00000006  l_ISEG                          
C:   00000006  l_OSEG                          
C:   00000008  l_REG_BANK_0                    
C:   00000008  s_REG_BANK_1                    
C:   0000000A  l_BSEG                          
C:   0000000A  l_GSINIT2                       
C:   0000000D  l_GSINIT                        
C:   00000010  s_REG_BANK_2                    
C:   00000011  s_OSEG                          
C:   00000017  s_ISEG                          
C:   00000018  s_BIT_BANK                      
C:   00000018  s_REG_BANK_3                    
C:   00000020  s_BSEG_BYTES                    
C:   00000020  s__CODE                         
C:   00000022  l_GSINIT3                       
C:   0000002A  l_GSINIT4                       
C:   00000050  l_XSEG                          
C:   00000051  l_HOME                          
C:   00000051  s_GSINIT0                       
ASxxxx Linker V03.00 + NoICE + sdld,  page 2.
Hexadecimal  [32-Bits]

Area                                    Addr        Size        Decimal Bytes (Attributes)
--------------------------------        ----        ----        ------- ----- ------------
CABS                                00000000    00000000 =           0. bytes (ABS,CON,CODE)

      Value  Global                              Global Defined In Module
      -----  --------------------------------   ------------------------
C:   00000051  s_XISEG                         
C:   00000054  s_GSINIT1                       
C:   00000054  s_GSINIT2                       
C:   0000005E  s_GSINIT3                       
C:   0000005E  s_SSEG                          
C:   00000062  l_CONST                         
C:   0000007D  l_DSEG                          
C:   00000080  s_GSINIT4                       
C:   000000A2  l_SSEG                          
C:   000000AA  s_GSINIT                        
C:   000000AA  s_GSINIT5                       
C:   000000B7  s_GSFINAL                       
C:   000000BA  s_CSEG                          
C:   00000100  l_IRAM                          
C:   00000D3A  l_CSEG                          
C:   00000DF4  s_CONST                         
C:   00000E56  s_XINIT                         

ASxxxx Linker V03.00 + NoICE + sdld,  page 3.
Hexadecimal  [32-Bits]

Area                                    Addr        Size        Decimal Bytes (Attributes)
--------------------------------        ----        ----        ------- ----- ------------
.  .ABS.                            00000000    00000000 =           0. bytes (ABS,CON)

      Value  Global                              Global Defined In Module
      -----  --------------------------------   ------------------------
     00000000  .__.ABS.                           _startup
     00000080  G$P0$0$0                           lab3_2_Compass
     00000080  G$P0_0$0$0                         lab3_2_Compass
     00000080  _P0                                lab3_2_Compass
     00000080  _P0_0                              lab3_2_Compass
     00000081  G$P0_1$0$0                         lab3_2_Compass
     00000081  G$SP$0$0                           lab3_2_Compass
     00000081  _P0_1                              lab3_2_Compass
     00000081  _SP                                lab3_2_Compass
     00000082  G$DPL$0$0                          lab3_2_Compass
     00000082  G$P0_2$0$0                         lab3_2_Compass
     00000082  _DPL                               lab3_2_Compass
     00000082  _P0_2                              lab3_2_Compass
     00000083  G$BUS_SCL$0$0                      lab3_2_Compass
     00000083  G$DPH$0$0                          lab3_2_Compass
     00000083  G$P0_3$0$0                         lab3_2_Compass
     00000083  _BUS_SCL                           lab3_2_Compass
     00000083  _DPH                               lab3_2_Compass
     00000083  _P0_3                              lab3_2_Compass
     00000084  G$P0_4$0$0                         lab3_2_Compass
     00000084  G$P4$0$0                           lab3_2_Compass
     00000084  _P0_4                              lab3_2_Compass
     00000084  _P4                                lab3_2_Compass
     00000085  G$P0_5$0$0                         lab3_2_Compass
     00000085  G$P5$0$0                           lab3_2_Compass
     00000085  _P0_5                              lab3_2_Compass
     00000085  _P5                                lab3_2_Compass
     00000086  G$P0_6$0$0                         lab3_2_Compass
     00000086  G$P6$0$0                           lab3_2_Compass
     00000086  _P0_6                              lab3_2_Compass
     00000086  _P6                                lab3_2_Compass
     00000087  G$P0_7$0$0                         lab3_2_Compass
     00000087  G$PCON$0$0                         lab3_2_Compass
     00000087  _P0_7                              lab3_2_Compass
     00000087  _PCON                              lab3_2_Compass
     00000088  G$IT0$0$0                          lab3_2_Compass
     00000088  G$TCON$0$0                         lab3_2_Compass
     00000088  _IT0                               lab3_2_Compass
     00000088  _TCON                              lab3_2_Compass
     00000089  G$IE0$0$0                          lab3_2_Compass
     00000089  G$TMOD$0$0                         lab3_2_Compass
     00000089  _IE0                               lab3_2_Compass
     00000089  _TMOD                              lab3_2_Compass
     0000008A  G$IT1$0$0                          lab3_2_Compass
     0000008A  G$TL0$0$0                          lab3_2_Compass
     0000008A  _IT1                               lab3_2_Compass
     0000008A  _TL0                               lab3_2_Compass
     0000008B  G$IE1$0$0                          lab3_2_Compass
     0000008B  G$TL1$0$0                          lab3_2_Compass
     0000008B  _IE1                               lab3_2_Compass
ASxxxx Linker V03.00 + NoICE + sdld,  page 4.
Hexadecimal  [32-Bits]

Area                                    Addr        Size        Decimal Bytes (Attributes)
--------------------------------        ----        ----        ------- ----- ------------
.  .ABS.                            00000000    00000000 =           0. bytes (ABS,CON)

      Value  Global                              Global Defined In Module
      -----  --------------------------------   ------------------------
     0000008B  _TL1                               lab3_2_Compass
     0000008C  G$TH0$0$0                          lab3_2_Compass
     0000008C  G$TR0$0$0                          lab3_2_Compass
     0000008C  _TH0                               lab3_2_Compass
     0000008C  _TR0                               lab3_2_Compass
     0000008D  G$TF0$0$0                          lab3_2_Compass
     0000008D  G$TH1$0$0                          lab3_2_Compass
     0000008D  _TF0                               lab3_2_Compass
     0000008D  _TH1                               lab3_2_Compass
     0000008E  G$CKCON$0$0                        lab3_2_Compass
     0000008E  G$TR1$0$0                          lab3_2_Compass
     0000008E  _CKCON                             lab3_2_Compass
     0000008E  _TR1                               lab3_2_Compass
     0000008F  G$PSCTL$0$0                        lab3_2_Compass
     0000008F  G$TF1$0$0                          lab3_2_Compass
     0000008F  _PSCTL                             lab3_2_Compass
     0000008F  _TF1                               lab3_2_Compass
     00000090  G$P1$0$0                           lab3_2_Compass
     00000090  G$P1_0$0$0                         lab3_2_Compass
     00000090  _P1                                lab3_2_Compass
     00000090  _P1_0                              lab3_2_Compass
     00000091  G$P1_1$0$0                         lab3_2_Compass
     00000091  G$TMR3CN$0$0                       lab3_2_Compass
     00000091  _P1_1                              lab3_2_Compass
     00000091  _TMR3CN                            lab3_2_Compass
     00000092  G$P1_2$0$0                         lab3_2_Compass
     00000092  G$TMR3RLL$0$0                      lab3_2_Compass
     00000092  _P1_2                              lab3_2_Compass
     00000092  _TMR3RLL                           lab3_2_Compass
     00000093  G$P1_3$0$0                         lab3_2_Compass
     00000093  G$TMR3RLH$0$0                      lab3_2_Compass
     00000093  _P1_3                              lab3_2_Compass
     00000093  _TMR3RLH                           lab3_2_Compass
     00000094  G$P1_4$0$0                         lab3_2_Compass
     00000094  G$TMR3L$0$0                        lab3_2_Compass
     00000094  _P1_4                              lab3_2_Compass
     00000094  _TMR3L                             lab3_2_Compass
     00000095  G$P1_5$0$0                         lab3_2_Compass
     00000095  G$TMR3H$0$0                        lab3_2_Compass
     00000095  _P1_5                              lab3_2_Compass
     00000095  _TMR3H                             lab3_2_Compass
     00000096  G$P1_6$0$0                         lab3_2_Compass
     00000096  G$P7$0$0                           lab3_2_Compass
     00000096  _P1_6                              lab3_2_Compass
     00000096  _P7                                lab3_2_Compass
     00000097  G$P1_7$0$0                         lab3_2_Compass
     00000097  _P1_7                              lab3_2_Compass
     00000098  G$RI$0$0                           lab3_2_Compass
     00000098  G$RI0$0$0                          lab3_2_Compass
     00000098  G$SCON$0$0                         lab3_2_Compass
     00000098  G$SCON0$0$0                        lab3_2_Compass
ASxxxx Linker V03.00 + NoICE + sdld,  page 5.
Hexadecimal  [32-Bits]

Area                                    Addr        Size        Decimal Bytes (Attributes)
--------------------------------        ----        ----        ------- ----- ------------
.  .ABS.                            00000000    00000000 =           0. bytes (ABS,CON)

      Value  Global                              Global Defined In Module
      -----  --------------------------------   ------------------------
     00000098  _RI                                lab3_2_Compass
     00000098  _RI0                               lab3_2_Compass
     00000098  _SCON                              lab3_2_Compass
     00000098  _SCON0                             lab3_2_Compass
     00000099  G$SBUF$0$0                         lab3_2_Compass
     00000099  G$SBUF0$0$0                        lab3_2_Compass
     00000099  G$TI$0$0                           lab3_2_Compass
     00000099  G$TI0$0$0                          lab3_2_Compass
     00000099  _SBUF                              lab3_2_Compass
     00000099  _SBUF0                             lab3_2_Compass
     00000099  _TI                                lab3_2_Compass
     00000099  _TI0                               lab3_2_Compass
     0000009A  G$RB8$0$0                          lab3_2_Compass
     0000009A  G$RB80$0$0                         lab3_2_Compass
     0000009A  G$SPI0CFG$0$0                      lab3_2_Compass
     0000009A  _RB8                               lab3_2_Compass
     0000009A  _RB80                              lab3_2_Compass
     0000009A  _SPI0CFG                           lab3_2_Compass
     0000009B  G$SPI0DAT$0$0                      lab3_2_Compass
     0000009B  G$TB8$0$0                          lab3_2_Compass
     0000009B  G$TB80$0$0                         lab3_2_Compass
     0000009B  _SPI0DAT                           lab3_2_Compass
     0000009B  _TB8                               lab3_2_Compass
     0000009B  _TB80                              lab3_2_Compass
     0000009C  G$ADC1$0$0                         lab3_2_Compass
     0000009C  G$REN$0$0                          lab3_2_Compass
     0000009C  G$REN0$0$0                         lab3_2_Compass
     0000009C  _ADC1                              lab3_2_Compass
     0000009C  _REN                               lab3_2_Compass
     0000009C  _REN0                              lab3_2_Compass
     0000009D  G$MCE0$0$0                         lab3_2_Compass
     0000009D  G$SM2$0$0                          lab3_2_Compass
     0000009D  G$SM20$0$0                         lab3_2_Compass
     0000009D  G$SPI0CKR$0$0                      lab3_2_Compass
     0000009D  _MCE0                              lab3_2_Compass
     0000009D  _SM2                               lab3_2_Compass
     0000009D  _SM20                              lab3_2_Compass
     0000009D  _SPI0CKR                           lab3_2_Compass
     0000009E  G$CPT0CN$0$0                       lab3_2_Compass
     0000009E  G$SM1$0$0                          lab3_2_Compass
     0000009E  G$SM10$0$0                         lab3_2_Compass
     0000009E  _CPT0CN                            lab3_2_Compass
     0000009E  _SM1                               lab3_2_Compass
     0000009E  _SM10                              lab3_2_Compass
     0000009F  G$CPT1CN$0$0                       lab3_2_Compass
     0000009F  G$S0MODE$0$0                       lab3_2_Compass
     0000009F  G$SM0$0$0                          lab3_2_Compass
     0000009F  G$SM00$0$0                         lab3_2_Compass
     0000009F  _CPT1CN                            lab3_2_Compass
     0000009F  _S0MODE                            lab3_2_Compass
     0000009F  _SM0                               lab3_2_Compass
ASxxxx Linker V03.00 + NoICE + sdld,  page 6.
Hexadecimal  [32-Bits]

Area                                    Addr        Size        Decimal Bytes (Attributes)
--------------------------------        ----        ----        ------- ----- ------------
.  .ABS.                            00000000    00000000 =           0. bytes (ABS,CON)

      Value  Global                              Global Defined In Module
      -----  --------------------------------   ------------------------
     0000009F  _SM00                              lab3_2_Compass
     000000A0  G$P2$0$0                           lab3_2_Compass
     000000A0  G$P2_0$0$0                         lab3_2_Compass
     000000A0  _P2                                lab3_2_Compass
     000000A0  _P2_0                              lab3_2_Compass
     000000A1  G$EMI0TC$0$0                       lab3_2_Compass
     000000A1  G$P2_1$0$0                         lab3_2_Compass
     000000A1  _EMI0TC                            lab3_2_Compass
     000000A1  _P2_1                              lab3_2_Compass
     000000A2  G$P2_2$0$0                         lab3_2_Compass
     000000A2  _P2_2                              lab3_2_Compass
     000000A3  G$EMI0CF$0$0                       lab3_2_Compass
     000000A3  G$P2_3$0$0                         lab3_2_Compass
     000000A3  _EMI0CF                            lab3_2_Compass
     000000A3  _P2_3                              lab3_2_Compass
     000000A4  G$P0MDOUT$0$0                      lab3_2_Compass
     000000A4  G$P2_4$0$0                         lab3_2_Compass
     000000A4  G$PRT0CF$0$0                       lab3_2_Compass
     000000A4  _P0MDOUT                           lab3_2_Compass
     000000A4  _P2_4                              lab3_2_Compass
     000000A4  _PRT0CF                            lab3_2_Compass
     000000A5  G$P1MDOUT$0$0                      lab3_2_Compass
     000000A5  G$P2_5$0$0                         lab3_2_Compass
     000000A5  G$PRT1CF$0$0                       lab3_2_Compass
     000000A5  _P1MDOUT                           lab3_2_Compass
     000000A5  _P2_5                              lab3_2_Compass
     000000A5  _PRT1CF                            lab3_2_Compass
     000000A6  G$P2MDOUT$0$0                      lab3_2_Compass
     000000A6  G$P2_6$0$0                         lab3_2_Compass
     000000A6  G$PRT2CF$0$0                       lab3_2_Compass
     000000A6  _P2MDOUT                           lab3_2_Compass
     000000A6  _P2_6                              lab3_2_Compass
     000000A6  _PRT2CF                            lab3_2_Compass
     000000A7  G$P2_7$0$0                         lab3_2_Compass
     000000A7  G$P3MDOUT$0$0                      lab3_2_Compass
     000000A7  G$PRT3CF$0$0                       lab3_2_Compass
     000000A7  _P2_7                              lab3_2_Compass
     000000A7  _P3MDOUT                           lab3_2_Compass
     000000A7  _PRT3CF                            lab3_2_Compass
     000000A8  G$EX0$0$0                          lab3_2_Compass
     000000A8  G$IE$0$0                           lab3_2_Compass
     000000A8  _EX0                               lab3_2_Compass
     000000A8  _IE                                lab3_2_Compass
     000000A9  G$ET0$0$0                          lab3_2_Compass
     000000A9  G$SADDR0$0$0                       lab3_2_Compass
     000000A9  _ET0                               lab3_2_Compass
     000000A9  _SADDR0                            lab3_2_Compass
     000000AA  G$ADC1CN$0$0                       lab3_2_Compass
     000000AA  G$EX1$0$0                          lab3_2_Compass
     000000AA  _ADC1CN                            lab3_2_Compass
     000000AA  _EX1                               lab3_2_Compass
ASxxxx Linker V03.00 + NoICE + sdld,  page 7.
Hexadecimal  [32-Bits]

Area                                    Addr        Size        Decimal Bytes (Attributes)
--------------------------------        ----        ----        ------- ----- ------------
.  .ABS.                            00000000    00000000 =           0. bytes (ABS,CON)

      Value  Global                              Global Defined In Module
      -----  --------------------------------   ------------------------
     000000AB  G$ADC1CF$0$0                       lab3_2_Compass
     000000AB  G$ET1$0$0                          lab3_2_Compass
     000000AB  _ADC1CF                            lab3_2_Compass
     000000AB  _ET1                               lab3_2_Compass
     000000AC  G$AMX1SL$0$0                       lab3_2_Compass
     000000AC  G$ES$0$0                           lab3_2_Compass
     000000AC  G$ES0$0$0                          lab3_2_Compass
     000000AC  _AMX1SL                            lab3_2_Compass
     000000AC  _ES                                lab3_2_Compass
     000000AC  _ES0                               lab3_2_Compass
     000000AD  G$ET2$0$0                          lab3_2_Compass
     000000AD  G$P3IF$0$0                         lab3_2_Compass
     000000AD  _ET2                               lab3_2_Compass
     000000AD  _P3IF                              lab3_2_Compass
     000000AE  G$SADEN1$0$0                       lab3_2_Compass
     000000AE  _SADEN1                            lab3_2_Compass
     000000AF  G$EA$0$0                           lab3_2_Compass
     000000AF  G$EMI0CN$0$0                       lab3_2_Compass
     000000AF  G$_XPAGE$0$0                       lab3_2_Compass
     000000AF  _EA                                lab3_2_Compass
     000000AF  _EMI0CN                            lab3_2_Compass
     000000AF  __XPAGE                            lab3_2_Compass
     000000B0  G$P3$0$0                           lab3_2_Compass
     000000B0  G$P3_0$0$0                         lab3_2_Compass
     000000B0  _P3                                lab3_2_Compass
     000000B0  _P3_0                              lab3_2_Compass
     000000B1  G$OSCXCN$0$0                       lab3_2_Compass
     000000B1  G$P3_1$0$0                         lab3_2_Compass
     000000B1  _OSCXCN                            lab3_2_Compass
     000000B1  _P3_1                              lab3_2_Compass
     000000B2  G$OSCICN$0$0                       lab3_2_Compass
     000000B2  G$P3_2$0$0                         lab3_2_Compass
     000000B2  _OSCICN                            lab3_2_Compass
     000000B2  _P3_2                              lab3_2_Compass
     000000B3  G$P3_3$0$0                         lab3_2_Compass
     000000B3  _P3_3                              lab3_2_Compass
     000000B4  G$P3_4$0$0                         lab3_2_Compass
     000000B4  _P3_4                              lab3_2_Compass
     000000B5  G$P3_5$0$0                         lab3_2_Compass
     000000B5  G$P74OUT$0$0                       lab3_2_Compass
     000000B5  _P3_5                              lab3_2_Compass
     000000B5  _P74OUT                            lab3_2_Compass
     000000B6  G$FLSCL$0$0                        lab3_2_Compass
     000000B6  G$P3_6$0$0                         lab3_2_Compass
     000000B6  _FLSCL                             lab3_2_Compass
     000000B6  _P3_6                              lab3_2_Compass
     000000B7  G$FLACL$0$0                        lab3_2_Compass
     000000B7  G$P3_7$0$0                         lab3_2_Compass
     000000B7  _FLACL                             lab3_2_Compass
     000000B7  _P3_7                              lab3_2_Compass
     000000B8  G$IP$0$0                           lab3_2_Compass
ASxxxx Linker V03.00 + NoICE + sdld,  page 8.
Hexadecimal  [32-Bits]

Area                                    Addr        Size        Decimal Bytes (Attributes)
--------------------------------        ----        ----        ------- ----- ------------
.  .ABS.                            00000000    00000000 =           0. bytes (ABS,CON)

      Value  Global                              Global Defined In Module
      -----  --------------------------------   ------------------------
     000000B8  G$PX0$0$0                          lab3_2_Compass
     000000B8  _IP                                lab3_2_Compass
     000000B8  _PX0                               lab3_2_Compass
     000000B9  G$PT0$0$0                          lab3_2_Compass
     000000B9  G$SADEN0$0$0                       lab3_2_Compass
     000000B9  _PT0                               lab3_2_Compass
     000000B9  _SADEN0                            lab3_2_Compass
     000000BA  G$AMX0CF$0$0                       lab3_2_Compass
     000000BA  G$PX1$0$0                          lab3_2_Compass
     000000BA  _AMX0CF                            lab3_2_Compass
     000000BA  _PX1                               lab3_2_Compass
     000000BB  G$AMX0SL$0$0                       lab3_2_Compass
     000000BB  G$PT1$0$0                          lab3_2_Compass
     000000BB  _AMX0SL                            lab3_2_Compass
     000000BB  _PT1                               lab3_2_Compass
     000000BC  G$ADC0CF$0$0                       lab3_2_Compass
     000000BC  G$PS$0$0                           lab3_2_Compass
     000000BC  G$PS0$0$0                          lab3_2_Compass
     000000BC  _ADC0CF                            lab3_2_Compass
     000000BC  _PS                                lab3_2_Compass
     000000BC  _PS0                               lab3_2_Compass
     000000BD  G$P1MDIN$0$0                       lab3_2_Compass
     000000BD  G$PT2$0$0                          lab3_2_Compass
     000000BD  _P1MDIN                            lab3_2_Compass
     000000BD  _PT2                               lab3_2_Compass
     000000BE  G$ADC0L$0$0                        lab3_2_Compass
     000000BE  _ADC0L                             lab3_2_Compass
     000000BF  G$ADC0H$0$0                        lab3_2_Compass
     000000BF  _ADC0H                             lab3_2_Compass
     000000C0  G$BUS_TOE$0$0                      lab3_2_Compass
     000000C0  G$SMB0CN$0$0                       lab3_2_Compass
     000000C0  G$SMBTOE$0$0                       lab3_2_Compass
     000000C0  _BUS_TOE                           lab3_2_Compass
     000000C0  _SMB0CN                            lab3_2_Compass
     000000C0  _SMBTOE                            lab3_2_Compass
     000000C1  G$BUS_FTE$0$0                      lab3_2_Compass
     000000C1  G$SMB0STA$0$0                      lab3_2_Compass
     000000C1  G$SMBFTE$0$0                       lab3_2_Compass
     000000C1  _BUS_FTE                           lab3_2_Compass
     000000C1  _SMB0STA                           lab3_2_Compass
     000000C1  _SMBFTE                            lab3_2_Compass
     000000C2  G$AA$0$0                           lab3_2_Compass
     000000C2  G$BUS_AA$0$0                       lab3_2_Compass
     000000C2  G$SMB0DAT$0$0                      lab3_2_Compass
     000000C2  _AA                                lab3_2_Compass
     000000C2  _BUS_AA                            lab3_2_Compass
     000000C2  _SMB0DAT                           lab3_2_Compass
     000000C3  G$BUS_INT$0$0                      lab3_2_Compass
     000000C3  G$SI$0$0                           lab3_2_Compass
     000000C3  G$SMB0ADR$0$0                      lab3_2_Compass
     000000C3  _BUS_INT                           lab3_2_Compass
ASxxxx Linker V03.00 + NoICE + sdld,  page 9.
Hexadecimal  [32-Bits]

Area                                    Addr        Size        Decimal Bytes (Attributes)
--------------------------------        ----        ----        ------- ----- ------------
.  .ABS.                            00000000    00000000 =           0. bytes (ABS,CON)

      Value  Global                              Global Defined In Module
      -----  --------------------------------   ------------------------
     000000C3  _SI                                lab3_2_Compass
     000000C3  _SMB0ADR                           lab3_2_Compass
     000000C4  G$ADC0GTL$0$0                      lab3_2_Compass
     000000C4  G$BUS_STOP$0$0                     lab3_2_Compass
     000000C4  G$STO$0$0                          lab3_2_Compass
     000000C4  _ADC0GTL                           lab3_2_Compass
     000000C4  _BUS_STOP                          lab3_2_Compass
     000000C4  _STO                               lab3_2_Compass
     000000C5  G$ADC0GTH$0$0                      lab3_2_Compass
     000000C5  G$BUS_START$0$0                    lab3_2_Compass
     000000C5  G$STA$0$0                          lab3_2_Compass
     000000C5  _ADC0GTH                           lab3_2_Compass
     000000C5  _BUS_START                         lab3_2_Compass
     000000C5  _STA                               lab3_2_Compass
     000000C6  G$ADC0LTL$0$0                      lab3_2_Compass
     000000C6  G$BUS_EN$0$0                       lab3_2_Compass
     000000C6  G$ENSMB$0$0                        lab3_2_Compass
     000000C6  _ADC0LTL                           lab3_2_Compass
     000000C6  _BUS_EN                            lab3_2_Compass
     000000C6  _ENSMB                             lab3_2_Compass
     000000C7  G$ADC0LTH$0$0                      lab3_2_Compass
     000000C7  G$BUSY$0$0                         lab3_2_Compass
     000000C7  G$BUS_BUSY$0$0                     lab3_2_Compass
     000000C7  _ADC0LTH                           lab3_2_Compass
     000000C7  _BUSY                              lab3_2_Compass
     000000C7  _BUS_BUSY                          lab3_2_Compass
     000000C8  G$CPRL2$0$0                        lab3_2_Compass
     000000C8  G$T2CON$0$0                        lab3_2_Compass
     000000C8  _CPRL2                             lab3_2_Compass
     000000C8  _T2CON                             lab3_2_Compass
     000000C9  G$CT2$0$0                          lab3_2_Compass
     000000C9  G$T4CON$0$0                        lab3_2_Compass
     000000C9  _CT2                               lab3_2_Compass
     000000C9  _T4CON                             lab3_2_Compass
     000000CA  G$RCAP2L$0$0                       lab3_2_Compass
     000000CA  G$TR2$0$0                          lab3_2_Compass
     000000CA  _RCAP2L                            lab3_2_Compass
     000000CA  _TR2                               lab3_2_Compass
     000000CB  G$EXEN2$0$0                        lab3_2_Compass
     000000CB  G$RCAP2H$0$0                       lab3_2_Compass
     000000CB  _EXEN2                             lab3_2_Compass
     000000CB  _RCAP2H                            lab3_2_Compass
     000000CC  G$TCLK$0$0                         lab3_2_Compass
     000000CC  G$TL2$0$0                          lab3_2_Compass
     000000CC  _TCLK                              lab3_2_Compass
     000000CC  _TL2                               lab3_2_Compass
     000000CD  G$RCLK$0$0                         lab3_2_Compass
     000000CD  G$TH2$0$0                          lab3_2_Compass
     000000CD  _RCLK                              lab3_2_Compass
     000000CD  _TH2                               lab3_2_Compass
     000000CE  G$EXF2$0$0                         lab3_2_Compass
ASxxxx Linker V03.00 + NoICE + sdld,  page 10.
Hexadecimal  [32-Bits]

Area                                    Addr        Size        Decimal Bytes (Attributes)
--------------------------------        ----        ----        ------- ----- ------------
.  .ABS.                            00000000    00000000 =           0. bytes (ABS,CON)

      Value  Global                              Global Defined In Module
      -----  --------------------------------   ------------------------
     000000CE  _EXF2                              lab3_2_Compass
     000000CF  G$SMB0CR$0$0                       lab3_2_Compass
     000000CF  G$TF2$0$0                          lab3_2_Compass
     000000CF  _SMB0CR                            lab3_2_Compass
     000000CF  _TF2                               lab3_2_Compass
     000000D0  G$P$0$0                            lab3_2_Compass
     000000D0  G$PSW$0$0                          lab3_2_Compass
     000000D0  _P                                 lab3_2_Compass
     000000D0  _PSW                               lab3_2_Compass
     000000D1  G$F1$0$0                           lab3_2_Compass
     000000D1  G$REF0CN$0$0                       lab3_2_Compass
     000000D1  _F1                                lab3_2_Compass
     000000D1  _REF0CN                            lab3_2_Compass
     000000D2  G$DAC0L$0$0                        lab3_2_Compass
     000000D2  G$OV$0$0                           lab3_2_Compass
     000000D2  _DAC0L                             lab3_2_Compass
     000000D2  _OV                                lab3_2_Compass
     000000D3  G$DAC0H$0$0                        lab3_2_Compass
     000000D3  G$RS0$0$0                          lab3_2_Compass
     000000D3  _DAC0H                             lab3_2_Compass
     000000D3  _RS0                               lab3_2_Compass
     000000D4  G$DAC0CN$0$0                       lab3_2_Compass
     000000D4  G$RS1$0$0                          lab3_2_Compass
     000000D4  _DAC0CN                            lab3_2_Compass
     000000D4  _RS1                               lab3_2_Compass
     000000D5  G$DAC1L$0$0                        lab3_2_Compass
     000000D5  G$F0$0$0                           lab3_2_Compass
     000000D5  _DAC1L                             lab3_2_Compass
     000000D5  _F0                                lab3_2_Compass
     000000D6  G$AC$0$0                           lab3_2_Compass
     000000D6  G$DAC1H$0$0                        lab3_2_Compass
     000000D6  _AC                                lab3_2_Compass
     000000D6  _DAC1H                             lab3_2_Compass
     000000D7  G$CY$0$0                           lab3_2_Compass
     000000D7  G$DAC1CN$0$0                       lab3_2_Compass
     000000D7  _CY                                lab3_2_Compass
     000000D7  _DAC1CN                            lab3_2_Compass
     000000D8  G$CCF0$0$0                         lab3_2_Compass
     000000D8  G$PCA0CN$0$0                       lab3_2_Compass
     000000D8  _CCF0                              lab3_2_Compass
     000000D8  _PCA0CN                            lab3_2_Compass
     000000D9  G$CCF1$0$0                         lab3_2_Compass
     000000D9  G$PCA0MD$0$0                       lab3_2_Compass
     000000D9  _CCF1                              lab3_2_Compass
     000000D9  _PCA0MD                            lab3_2_Compass
     000000DA  G$CCF2$0$0                         lab3_2_Compass
     000000DA  G$PCA0CPM0$0$0                     lab3_2_Compass
     000000DA  _CCF2                              lab3_2_Compass
     000000DA  _PCA0CPM0                          lab3_2_Compass
     000000DB  G$CCF3$0$0                         lab3_2_Compass
     000000DB  G$PCA0CPM1$0$0                     lab3_2_Compass
ASxxxx Linker V03.00 + NoICE + sdld,  page 11.
Hexadecimal  [32-Bits]

Area                                    Addr        Size        Decimal Bytes (Attributes)
--------------------------------        ----        ----        ------- ----- ------------
.  .ABS.                            00000000    00000000 =           0. bytes (ABS,CON)

      Value  Global                              Global Defined In Module
      -----  --------------------------------   ------------------------
     000000DB  _CCF3                              lab3_2_Compass
     000000DB  _PCA0CPM1                          lab3_2_Compass
     000000DC  G$CCF4$0$0                         lab3_2_Compass
     000000DC  G$PCA0CPM2$0$0                     lab3_2_Compass
     000000DC  _CCF4                              lab3_2_Compass
     000000DC  _PCA0CPM2                          lab3_2_Compass
     000000DD  G$PCA0CPM3$0$0                     lab3_2_Compass
     000000DD  _PCA0CPM3                          lab3_2_Compass
     000000DE  G$CR$0$0                           lab3_2_Compass
     000000DE  G$PCA0CPM4$0$0                     lab3_2_Compass
     000000DE  _CR                                lab3_2_Compass
     000000DE  _PCA0CPM4                          lab3_2_Compass
     000000DF  G$CF$0$0                           lab3_2_Compass
     000000DF  _CF                                lab3_2_Compass
     000000E0  G$ACC$0$0                          lab3_2_Compass
     000000E0  _ACC                               lab3_2_Compass
     000000E1  G$XBR0$0$0                         lab3_2_Compass
     000000E1  _XBR0                              lab3_2_Compass
     000000E2  G$XBR1$0$0                         lab3_2_Compass
     000000E2  _XBR1                              lab3_2_Compass
     000000E3  G$XBR2$0$0                         lab3_2_Compass
     000000E3  _XBR2                              lab3_2_Compass
     000000E4  G$RCAP4L$0$0                       lab3_2_Compass
     000000E4  _RCAP4L                            lab3_2_Compass
     000000E5  G$RCAP4H$0$0                       lab3_2_Compass
     000000E5  _RCAP4H                            lab3_2_Compass
     000000E6  G$EIE1$0$0                         lab3_2_Compass
     000000E6  _EIE1                              lab3_2_Compass
     000000E7  G$EIE2$0$0                         lab3_2_Compass
     000000E7  _EIE2                              lab3_2_Compass
     000000E8  G$AD0LJST$0$0                      lab3_2_Compass
     000000E8  G$ADC0CN$0$0                       lab3_2_Compass
     000000E8  G$ADLJST$0$0                       lab3_2_Compass
     000000E8  _AD0LJST                           lab3_2_Compass
     000000E8  _ADC0CN                            lab3_2_Compass
     000000E8  _ADLJST                            lab3_2_Compass
     000000E9  G$AD0WINT$0$0                      lab3_2_Compass
     000000E9  G$ADWINT$0$0                       lab3_2_Compass
     000000E9  G$PCA0L$0$0                        lab3_2_Compass
     000000E9  _AD0WINT                           lab3_2_Compass
     000000E9  _ADWINT                            lab3_2_Compass
     000000E9  _PCA0L                             lab3_2_Compass
     000000EA  G$AD0CM0$0$0                       lab3_2_Compass
     000000EA  G$ADSTM0$0$0                       lab3_2_Compass
     000000EA  G$PCA0CPL0$0$0                     lab3_2_Compass
     000000EA  _AD0CM0                            lab3_2_Compass
     000000EA  _ADSTM0                            lab3_2_Compass
     000000EA  _PCA0CPL0                          lab3_2_Compass
     000000EB  G$AD0CM1$0$0                       lab3_2_Compass
     000000EB  G$ADSTM1$0$0                       lab3_2_Compass
     000000EB  G$PCA0CPL1$0$0                     lab3_2_Compass
ASxxxx Linker V03.00 + NoICE + sdld,  page 12.
Hexadecimal  [32-Bits]

Area                                    Addr        Size        Decimal Bytes (Attributes)
--------------------------------        ----        ----        ------- ----- ------------
.  .ABS.                            00000000    00000000 =           0. bytes (ABS,CON)

      Value  Global                              Global Defined In Module
      -----  --------------------------------   ------------------------
     000000EB  _AD0CM1                            lab3_2_Compass
     000000EB  _ADSTM1                            lab3_2_Compass
     000000EB  _PCA0CPL1                          lab3_2_Compass
     000000EC  G$AD0BUSY$0$0                      lab3_2_Compass
     000000EC  G$ADBUSY$0$0                       lab3_2_Compass
     000000EC  G$PCA0CPL2$0$0                     lab3_2_Compass
     000000EC  _AD0BUSY                           lab3_2_Compass
     000000EC  _ADBUSY                            lab3_2_Compass
     000000EC  _PCA0CPL2                          lab3_2_Compass
     000000ED  G$AD0INT$0$0                       lab3_2_Compass
     000000ED  G$ADCINT$0$0                       lab3_2_Compass
     000000ED  G$PCA0CPL3$0$0                     lab3_2_Compass
     000000ED  _AD0INT                            lab3_2_Compass
     000000ED  _ADCINT                            lab3_2_Compass
     000000ED  _PCA0CPL3                          lab3_2_Compass
     000000EE  G$AD0TM$0$0                        lab3_2_Compass
     000000EE  G$ADCTM$0$0                        lab3_2_Compass
     000000EE  G$PCA0CPL4$0$0                     lab3_2_Compass
     000000EE  _AD0TM                             lab3_2_Compass
     000000EE  _ADCTM                             lab3_2_Compass
     000000EE  _PCA0CPL4                          lab3_2_Compass
     000000EF  G$AD0EN$0$0                        lab3_2_Compass
     000000EF  G$ADCEN$0$0                        lab3_2_Compass
     000000EF  G$RSTSRC$0$0                       lab3_2_Compass
     000000EF  _AD0EN                             lab3_2_Compass
     000000EF  _ADCEN                             lab3_2_Compass
     000000EF  _RSTSRC                            lab3_2_Compass
     000000F0  G$B$0$0                            lab3_2_Compass
     000000F0  _B                                 lab3_2_Compass
     000000F1  G$SCON1$0$0                        lab3_2_Compass
     000000F1  _SCON1                             lab3_2_Compass
     000000F2  G$SBUF1$0$0                        lab3_2_Compass
     000000F2  _SBUF1                             lab3_2_Compass
     000000F3  G$SADDR1$0$0                       lab3_2_Compass
     000000F3  _SADDR1                            lab3_2_Compass
     000000F4  G$TL4$0$0                          lab3_2_Compass
     000000F4  _TL4                               lab3_2_Compass
     000000F5  G$TH4$0$0                          lab3_2_Compass
     000000F5  _B_5                               _gptrget
     000000F5  _TH4                               lab3_2_Compass
     000000F6  G$EIP1$0$0                         lab3_2_Compass
     000000F6  _B_6                               _gptrget
     000000F6  _EIP1                              lab3_2_Compass
     000000F7  G$EIP2$0$0                         lab3_2_Compass
     000000F7  _B_7                               _gptrget
     000000F7  _EIP2                              lab3_2_Compass
     000000F8  G$SPI0CN$0$0                       lab3_2_Compass
     000000F8  G$SPIEN$0$0                        lab3_2_Compass
     000000F8  _SPI0CN                            lab3_2_Compass
     000000F8  _SPIEN                             lab3_2_Compass
     000000F9  G$MSTEN$0$0                        lab3_2_Compass
ASxxxx Linker V03.00 + NoICE + sdld,  page 13.
Hexadecimal  [32-Bits]

Area                                    Addr        Size        Decimal Bytes (Attributes)
--------------------------------        ----        ----        ------- ----- ------------
.  .ABS.                            00000000    00000000 =           0. bytes (ABS,CON)

      Value  Global                              Global Defined In Module
      -----  --------------------------------   ------------------------
     000000F9  G$PCA0H$0$0                        lab3_2_Compass
     000000F9  _MSTEN                             lab3_2_Compass
     000000F9  _PCA0H                             lab3_2_Compass
     000000FA  G$PCA0CPH0$0$0                     lab3_2_Compass
     000000FA  G$SLVSEL$0$0                       lab3_2_Compass
     000000FA  _PCA0CPH0                          lab3_2_Compass
     000000FA  _SLVSEL                            lab3_2_Compass
     000000FB  G$PCA0CPH1$0$0                     lab3_2_Compass
     000000FB  G$TXBSY$0$0                        lab3_2_Compass
     000000FB  _PCA0CPH1                          lab3_2_Compass
     000000FB  _TXBSY                             lab3_2_Compass
     000000FC  G$PCA0CPH2$0$0                     lab3_2_Compass
     000000FC  G$RXOVRN$0$0                       lab3_2_Compass
     000000FC  _PCA0CPH2                          lab3_2_Compass
     000000FC  _RXOVRN                            lab3_2_Compass
     000000FD  G$MODF$0$0                         lab3_2_Compass
     000000FD  G$PCA0CPH3$0$0                     lab3_2_Compass
     000000FD  _MODF                              lab3_2_Compass
     000000FD  _PCA0CPH3                          lab3_2_Compass
     000000FE  G$PCA0CPH4$0$0                     lab3_2_Compass
     000000FE  G$WCOL$0$0                         lab3_2_Compass
     000000FE  _PCA0CPH4                          lab3_2_Compass
     000000FE  _WCOL                              lab3_2_Compass
     000000FF  G$SPIF$0$0                         lab3_2_Compass
     000000FF  G$WDTCN$0$0                        lab3_2_Compass
     000000FF  _SPIF                              lab3_2_Compass
     000000FF  _WDTCN                             lab3_2_Compass
     00008C8A  G$TMR0$0$0                         lab3_2_Compass
     00008C8A  _TMR0                              lab3_2_Compass
     00008D8B  G$TMR1$0$0                         lab3_2_Compass
     00008D8B  _TMR1                              lab3_2_Compass
     00009392  G$TMR3RL$0$0                       lab3_2_Compass
     00009392  _TMR3RL                            lab3_2_Compass
     00009594  G$TMR3$0$0                         lab3_2_Compass
     00009594  _TMR3                              lab3_2_Compass
     0000BFBE  G$ADC0$0$0                         lab3_2_Compass
     0000BFBE  _ADC0                              lab3_2_Compass
     0000C5C4  G$ADC0GT$0$0                       lab3_2_Compass
     0000C5C4  _ADC0GT                            lab3_2_Compass
     0000C7C6  G$ADC0LT$0$0                       lab3_2_Compass
     0000C7C6  _ADC0LT                            lab3_2_Compass
     0000CBCA  G$RCAP2$0$0                        lab3_2_Compass
     0000CBCA  _RCAP2                             lab3_2_Compass
     0000CDCC  G$TMR2$0$0                         lab3_2_Compass
     0000CDCC  _TMR2                              lab3_2_Compass
     0000D3D2  G$DAC0$0$0                         lab3_2_Compass
     0000D3D2  _DAC0                              lab3_2_Compass
     0000D6D5  G$DAC1$0$0                         lab3_2_Compass
     0000D6D5  _DAC1                              lab3_2_Compass
     0000E5E4  G$RCAP4$0$0                        lab3_2_Compass
     0000E5E4  _RCAP4                             lab3_2_Compass
ASxxxx Linker V03.00 + NoICE + sdld,  page 14.
Hexadecimal  [32-Bits]

Area                                    Addr        Size        Decimal Bytes (Attributes)
--------------------------------        ----        ----        ------- ----- ------------
.  .ABS.                            00000000    00000000 =           0. bytes (ABS,CON)

      Value  Global                              Global Defined In Module
      -----  --------------------------------   ------------------------
     0000F5F4  G$TMR4$0$0                         lab3_2_Compass
     0000F5F4  _TMR4                              lab3_2_Compass
     0000F9E9  G$PCA0$0$0                         lab3_2_Compass
     0000F9E9  _PCA0                              lab3_2_Compass
     0000FAEA  G$PCA0CP0$0$0                      lab3_2_Compass
     0000FAEA  _PCA0CP0                           lab3_2_Compass
     0000FBEB  G$PCA0CP1$0$0                      lab3_2_Compass
     0000FBEB  _PCA0CP1                           lab3_2_Compass
     0000FCEC  G$PCA0CP2$0$0                      lab3_2_Compass
     0000FCEC  _PCA0CP2                           lab3_2_Compass
     0000FDED  G$PCA0CP3$0$0                      lab3_2_Compass
     0000FDED  _PCA0CP3                           lab3_2_Compass
     0000FEEE  G$PCA0CP4$0$0                      lab3_2_Compass
     0000FEEE  _PCA0CP4                           lab3_2_Compass

ASxxxx Linker V03.00 + NoICE + sdld,  page 15.
Hexadecimal  [32-Bits]

Area                                    Addr        Size        Decimal Bytes (Attributes)
--------------------------------        ----        ----        ------- ----- ------------
BSEG_BYTES                          00000020    00000002 =           2. bytes (REL,CON)

      Value  Global                              Global Defined In Module
      -----  --------------------------------   ------------------------
ASxxxx Linker V03.00 + NoICE + sdld,  page 16.
Hexadecimal  [32-Bits]

Area                                    Addr        Size        Decimal Bytes (Attributes)
--------------------------------        ----        ----        ------- ----- ------------
REG_BANK_0                          00000000    00000008 =           8. bytes (REL,OVR)

      Value  Global                              Global Defined In Module
      -----  --------------------------------   ------------------------
ASxxxx Linker V03.00 + NoICE + sdld,  page 17.
Hexadecimal  [32-Bits]

Area                                    Addr        Size        Decimal Bytes (Attributes)
--------------------------------        ----        ----        ------- ----- ------------
DSEG                                00000000    0000007D =         125. bytes (REL,CON)

      Value  Global                              Global Defined In Module
      -----  --------------------------------   ------------------------
     00000008  _vsprintf_PARM_2                   sprintf
     0000000B  _vsprintf_PARM_3                   sprintf
     0000000F  _bp                                _bp
     00000010  _vprintf_PARM_2                    vprintf
     00000022  G$Data2$0$0                        lab3_2_Compass
     00000022  _Data2                             lab3_2_Compass
     00000025  Llab3_2_Compass.aligned_alloc$si   lab3_2_Compass
     00000025  _aligned_alloc_PARM_2              lab3_2_Compass
     00000027  Llab3_2_Compass.lcd_clear$NumByt   lab3_2_Compass
     00000028  Llab3_2_Compass.lcd_clear$Cmd$1$   lab3_2_Compass
     0000002A  Llab3_2_Compass.read_keypad$Data   lab3_2_Compass
     0000002C  Llab3_2_Compass.i2c_write_data$s   lab3_2_Compass
     0000002C  _i2c_write_data_PARM_2             lab3_2_Compass
     0000002D  Llab3_2_Compass.i2c_write_data$b   lab3_2_Compass
     0000002D  _i2c_write_data_PARM_3             lab3_2_Compass
     00000030  Llab3_2_Compass.i2c_write_data$n   lab3_2_Compass
     00000030  _i2c_write_data_PARM_4             lab3_2_Compass
     00000031  Llab3_2_Compass.i2c_read_data$st   lab3_2_Compass
     00000031  _i2c_read_data_PARM_2              lab3_2_Compass
     00000032  Llab3_2_Compass.i2c_read_data$bu   lab3_2_Compass
     00000032  _i2c_read_data_PARM_3              lab3_2_Compass
     00000035  Llab3_2_Compass.i2c_read_data$nu   lab3_2_Compass
     00000035  _i2c_read_data_PARM_4              lab3_2_Compass
     00000036  G$PW_CENTER$0$0                    lab3_2_Compass
     00000036  _PW_CENTER                         lab3_2_Compass
     00000038  G$PW_RIGHT$0$0                     lab3_2_Compass
     00000038  _PW_RIGHT                          lab3_2_Compass
     0000003A  G$PW_LEFT$0$0                      lab3_2_Compass
     0000003A  _PW_LEFT                           lab3_2_Compass
     0000003C  G$SERVO_PW$0$0                     lab3_2_Compass
     0000003C  _SERVO_PW                          lab3_2_Compass
     0000003E  G$count$0$0                        lab3_2_Compass
     0000003E  _count                             lab3_2_Compass
     00000040  G$bearing$0$0                      lab3_2_Compass
     00000040  _bearing                           lab3_2_Compass
     00000042  Llab3_2_Compass.ReadCompass$Data   lab3_2_Compass
     00000050  __print_format_PARM_2              printf_large
     00000053  __print_format_PARM_3              printf_large
     00000056  __print_format_PARM_4              printf_large
ASxxxx Linker V03.00 + NoICE + sdld,  page 18.
Hexadecimal  [32-Bits]

Area                                    Addr        Size        Decimal Bytes (Attributes)
--------------------------------        ----        ----        ------- ----- ------------
OSEG                                00000011    00000006 =           6. bytes (REL,OVR)

      Value  Global                              Global Defined In Module
      -----  --------------------------------   ------------------------
     00000011  __gptrput_PARM_2                   _gptrput
     00000011  __mulint_PARM_2                    _mulint

ASxxxx Linker V03.00 + NoICE + sdld,  page 19.
Hexadecimal  [32-Bits]

Area                                    Addr        Size        Decimal Bytes (Attributes)
--------------------------------        ----        ----        ------- ----- ------------
ISEG                                00000017    00000006 =           6. bytes (REL,CON)

      Value  Global                              Global Defined In Module
      -----  --------------------------------   ------------------------
ASxxxx Linker V03.00 + NoICE + sdld,  page 20.
Hexadecimal  [32-Bits]

Area                                    Addr        Size        Decimal Bytes (Attributes)
--------------------------------        ----        ----        ------- ----- ------------
SSEG                                0000005E    000000A2 =         162. bytes (REL,OVR)

      Value  Global                              Global Defined In Module
      -----  --------------------------------   ------------------------
     0000005E  __start__stack                     lab3_2_Compass

ASxxxx Linker V03.00 + NoICE + sdld,  page 21.
Hexadecimal  [32-Bits]

Area                                    Addr        Size        Decimal Bytes (Attributes)
--------------------------------        ----        ----        ------- ----- ------------
XSEG                                00000001    00000050 =          80. bytes (REL,CON,XDATA)

      Value  Global                              Global Defined In Module
      -----  --------------------------------   ------------------------
D:   00000001  Llab3_2_Compass.lcd_print$text$1   lab3_2_Compass

ASxxxx Linker V03.00 + NoICE + sdld,  page 22.
Hexadecimal  [32-Bits]

Area                                    Addr        Size        Decimal Bytes (Attributes)
--------------------------------        ----        ----        ------- ----- ------------
HOME                                00000000    00000051 =          81. bytes (REL,CON,CODE)

      Value  Global                              Global Defined In Module
      -----  --------------------------------   ------------------------
C:   00000000  A$lab3-2_Compass$1046              lab3_2_Compass
C:   00000003  A$lab3-2_Compass$1047              lab3_2_Compass
C:   0000000B  A$lab3-2_Compass$1049              lab3_2_Compass
C:   00000013  A$lab3-2_Compass$1051              lab3_2_Compass
C:   0000001B  A$lab3-2_Compass$1053              lab3_2_Compass
C:   00000023  A$lab3-2_Compass$1055              lab3_2_Compass
C:   0000002B  A$lab3-2_Compass$1057              lab3_2_Compass
C:   00000033  A$lab3-2_Compass$1059              lab3_2_Compass
C:   0000003B  A$lab3-2_Compass$1061              lab3_2_Compass
C:   00000043  A$lab3-2_Compass$1063              lab3_2_Compass
C:   0000004B  A$lab3-2_Compass$1065              lab3_2_Compass
C:   0000004E  A$lab3-2_Compass$1100              lab3_2_Compass
C:   0000004E  __sdcc_program_startup             lab3_2_Compass

ASxxxx Linker V03.00 + NoICE + sdld,  page 23.
Hexadecimal  [32-Bits]

Area                                    Addr        Size        Decimal Bytes (Attributes)
--------------------------------        ----        ----        ------- ----- ------------
GSINIT0                             00000051    00000003 =           3. bytes (REL,CON,CODE)

      Value  Global                              Global Defined In Module
      -----  --------------------------------   ------------------------
C:   00000051  __sdcc_gsinit_startup              

ASxxxx Linker V03.00 + NoICE + sdld,  page 24.
Hexadecimal  [32-Bits]

Area                                    Addr        Size        Decimal Bytes (Attributes)
--------------------------------        ----        ----        ------- ----- ------------
GSINIT2                             00000054    0000000A =          10. bytes (REL,CON,CODE)

      Value  Global                              Global Defined In Module
      -----  --------------------------------   ------------------------
ASxxxx Linker V03.00 + NoICE + sdld,  page 25.
Hexadecimal  [32-Bits]

Area                                    Addr        Size        Decimal Bytes (Attributes)
--------------------------------        ----        ----        ------- ----- ------------
GSINIT3                             0000005E    00000022 =          34. bytes (REL,CON,CODE)

      Value  Global                              Global Defined In Module
      -----  --------------------------------   ------------------------
C:   0000005E  __mcs51_genXINIT                   

ASxxxx Linker V03.00 + NoICE + sdld,  page 26.
Hexadecimal  [32-Bits]

Area                                    Addr        Size        Decimal Bytes (Attributes)
--------------------------------        ----        ----        ------- ----- ------------
GSINIT4                             00000080    0000002A =          42. bytes (REL,CON,CODE)

      Value  Global                              Global Defined In Module
      -----  --------------------------------   ------------------------
C:   00000080  __mcs51_genRAMCLEAR                
C:   00000086  __mcs51_genXRAMCLEAR               

ASxxxx Linker V03.00 + NoICE + sdld,  page 27.
Hexadecimal  [32-Bits]

Area                                    Addr        Size        Decimal Bytes (Attributes)
--------------------------------        ----        ----        ------- ----- ------------
GSINIT                              000000AA    0000000D =          13. bytes (REL,CON,CODE)

      Value  Global                              Global Defined In Module
      -----  --------------------------------   ------------------------
C:   000000AA  A$lab3-2_Compass$1081              lab3_2_Compass
C:   000000AA  C$lab3_2_Compass.c$35$1$131        lab3_2_Compass
C:   000000AB  A$lab3-2_Compass$1082              lab3_2_Compass
C:   000000AD  A$lab3-2_Compass$1083              lab3_2_Compass
C:   000000AF  A$lab3-2_Compass$1086              lab3_2_Compass
C:   000000AF  C$lab3_2_Compass.c$36$1$131        lab3_2_Compass
C:   000000B1  A$lab3-2_Compass$1087              lab3_2_Compass
C:   000000B3  A$lab3-2_Compass$1090              lab3_2_Compass
C:   000000B3  C$lab3_2_Compass.c$37$1$131        lab3_2_Compass
C:   000000B5  A$lab3-2_Compass$1091              lab3_2_Compass

ASxxxx Linker V03.00 + NoICE + sdld,  page 28.
Hexadecimal  [32-Bits]

Area                                    Addr        Size        Decimal Bytes (Attributes)
--------------------------------        ----        ----        ------- ----- ------------
GSFINAL                             000000B7    00000003 =           3. bytes (REL,CON,CODE)

      Value  Global                              Global Defined In Module
      -----  --------------------------------   ------------------------
C:   000000B7  A$lab3-2_Compass$1093              lab3_2_Compass

ASxxxx Linker V03.00 + NoICE + sdld,  page 29.
Hexadecimal  [32-Bits]

Area                                    Addr        Size        Decimal Bytes (Attributes)
--------------------------------        ----        ----        ------- ----- ------------
CSEG                                000000BA    00000D3A =        3386. bytes (REL,CON,CODE)

      Value  Global                              Global Defined In Module
      -----  --------------------------------   ------------------------
C:   000000BA  A$lab3-2_Compass$1128              lab3_2_Compass
C:   000000BA  C$c8051_SDCC.h$62$0$0              lab3_2_Compass
C:   000000BA  C$c8051_SDCC.h$66$1$2              lab3_2_Compass
C:   000000BA  G$SYSCLK_Init$0$0                  lab3_2_Compass
C:   000000BA  _SYSCLK_Init                       lab3_2_Compass
C:   000000BD  A$lab3-2_Compass$1131              lab3_2_Compass
C:   000000BD  C$c8051_SDCC.h$69$1$2              lab3_2_Compass
C:   000000BF  A$lab3-2_Compass$1132              lab3_2_Compass
C:   000000C1  A$lab3-2_Compass$1134              lab3_2_Compass
C:   000000C2  A$lab3-2_Compass$1135              lab3_2_Compass
C:   000000C4  A$lab3-2_Compass$1136              lab3_2_Compass
C:   000000C5  A$lab3-2_Compass$1137              lab3_2_Compass
C:   000000C6  A$lab3-2_Compass$1138              lab3_2_Compass
C:   000000C8  A$lab3-2_Compass$1139              lab3_2_Compass
C:   000000C9  A$lab3-2_Compass$1140              lab3_2_Compass
C:   000000CB  A$lab3-2_Compass$1141              lab3_2_Compass
C:   000000CD  A$lab3-2_Compass$1142              lab3_2_Compass
C:   000000CE  A$lab3-2_Compass$1143              lab3_2_Compass
C:   000000CF  A$lab3-2_Compass$1144              lab3_2_Compass
C:   000000D1  A$lab3-2_Compass$1148              lab3_2_Compass
C:   000000D1  C$c8051_SDCC.h$71$1$2              lab3_2_Compass
C:   000000D3  A$lab3-2_Compass$1149              lab3_2_Compass
C:   000000D6  A$lab3-2_Compass$1152              lab3_2_Compass
C:   000000D6  C$c8051_SDCC.h$73$1$2              lab3_2_Compass
C:   000000D9  A$lab3-2_Compass$1155              lab3_2_Compass
C:   000000D9  C$c8051_SDCC.h$76$1$2              lab3_2_Compass
C:   000000D9  XG$SYSCLK_Init$0$0                 lab3_2_Compass
C:   000000DA  A$lab3-2_Compass$1168              lab3_2_Compass
C:   000000DA  C$c8051_SDCC.h$84$1$2              lab3_2_Compass
C:   000000DA  C$c8051_SDCC.h$86$1$4              lab3_2_Compass
C:   000000DA  G$UART0_Init$0$0                   lab3_2_Compass
C:   000000DA  _UART0_Init                        lab3_2_Compass
C:   000000DD  A$lab3-2_Compass$1171              lab3_2_Compass
C:   000000DD  C$c8051_SDCC.h$87$1$4              lab3_2_Compass
C:   000000E0  A$lab3-2_Compass$1174              lab3_2_Compass
C:   000000E0  C$c8051_SDCC.h$88$1$4              lab3_2_Compass
C:   000000E3  A$lab3-2_Compass$1177              lab3_2_Compass
C:   000000E3  C$c8051_SDCC.h$89$1$4              lab3_2_Compass
C:   000000E5  A$lab3-2_Compass$1180              lab3_2_Compass
C:   000000E5  C$c8051_SDCC.h$90$1$4              lab3_2_Compass
C:   000000E8  A$lab3-2_Compass$1183              lab3_2_Compass
C:   000000E8  C$c8051_SDCC.h$91$1$4              lab3_2_Compass
C:   000000EB  A$lab3-2_Compass$1186              lab3_2_Compass
C:   000000EB  C$c8051_SDCC.h$93$1$4              lab3_2_Compass
C:   000000ED  A$lab3-2_Compass$1189              lab3_2_Compass
C:   000000ED  C$c8051_SDCC.h$94$1$4              lab3_2_Compass
C:   000000F0  A$lab3-2_Compass$1192              lab3_2_Compass
C:   000000F0  C$c8051_SDCC.h$95$1$4              lab3_2_Compass
C:   000000F0  XG$UART0_Init$0$0                  lab3_2_Compass
C:   000000F1  A$lab3-2_Compass$1205              lab3_2_Compass
ASxxxx Linker V03.00 + NoICE + sdld,  page 30.
Hexadecimal  [32-Bits]

Area                                    Addr        Size        Decimal Bytes (Attributes)
--------------------------------        ----        ----        ------- ----- ------------
CSEG                                000000BA    00000D3A =        3386. bytes (REL,CON,CODE)

      Value  Global                              Global Defined In Module
      -----  --------------------------------   ------------------------
C:   000000F1  C$c8051_SDCC.h$103$1$4             lab3_2_Compass
C:   000000F1  C$c8051_SDCC.h$105$1$6             lab3_2_Compass
C:   000000F1  G$Sys_Init$0$0                     lab3_2_Compass
C:   000000F1  _Sys_Init                          lab3_2_Compass
C:   000000F4  A$lab3-2_Compass$1208              lab3_2_Compass
C:   000000F4  C$c8051_SDCC.h$106$1$6             lab3_2_Compass
C:   000000F7  A$lab3-2_Compass$1211              lab3_2_Compass
C:   000000F7  C$c8051_SDCC.h$108$1$6             lab3_2_Compass
C:   000000FA  A$lab3-2_Compass$1214              lab3_2_Compass
C:   000000FA  C$c8051_SDCC.h$109$1$6             lab3_2_Compass
C:   000000FD  A$lab3-2_Compass$1217              lab3_2_Compass
C:   000000FD  C$c8051_SDCC.h$111$1$6             lab3_2_Compass
C:   00000100  A$lab3-2_Compass$1220              lab3_2_Compass
C:   00000100  C$c8051_SDCC.h$112$1$6             lab3_2_Compass
C:   00000103  A$lab3-2_Compass$1223              lab3_2_Compass
C:   00000103  C$c8051_SDCC.h$113$1$6             lab3_2_Compass
C:   00000103  XG$Sys_Init$0$0                    lab3_2_Compass
C:   00000104  A$lab3-2_Compass$1236              lab3_2_Compass
C:   00000104  C$c8051_SDCC.h$129$1$6             lab3_2_Compass
C:   00000104  G$putchar$0$0                      lab3_2_Compass
C:   00000104  _putchar                           lab3_2_Compass
C:   00000106  A$lab3-2_Compass$1242              lab3_2_Compass
C:   00000106  C$c8051_SDCC.h$132$1$8             lab3_2_Compass
C:   00000106  C$c8051_SDCC.h$133$1$8             lab3_2_Compass
C:   00000109  A$lab3-2_Compass$1243              lab3_2_Compass
C:   0000010B  A$lab3-2_Compass$1247              lab3_2_Compass
C:   0000010B  C$c8051_SDCC.h$134$1$8             lab3_2_Compass
C:   0000010D  A$lab3-2_Compass$1250              lab3_2_Compass
C:   0000010D  C$c8051_SDCC.h$135$1$8             lab3_2_Compass
C:   0000010D  XG$putchar$0$0                     lab3_2_Compass
C:   0000010E  A$lab3-2_Compass$1268              lab3_2_Compass
C:   0000010E  C$c8051_SDCC.h$154$1$8             lab3_2_Compass
C:   0000010E  C$c8051_SDCC.h$157$1$10            lab3_2_Compass
C:   0000010E  C$c8051_SDCC.h$158$1$10            lab3_2_Compass
C:   0000010E  G$getchar$0$0                      lab3_2_Compass
C:   00000111  A$lab3-2_Compass$1269              lab3_2_Compass
C:   00000113  A$lab3-2_Compass$1273              lab3_2_Compass
C:   00000113  C$c8051_SDCC.h$159$1$10            lab3_2_Compass
C:   00000115  A$lab3-2_Compass$1276              lab3_2_Compass
C:   00000115  C$c8051_SDCC.h$160$1$10            lab3_2_Compass
C:   00000117  A$lab3-2_Compass$1277              lab3_2_Compass
C:   00000119  A$lab3-2_Compass$1278              lab3_2_Compass
C:   0000011C  A$lab3-2_Compass$1279              lab3_2_Compass
C:   0000011E  A$lab3-2_Compass$1282              lab3_2_Compass
C:   0000011E  C$c8051_SDCC.h$161$1$10            lab3_2_Compass
C:   00000120  A$lab3-2_Compass$1285              lab3_2_Compass
C:   00000120  C$c8051_SDCC.h$162$1$10            lab3_2_Compass
C:   00000120  XG$getchar$0$0                     lab3_2_Compass
C:   00000121  A$lab3-2_Compass$1300              lab3_2_Compass
C:   00000121  C$c8051_SDCC.h$168$1$10            lab3_2_Compass
C:   00000121  C$c8051_SDCC.h$171$1$12            lab3_2_Compass
ASxxxx Linker V03.00 + NoICE + sdld,  page 31.
Hexadecimal  [32-Bits]

Area                                    Addr        Size        Decimal Bytes (Attributes)
--------------------------------        ----        ----        ------- ----- ------------
CSEG                                000000BA    00000D3A =        3386. bytes (REL,CON,CODE)

      Value  Global                              Global Defined In Module
      -----  --------------------------------   ------------------------
C:   00000121  G$getchar_nw$0$0                   lab3_2_Compass
C:   00000121  _getchar_nw                        lab3_2_Compass
C:   00000124  A$lab3-2_Compass$1301              lab3_2_Compass
C:   00000127  A$lab3-2_Compass$1302              lab3_2_Compass
C:   00000129  A$lab3-2_Compass$1306              lab3_2_Compass
C:   00000129  C$c8051_SDCC.h$174$2$13            lab3_2_Compass
C:   0000012B  A$lab3-2_Compass$1309              lab3_2_Compass
C:   0000012B  C$c8051_SDCC.h$175$2$13            lab3_2_Compass
C:   0000012E  A$lab3-2_Compass$1312              lab3_2_Compass
C:   0000012E  C$c8051_SDCC.h$176$2$13            lab3_2_Compass
C:   00000131  A$lab3-2_Compass$1315              lab3_2_Compass
C:   00000131  C$c8051_SDCC.h$177$2$13            lab3_2_Compass
C:   00000134  A$lab3-2_Compass$1319              lab3_2_Compass
C:   00000134  C$c8051_SDCC.h$179$1$12            lab3_2_Compass
C:   00000134  XG$getchar_nw$0$0                  lab3_2_Compass
C:   00000135  A$lab3-2_Compass$1336              lab3_2_Compass
C:   00000135  C$i2c.h$84$1$12                    lab3_2_Compass
C:   00000135  G$lcd_print$0$0                    lab3_2_Compass
C:   00000135  _lcd_print                         lab3_2_Compass
C:   00000137  A$lab3-2_Compass$1337              lab3_2_Compass
C:   0000013A  A$lab3-2_Compass$1340              lab3_2_Compass
C:   0000013A  C$i2c.h$90$1$81                    lab3_2_Compass
C:   0000013C  A$lab3-2_Compass$1341              lab3_2_Compass
C:   0000013E  A$lab3-2_Compass$1342              lab3_2_Compass
C:   0000013F  A$lab3-2_Compass$1343              lab3_2_Compass
C:   00000141  A$lab3-2_Compass$1344              lab3_2_Compass
C:   00000142  A$lab3-2_Compass$1345              lab3_2_Compass
C:   00000144  A$lab3-2_Compass$1346              lab3_2_Compass
C:   00000145  A$lab3-2_Compass$1347              lab3_2_Compass
C:   00000147  A$lab3-2_Compass$1348              lab3_2_Compass
C:   0000014A  A$lab3-2_Compass$1349              lab3_2_Compass
C:   0000014C  A$lab3-2_Compass$1350              lab3_2_Compass
C:   0000014F  A$lab3-2_Compass$1351              lab3_2_Compass
C:   00000151  A$lab3-2_Compass$1352              lab3_2_Compass
C:   00000153  A$lab3-2_Compass$1353              lab3_2_Compass
C:   00000155  A$lab3-2_Compass$1357              lab3_2_Compass
C:   00000155  C$i2c.h$92$2$82                    lab3_2_Compass
C:   00000157  A$lab3-2_Compass$1358              lab3_2_Compass
C:   00000159  A$lab3-2_Compass$1359              lab3_2_Compass
C:   0000015A  A$lab3-2_Compass$1360              lab3_2_Compass
C:   0000015C  A$lab3-2_Compass$1363              lab3_2_Compass
C:   0000015C  C$i2c.h$93$1$81                    lab3_2_Compass
C:   0000015E  A$lab3-2_Compass$1364              lab3_2_Compass
C:   00000160  A$lab3-2_Compass$1365              lab3_2_Compass
C:   00000161  A$lab3-2_Compass$1366              lab3_2_Compass
C:   00000163  A$lab3-2_Compass$1367              lab3_2_Compass
C:   00000164  A$lab3-2_Compass$1368              lab3_2_Compass
C:   00000166  A$lab3-2_Compass$1369              lab3_2_Compass
C:   00000167  A$lab3-2_Compass$1370              lab3_2_Compass
C:   00000169  A$lab3-2_Compass$1371              lab3_2_Compass
C:   0000016C  A$lab3-2_Compass$1372              lab3_2_Compass
ASxxxx Linker V03.00 + NoICE + sdld,  page 32.
Hexadecimal  [32-Bits]

Area                                    Addr        Size        Decimal Bytes (Attributes)
--------------------------------        ----        ----        ------- ----- ------------
CSEG                                000000BA    00000D3A =        3386. bytes (REL,CON,CODE)

      Value  Global                              Global Defined In Module
      -----  --------------------------------   ------------------------
C:   0000016F  A$lab3-2_Compass$1373              lab3_2_Compass
C:   00000172  A$lab3-2_Compass$1376              lab3_2_Compass
C:   00000172  C$i2c.h$96$1$81                    lab3_2_Compass
C:   00000175  A$lab3-2_Compass$1377              lab3_2_Compass
C:   00000178  A$lab3-2_Compass$1378              lab3_2_Compass
C:   0000017B  A$lab3-2_Compass$1379              lab3_2_Compass
C:   0000017D  A$lab3-2_Compass$1382              lab3_2_Compass
C:   0000017F  A$lab3-2_Compass$1384              lab3_2_Compass
C:   00000180  A$lab3-2_Compass$1385              lab3_2_Compass
C:   00000181  A$lab3-2_Compass$1386              lab3_2_Compass
C:   00000182  A$lab3-2_Compass$1387              lab3_2_Compass
C:   00000184  A$lab3-2_Compass$1390              lab3_2_Compass
C:   00000184  C$i2c.h$99$2$84                    lab3_2_Compass
C:   00000185  A$lab3-2_Compass$1391              lab3_2_Compass
C:   00000187  A$lab3-2_Compass$1392              lab3_2_Compass
C:   00000189  A$lab3-2_Compass$1393              lab3_2_Compass
C:   0000018A  A$lab3-2_Compass$1394              lab3_2_Compass
C:   0000018C  A$lab3-2_Compass$1395              lab3_2_Compass
C:   0000018E  A$lab3-2_Compass$1396              lab3_2_Compass
C:   0000018F  A$lab3-2_Compass$1397              lab3_2_Compass
C:   00000190  A$lab3-2_Compass$1398              lab3_2_Compass
C:   00000193  A$lab3-2_Compass$1399              lab3_2_Compass
C:   00000194  A$lab3-2_Compass$1400              lab3_2_Compass
C:   00000196  A$lab3-2_Compass$1401              lab3_2_Compass
C:   00000198  A$lab3-2_Compass$1402              lab3_2_Compass
C:   00000199  A$lab3-2_Compass$1403              lab3_2_Compass
C:   0000019B  A$lab3-2_Compass$1404              lab3_2_Compass
C:   0000019D  A$lab3-2_Compass$1405              lab3_2_Compass
C:   0000019F  A$lab3-2_Compass$1406              lab3_2_Compass
C:   000001A0  A$lab3-2_Compass$1410              lab3_2_Compass
C:   000001A0  C$i2c.h$97$1$81                    lab3_2_Compass
C:   000001A1  A$lab3-2_Compass$1411              lab3_2_Compass
C:   000001A3  A$lab3-2_Compass$1415              lab3_2_Compass
C:   000001A3  C$i2c.h$102$1$81                   lab3_2_Compass
C:   000001A6  A$lab3-2_Compass$1416              lab3_2_Compass
C:   000001A9  A$lab3-2_Compass$1417              lab3_2_Compass
C:   000001AC  A$lab3-2_Compass$1418              lab3_2_Compass
C:   000001AF  A$lab3-2_Compass$1419              lab3_2_Compass
C:   000001B1  A$lab3-2_Compass$1420              lab3_2_Compass
C:   000001B4  A$lab3-2_Compass$1421              lab3_2_Compass
C:   000001B7  A$lab3-2_Compass$1423              lab3_2_Compass
C:   000001B9  A$lab3-2_Compass$1426              lab3_2_Compass
C:   000001B9  C$i2c.h$103$1$81                   lab3_2_Compass
C:   000001B9  XG$lcd_print$0$0                   lab3_2_Compass
C:   000001BA  A$lab3-2_Compass$1442              lab3_2_Compass
C:   000001BA  C$i2c.h$106$1$81                   lab3_2_Compass
C:   000001BA  C$i2c.h$108$1$81                   lab3_2_Compass
C:   000001BA  G$lcd_clear$0$0                    lab3_2_Compass
C:   000001BA  _lcd_clear                         lab3_2_Compass
C:   000001BD  A$lab3-2_Compass$1446              lab3_2_Compass
C:   000001BD  C$i2c.h$110$1$85                   lab3_2_Compass
ASxxxx Linker V03.00 + NoICE + sdld,  page 33.
Hexadecimal  [32-Bits]

Area                                    Addr        Size        Decimal Bytes (Attributes)
--------------------------------        ----        ----        ------- ----- ------------
CSEG                                000000BA    00000D3A =        3386. bytes (REL,CON,CODE)

      Value  Global                              Global Defined In Module
      -----  --------------------------------   ------------------------
C:   000001BF  A$lab3-2_Compass$1447              lab3_2_Compass
C:   000001C1  A$lab3-2_Compass$1448              lab3_2_Compass
C:   000001C3  A$lab3-2_Compass$1449              lab3_2_Compass
C:   000001C6  A$lab3-2_Compass$1450              lab3_2_Compass
C:   000001C9  A$lab3-2_Compass$1451              lab3_2_Compass
C:   000001CC  A$lab3-2_Compass$1452              lab3_2_Compass
C:   000001CF  A$lab3-2_Compass$1453              lab3_2_Compass
C:   000001D2  A$lab3-2_Compass$1454              lab3_2_Compass
C:   000001D5  A$lab3-2_Compass$1455              lab3_2_Compass
C:   000001D8  A$lab3-2_Compass$1456              lab3_2_Compass
C:   000001DA  A$lab3-2_Compass$1460              lab3_2_Compass
C:   000001DA  C$i2c.h$112$1$85                   lab3_2_Compass
C:   000001DD  A$lab3-2_Compass$1463              lab3_2_Compass
C:   000001DD  C$i2c.h$113$1$85                   lab3_2_Compass
C:   000001E0  A$lab3-2_Compass$1464              lab3_2_Compass
C:   000001E3  A$lab3-2_Compass$1465              lab3_2_Compass
C:   000001E6  A$lab3-2_Compass$1466              lab3_2_Compass
C:   000001E9  A$lab3-2_Compass$1467              lab3_2_Compass
C:   000001EC  A$lab3-2_Compass$1468              lab3_2_Compass
C:   000001EF  A$lab3-2_Compass$1469              lab3_2_Compass
C:   000001F2  A$lab3-2_Compass$1472              lab3_2_Compass
C:   000001F2  C$i2c.h$114$1$85                   lab3_2_Compass
C:   000001F2  XG$lcd_clear$0$0                   lab3_2_Compass
C:   000001F3  A$lab3-2_Compass$1488              lab3_2_Compass
C:   000001F3  C$i2c.h$117$1$85                   lab3_2_Compass
C:   000001F3  C$i2c.h$121$1$86                   lab3_2_Compass
C:   000001F3  G$read_keypad$0$0                  lab3_2_Compass
C:   000001F3  _read_keypad                       lab3_2_Compass
C:   000001F6  A$lab3-2_Compass$1489              lab3_2_Compass
C:   000001F9  A$lab3-2_Compass$1490              lab3_2_Compass
C:   000001FC  A$lab3-2_Compass$1491              lab3_2_Compass
C:   000001FF  A$lab3-2_Compass$1492              lab3_2_Compass
C:   00000202  A$lab3-2_Compass$1493              lab3_2_Compass
C:   00000205  A$lab3-2_Compass$1494              lab3_2_Compass
C:   00000208  A$lab3-2_Compass$1497              lab3_2_Compass
C:   00000208  C$i2c.h$122$1$86                   lab3_2_Compass
C:   0000020A  A$lab3-2_Compass$1498              lab3_2_Compass
C:   0000020D  A$lab3-2_Compass$1499              lab3_2_Compass
C:   00000210  A$lab3-2_Compass$1500              lab3_2_Compass
C:   00000212  A$lab3-2_Compass$1504              lab3_2_Compass
C:   00000214  A$lab3-2_Compass$1505              lab3_2_Compass
C:   00000216  A$lab3-2_Compass$1509              lab3_2_Compass
C:   00000216  C$i2c.h$126$2$87                   lab3_2_Compass
C:   00000218  A$lab3-2_Compass$1510              lab3_2_Compass
C:   0000021A  A$lab3-2_Compass$1511              lab3_2_Compass
C:   0000021C  A$lab3-2_Compass$1512              lab3_2_Compass
C:   0000021E  A$lab3-2_Compass$1513              lab3_2_Compass
C:   00000220  A$lab3-2_Compass$1515              lab3_2_Compass
C:   00000221  A$lab3-2_Compass$1516              lab3_2_Compass
C:   00000222  A$lab3-2_Compass$1517              lab3_2_Compass
C:   00000223  A$lab3-2_Compass$1518              lab3_2_Compass
ASxxxx Linker V03.00 + NoICE + sdld,  page 34.
Hexadecimal  [32-Bits]

Area                                    Addr        Size        Decimal Bytes (Attributes)
--------------------------------        ----        ----        ------- ----- ------------
CSEG                                000000BA    00000D3A =        3386. bytes (REL,CON,CODE)

      Value  Global                              Global Defined In Module
      -----  --------------------------------   ------------------------
C:   00000224  A$lab3-2_Compass$1519              lab3_2_Compass
C:   00000225  A$lab3-2_Compass$1520              lab3_2_Compass
C:   00000226  A$lab3-2_Compass$1522              lab3_2_Compass
C:   00000229  A$lab3-2_Compass$1523              lab3_2_Compass
C:   0000022B  A$lab3-2_Compass$1524              lab3_2_Compass
C:   0000022D  A$lab3-2_Compass$1525              lab3_2_Compass
C:   0000022E  A$lab3-2_Compass$1526              lab3_2_Compass
C:   00000230  A$lab3-2_Compass$1527              lab3_2_Compass
C:   00000231  A$lab3-2_Compass$1528              lab3_2_Compass
C:   00000233  A$lab3-2_Compass$1529              lab3_2_Compass
C:   00000234  A$lab3-2_Compass$1530              lab3_2_Compass
C:   00000235  A$lab3-2_Compass$1531              lab3_2_Compass
C:   00000237  A$lab3-2_Compass$1534              lab3_2_Compass
C:   00000237  C$i2c.h$127$2$87                   lab3_2_Compass
C:   00000239  A$lab3-2_Compass$1535              lab3_2_Compass
C:   0000023A  A$lab3-2_Compass$1536              lab3_2_Compass
C:   0000023C  A$lab3-2_Compass$1537              lab3_2_Compass
C:   0000023E  A$lab3-2_Compass$1541              lab3_2_Compass
C:   0000023E  C$i2c.h$124$1$86                   lab3_2_Compass
C:   0000023F  A$lab3-2_Compass$1542              lab3_2_Compass
C:   00000241  A$lab3-2_Compass$1543              lab3_2_Compass
C:   00000244  A$lab3-2_Compass$1545              lab3_2_Compass
C:   00000246  A$lab3-2_Compass$1548              lab3_2_Compass
C:   00000246  C$i2c.h$130$1$86                   lab3_2_Compass
C:   00000248  A$lab3-2_Compass$1549              lab3_2_Compass
C:   0000024B  A$lab3-2_Compass$1550              lab3_2_Compass
[...]
C:   00000543  A$lab3-2_Compass$2235              lab3_2_Compass
C:   00000544  A$lab3-2_Compass$2236              lab3_2_Compass
C:   00000546  A$lab3-2_Compass$2237              lab3_2_Compass
C:   00000547  A$lab3-2_Compass$2238              lab3_2_Compass
C:   00000549  A$lab3-2_Compass$2239              lab3_2_Compass
C:   0000054B  A$lab3-2_Compass$2240              lab3_2_Compass
C:   0000054D  A$lab3-2_Compass$2241              lab3_2_Compass
C:   0000054F  A$lab3-2_Compass$2242              lab3_2_Compass
C:   00000552  A$lab3-2_Compass$2243              lab3_2_Compass
C:   00000554  A$lab3-2_Compass$2244              lab3_2_Compass
C:   00000556  A$lab3-2_Compass$2245              lab3_2_Compass
C:   00000558  A$lab3-2_Compass$2246              lab3_2_Compass
C:   0000055A  A$lab3-2_Compass$2247              lab3_2_Compass
C:   0000055C  A$lab3-2_Compass$2248              lab3_2_Compass
C:   0000055E  A$lab3-2_Compass$2249              lab3_2_Compass
C:   00000560  A$lab3-2_Compass$2250              lab3_2_Compass
C:   00000561  A$lab3-2_Compass$2251              lab3_2_Compass
C:   00000564  A$lab3-2_Compass$2254              lab3_2_Compass
C:   00000564  C$i2c.h$284$1$108                  lab3_2_Compass
C:   00000566  A$lab3-2_Compass$2257              lab3_2_Compass
C:   00000566  C$i2c.h$285$1$108                  lab3_2_Compass
C:   00000566  XG$i2c_read_data$0$0               lab3_2_Compass
C:   00000567  A$lab3-2_Compass$2270              lab3_2_Compass
C:   00000567  C$i2c.h$294$1$108                  lab3_2_Compass
C:   00000567  C$i2c.h$298$1$111                  lab3_2_Compass
C:   00000567  G$Accel_Init$0$0                   lab3_2_Compass
C:   00000567  _Accel_Init                        lab3_2_Compass
C:   0000056A  A$lab3-2_Compass$2273              lab3_2_Compass
C:   0000056A  C$i2c.h$300$1$111                  lab3_2_Compass
C:   0000056D  A$lab3-2_Compass$2276              lab3_2_Compass
C:   0000056D  C$i2c.h$301$1$111                  lab3_2_Compass
C:   00000570  A$lab3-2_Compass$2279              lab3_2_Compass
C:   00000570  C$i2c.h$302$1$111                  lab3_2_Compass
C:   00000573  A$lab3-2_Compass$2282              lab3_2_Compass
C:   00000573  C$i2c.h$304$1$111                  lab3_2_Compass
C:   00000576  A$lab3-2_Compass$2283              lab3_2_Compass
C:   00000579  A$lab3-2_Compass$2284              lab3_2_Compass
C:   0000057C  A$lab3-2_Compass$2285              lab3_2_Compass
C:   0000057F  A$lab3-2_Compass$2286              lab3_2_Compass
C:   00000582  A$lab3-2_Compass$2287              lab3_2_Compass
C:   00000585  A$lab3-2_Compass$2288              lab3_2_Compass
C:   00000588  A$lab3-2_Compass$2291              lab3_2_Compass
C:   00000588  C$i2c.h$310$1$111                  lab3_2_Compass
C:   00000588  XG$Accel_Init$0$0                  lab3_2_Compass
C:   00000589  A$lab3-2_Compass$2304              lab3_2_Compass
ASxxxx Linker V03.00 + NoICE + sdld,  page 45.
Hexadecimal  [32-Bits]

Area                                    Addr        Size        Decimal Bytes (Attributes)
--------------------------------        ----        ----        ------- ----- ------------
CSEG                                000000BA    00000D3A =        3386. bytes (REL,CON,CODE)

      Value  Global                              Global Defined In Module
      -----  --------------------------------   ------------------------
C:   00000589  C$i2c.h$313$1$111                  lab3_2_Compass
C:   00000589  C$i2c.h$318$1$113                  lab3_2_Compass
C:   00000589  G$Accel_Init_C$0$0                 lab3_2_Compass
C:   00000589  _Accel_Init_C                      lab3_2_Compass
C:   0000058C  A$lab3-2_Compass$2307              lab3_2_Compass
C:   0000058C  C$i2c.h$319$1$113                  lab3_2_Compass
C:   0000058F  A$lab3-2_Compass$2308              lab3_2_Compass
C:   00000592  A$lab3-2_Compass$2309              lab3_2_Compass
C:   00000595  A$lab3-2_Compass$2310              lab3_2_Compass
C:   00000598  A$lab3-2_Compass$2311              lab3_2_Compass
C:   0000059B  A$lab3-2_Compass$2312              lab3_2_Compass
C:   0000059E  A$lab3-2_Compass$2313              lab3_2_Compass
C:   000005A1  A$lab3-2_Compass$2316              lab3_2_Compass
C:   000005A1  C$i2c.h$321$1$113                  lab3_2_Compass
C:   000005A4  A$lab3-2_Compass$2319              lab3_2_Compass
C:   000005A4  C$i2c.h$323$1$113                  lab3_2_Compass
C:   000005A7  A$lab3-2_Compass$2322              lab3_2_Compass
C:   000005A7  C$i2c.h$325$1$113                  lab3_2_Compass
C:   000005AA  A$lab3-2_Compass$2325              lab3_2_Compass
C:   000005AA  C$i2c.h$326$1$113                  lab3_2_Compass
C:   000005AD  A$lab3-2_Compass$2326              lab3_2_Compass
C:   000005B0  A$lab3-2_Compass$2327              lab3_2_Compass
C:   000005B3  A$lab3-2_Compass$2328              lab3_2_Compass
C:   000005B6  A$lab3-2_Compass$2329              lab3_2_Compass
C:   000005B9  A$lab3-2_Compass$2330              lab3_2_Compass
C:   000005BC  A$lab3-2_Compass$2331              lab3_2_Compass
C:   000005BF  A$lab3-2_Compass$2334              lab3_2_Compass
C:   000005BF  C$i2c.h$328$1$113                  lab3_2_Compass
C:   000005BF  XG$Accel_Init_C$0$0                lab3_2_Compass
C:   000005C0  A$lab3-2_Compass$2347              lab3_2_Compass
C:   000005C0  C$lab3_2_Compass.c$48$1$113        lab3_2_Compass
C:   000005C0  C$lab3_2_Compass.c$51$1$120        lab3_2_Compass
C:   000005C0  G$main$0$0                         lab3_2_Compass
C:   000005C0  _main                              lab3_2_Compass
C:   000005C3  A$lab3-2_Compass$2350              lab3_2_Compass
C:   000005C3  C$lab3_2_Compass.c$52$1$120        lab3_2_Compass
C:   000005C6  A$lab3-2_Compass$2351              lab3_2_Compass
C:   000005C9  A$lab3-2_Compass$2354              lab3_2_Compass
C:   000005C9  C$lab3_2_Compass.c$53$1$120        lab3_2_Compass
C:   000005CC  A$lab3-2_Compass$2357              lab3_2_Compass
C:   000005CC  C$lab3_2_Compass.c$54$1$120        lab3_2_Compass
C:   000005CF  A$lab3-2_Compass$2360              lab3_2_Compass
C:   000005CF  C$lab3_2_Compass.c$55$1$120        lab3_2_Compass
C:   000005D2  A$lab3-2_Compass$2363              lab3_2_Compass
C:   000005D2  C$lab3_2_Compass.c$56$1$120        lab3_2_Compass
C:   000005D5  A$lab3-2_Compass$2366              lab3_2_Compass
C:   000005D5  C$lab3_2_Compass.c$58$1$120        lab3_2_Compass
C:   000005D7  A$lab3-2_Compass$2367              lab3_2_Compass
C:   000005D9  A$lab3-2_Compass$2368              lab3_2_Compass
C:   000005DB  A$lab3-2_Compass$2369              lab3_2_Compass
C:   000005DD  A$lab3-2_Compass$2370              lab3_2_Compass
ASxxxx Linker V03.00 + NoICE + sdld,  page 46.
Hexadecimal  [32-Bits]

Area                                    Addr        Size        Decimal Bytes (Attributes)
--------------------------------        ----        ----        ------- ----- ------------
CSEG                                000000BA    00000D3A =        3386. bytes (REL,CON,CODE)

      Value  Global                              Global Defined In Module
      -----  --------------------------------   ------------------------
C:   000005DF  A$lab3-2_Compass$2371              lab3_2_Compass
C:   000005E1  A$lab3-2_Compass$2372              lab3_2_Compass
C:   000005E4  A$lab3-2_Compass$2373              lab3_2_Compass
C:   000005E6  A$lab3-2_Compass$2374              lab3_2_Compass
C:   000005E8  A$lab3-2_Compass$2375              lab3_2_Compass
C:   000005EA  A$lab3-2_Compass$2381              lab3_2_Compass
C:   000005EA  C$lab3_2_Compass.c$61$1$120        lab3_2_Compass
C:   000005EA  C$lab3_2_Compass.c$63$2$121        lab3_2_Compass
C:   000005EC  A$lab3-2_Compass$2382              lab3_2_Compass
C:   000005EF  A$lab3-2_Compass$2385              lab3_2_Compass
C:   000005EF  C$lab3_2_Compass.c$65$3$122        lab3_2_Compass
C:   000005F2  A$lab3-2_Compass$2386              lab3_2_Compass
C:   000005F5  A$lab3-2_Compass$2387              lab3_2_Compass
C:   000005F8  A$lab3-2_Compass$2390              lab3_2_Compass
C:   000005F8  C$lab3_2_Compass.c$66$3$122        lab3_2_Compass
C:   000005FA  A$lab3-2_Compass$2391              lab3_2_Compass
C:   000005FC  A$lab3-2_Compass$2392              lab3_2_Compass
C:   000005FE  A$lab3-2_Compass$2393              lab3_2_Compass
C:   00000600  A$lab3-2_Compass$2394              lab3_2_Compass
C:   00000602  A$lab3-2_Compass$2395              lab3_2_Compass
C:   00000604  A$lab3-2_Compass$2396              lab3_2_Compass
C:   00000606  A$lab3-2_Compass$2397              lab3_2_Compass
C:   00000608  A$lab3-2_Compass$2398              lab3_2_Compass
C:   0000060B  A$lab3-2_Compass$2399              lab3_2_Compass
C:   0000060D  A$lab3-2_Compass$2400              lab3_2_Compass
C:   0000060F  A$lab3-2_Compass$2401              lab3_2_Compass
C:   00000611  A$lab3-2_Compass$2402              lab3_2_Compass
C:   00000613  A$lab3-2_Compass$2405              lab3_2_Compass
C:   00000613  C$lab3_2_Compass.c$70$1$120        lab3_2_Compass
C:   00000613  XG$main$0$0                        lab3_2_Compass
C:   00000614  A$lab3-2_Compass$2418              lab3_2_Compass
C:   00000614  C$lab3_2_Compass.c$77$1$120        lab3_2_Compass
C:   00000614  C$lab3_2_Compass.c$79$1$123        lab3_2_Compass
C:   00000614  G$Port_Init$0$0                    lab3_2_Compass
C:   00000614  _Port_Init                         lab3_2_Compass
C:   00000617  A$lab3-2_Compass$2421              lab3_2_Compass
C:   00000617  C$lab3_2_Compass.c$80$1$123        lab3_2_Compass
C:   0000061A  A$lab3-2_Compass$2424              lab3_2_Compass
C:   0000061A  C$lab3_2_Compass.c$81$1$123        lab3_2_Compass
C:   0000061D  A$lab3-2_Compass$2427              lab3_2_Compass
C:   0000061D  C$lab3_2_Compass.c$82$1$123        lab3_2_Compass
C:   0000061D  XG$Port_Init$0$0                   lab3_2_Compass
C:   0000061E  A$lab3-2_Compass$2440              lab3_2_Compass
C:   0000061E  C$lab3_2_Compass.c$89$1$123        lab3_2_Compass
C:   0000061E  C$lab3_2_Compass.c$91$1$124        lab3_2_Compass
C:   0000061E  G$XBR0_Init$0$0                    lab3_2_Compass
C:   0000061E  _XBR0_Init                         lab3_2_Compass
C:   00000621  A$lab3-2_Compass$2443              lab3_2_Compass
C:   00000621  C$lab3_2_Compass.c$93$1$124        lab3_2_Compass
C:   00000621  XG$XBR0_Init$0$0                   lab3_2_Compass
C:   00000622  A$lab3-2_Compass$2456              lab3_2_Compass
ASxxxx Linker V03.00 + NoICE + sdld,  page 47.
Hexadecimal  [32-Bits]

Area                                    Addr        Size        Decimal Bytes (Attributes)
--------------------------------        ----        ----        ------- ----- ------------
CSEG                                000000BA    00000D3A =        3386. bytes (REL,CON,CODE)

      Value  Global                              Global Defined In Module
      -----  --------------------------------   ------------------------
C:   00000622  C$lab3_2_Compass.c$100$1$124       lab3_2_Compass
C:   00000622  C$lab3_2_Compass.c$102$1$126       lab3_2_Compass
C:   00000622  G$PCA_Init$0$0                     lab3_2_Compass
C:   00000622  _PCA_Init                          lab3_2_Compass
C:   00000624  A$lab3-2_Compass$2459              lab3_2_Compass
C:   00000624  C$lab3_2_Compass.c$103$1$126       lab3_2_Compass
C:   00000627  A$lab3-2_Compass$2462              lab3_2_Compass
C:   00000627  C$lab3_2_Compass.c$104$1$126       lab3_2_Compass
C:   0000062A  A$lab3-2_Compass$2465              lab3_2_Compass
C:   0000062A  C$lab3_2_Compass.c$105$1$126       lab3_2_Compass
C:   0000062D  A$lab3-2_Compass$2468              lab3_2_Compass
C:   0000062D  C$lab3_2_Compass.c$106$1$126       lab3_2_Compass
C:   00000630  A$lab3-2_Compass$2469              lab3_2_Compass
C:   00000633  A$lab3-2_Compass$2472              lab3_2_Compass
C:   00000633  C$lab3_2_Compass.c$107$1$126       lab3_2_Compass
C:   00000636  A$lab3-2_Compass$2475              lab3_2_Compass
C:   00000636  C$lab3_2_Compass.c$108$1$126       lab3_2_Compass
C:   00000636  XG$PCA_Init$0$0                    lab3_2_Compass
C:   00000637  A$lab3-2_Compass$2486              lab3_2_Compass
C:   00000637  C$lab3_2_Compass.c$115$1$126       lab3_2_Compass
C:   00000637  G$PCA_ISR$0$0                      lab3_2_Compass
C:   00000637  _PCA_ISR                           lab3_2_Compass
C:   00000639  A$lab3-2_Compass$2487              lab3_2_Compass
C:   0000063B  A$lab3-2_Compass$2492              lab3_2_Compass
C:   0000063B  C$lab3_2_Compass.c$117$1$128       lab3_2_Compass
C:   0000063B  C$lab3_2_Compass.c$119$2$129       lab3_2_Compass
C:   0000063E  A$lab3-2_Compass$2493              lab3_2_Compass
C:   00000640  A$lab3-2_Compass$2497              lab3_2_Compass
C:   00000640  C$lab3_2_Compass.c$120$2$129       lab3_2_Compass
C:   00000643  A$lab3-2_Compass$2498              lab3_2_Compass
C:   00000646  A$lab3-2_Compass$2501              lab3_2_Compass
C:   00000646  C$lab3_2_Compass.c$121$2$129       lab3_2_Compass
C:   00000648  A$lab3-2_Compass$2502              lab3_2_Compass
C:   00000649  A$lab3-2_Compass$2503              lab3_2_Compass
C:   0000064C  A$lab3-2_Compass$2504              lab3_2_Compass
C:   0000064E  A$lab3-2_Compass$2509              lab3_2_Compass
C:   0000064E  C$lab3_2_Compass.c$124$1$128       lab3_2_Compass
C:   00000651  A$lab3-2_Compass$2510              lab3_2_Compass
C:   00000653  A$lab3-2_Compass$2511              lab3_2_Compass
C:   00000655  A$lab3-2_Compass$2514              lab3_2_Compass
C:   00000655  C$lab3_2_Compass.c$125$1$128       lab3_2_Compass
C:   00000655  XG$PCA_ISR$0$0                     lab3_2_Compass
C:   00000656  A$lab3-2_Compass$2535              lab3_2_Compass
C:   00000656  C$lab3_2_Compass.c$128$1$128       lab3_2_Compass
C:   00000656  C$lab3_2_Compass.c$133$1$130       lab3_2_Compass
C:   00000656  G$ReadCompass$0$0                  lab3_2_Compass
C:   00000656  _ReadCompass                       lab3_2_Compass
C:   00000659  A$lab3-2_Compass$2536              lab3_2_Compass
C:   0000065C  A$lab3-2_Compass$2537              lab3_2_Compass
C:   0000065F  A$lab3-2_Compass$2538              lab3_2_Compass
C:   00000662  A$lab3-2_Compass$2539              lab3_2_Compass
ASxxxx Linker V03.00 + NoICE + sdld,  page 48.
Hexadecimal  [32-Bits]

Area                                    Addr        Size        Decimal Bytes (Attributes)
--------------------------------        ----        ----        ------- ----- ------------
CSEG                                000000BA    00000D3A =        3386. bytes (REL,CON,CODE)

      Value  Global                              Global Defined In Module
      -----  --------------------------------   ------------------------
C:   00000665  A$lab3-2_Compass$2540              lab3_2_Compass
C:   00000668  A$lab3-2_Compass$2541              lab3_2_Compass
C:   0000066B  A$lab3-2_Compass$2544              lab3_2_Compass
C:   0000066B  C$lab3_2_Compass.c$134$1$130       lab3_2_Compass
C:   0000066D  A$lab3-2_Compass$2545              lab3_2_Compass
C:   0000066F  A$lab3-2_Compass$2546              lab3_2_Compass
C:   00000671  A$lab3-2_Compass$2547              lab3_2_Compass
C:   00000673  A$lab3-2_Compass$2548              lab3_2_Compass
C:   00000674  A$lab3-2_Compass$2549              lab3_2_Compass
C:   00000675  A$lab3-2_Compass$2550              lab3_2_Compass
C:   00000677  A$lab3-2_Compass$2551              lab3_2_Compass
C:   00000678  A$lab3-2_Compass$2552              lab3_2_Compass
C:   00000679  A$lab3-2_Compass$2553              lab3_2_Compass
C:   0000067B  A$lab3-2_Compass$2558              lab3_2_Compass
C:   0000067B  C$lab3_2_Compass.c$136$1$130       lab3_2_Compass
C:   0000067B  C$lab3_2_Compass.c$137$1$130       lab3_2_Compass
C:   0000067B  XG$ReadCompass$0$0                 lab3_2_Compass
C:   0000067C  A$lab3-2_Compass$2571              lab3_2_Compass
C:   0000067C  C$lab3_2_Compass.c$139$1$130       lab3_2_Compass
C:   0000067C  C$lab3_2_Compass.c$141$1$131       lab3_2_Compass
C:   0000067C  G$SMB_Init$0$0                     lab3_2_Compass
C:   0000067C  _SMB_Init                          lab3_2_Compass
C:   0000067F  A$lab3-2_Compass$2574              lab3_2_Compass
C:   0000067F  C$lab3_2_Compass.c$142$1$131       lab3_2_Compass
C:   00000681  A$lab3-2_Compass$2577              lab3_2_Compass
C:   00000681  C$lab3_2_Compass.c$143$1$131       lab3_2_Compass
C:   00000681  XG$SMB_Init$0$0                    lab3_2_Compass
C:   00000682  __gptrput                          _gptrput
C:   0000069D  __mulint                           _mulint
C:   0000069D  __mulint_dummy                     _mulint
C:   0000072A  _vsprintf                          sprintf
C:   00000767  _sprintf                           sprintf
C:   000007C0  _vprintf                           vprintf
C:   000007D9  _printf                            vprintf
C:   000008B0  __print_format                     printf_large
C:   00000DBC  _strlen                            _strlen
C:   00000DD4  __gptrget                          _gptrget
C:   00000DF0  __sdcc_external_startup            _startup

ASxxxx Linker V03.00 + NoICE + sdld,  page 49.
Hexadecimal  [32-Bits]

Area                                    Addr        Size        Decimal Bytes (Attributes)
--------------------------------        ----        ----        ------- ----- ------------
CONST                               00000DF4    00000062 =          98. bytes (REL,CON,CODE)

      Value  Global                              Global Defined In Module
      -----  --------------------------------   ------------------------
C:   00000DF4  Flab3_2_Compass$__str_0$0$0        lab3_2_Compass
C:   00000E0A  Flab3_2_Compass$__str_1$0$0        lab3_2_Compass
C:   00000E1A  Flab3_2_Compass$__str_2$0$0        lab3_2_Compass
C:   00000E1D  Flab3_2_Compass$__str_3$0$0        lab3_2_Compass
C:   00000E3C  Flab3_2_Compass$__str_4$0$0        lab3_2_Compass

ASxxxx Linker V03.00 + NoICE + sdld,  page 50.

Files Linked                              [ module(s) ]

C:\Users\Ethan\Documents\RPI Classes\Fall 2018\Embeded Control\Assignments\Lab 3\Lab3-2\lab3-2_Compass.rel
                                          [  ]


Libraries Linked                          [ object file ]

C:\Program Files\SDCC\bin\..\lib\small/mcs51.lib
                                          [ crtclear.rel ]
C:\Program Files\SDCC\bin\..\lib\small/mcs51.lib
                                          [ crtxinit.rel ]
C:\Program Files\SDCC\bin\..\lib\small/libsdcc.lib
                                          [ _gptrput.rel ]
C:\Program Files\SDCC\bin\..\lib\small/libint.lib
                                          [ _mulint.rel ]
C:\Program Files\SDCC\bin\..\lib\small/libsdcc.lib
                                          [ sprintf.rel ]
C:\Program Files\SDCC\bin\..\lib\small/mcs51.lib
                                          [ crtxclear.rel ]
C:\Program Files\SDCC\bin\..\lib\small/libsdcc.lib
                                          [ _bp.rel ]
C:\Program Files\SDCC\bin\..\lib\small/libsdcc.lib
                                          [ vprintf.rel ]
C:\Program Files\SDCC\bin\..\lib\small/libsdcc.lib
                                          [ printf_large.rel ]
C:\Program Files\SDCC\bin\..\lib\small/libsdcc.lib
                                          [ _strlen.rel ]
C:\Program Files\SDCC\bin\..\lib\small/mcs51.lib
                                          [ crtstart.rel ]
C:\Program Files\SDCC\bin\..\lib\small/libsdcc.lib
                                          [ _gptrget.rel ]
C:\Program Files\SDCC\bin\..\lib\small/libsdcc.lib
                                          [ _startup.rel ]

ASxxxx Linker V03.00 + NoICE + sdld,  page 51.

User Base Address Definitions

HOME = 0x0000
XSEG = 0x0001
PSEG = 0x0001
ISEG = 0x0000
BSEG = 0x0000

