ASxxxx Linker V03.00 + NoICE + sdld,  page 1.
Hexadecimal  [32-Bits]

Area                                    Addr        Size        Decimal Bytes (Attributes)
--------------------------------        ----        ----        ------- ----- ------------
CABS                                00000000    00000000 =           0. bytes (ABS,CON,CODE)

      Value  Global                              Global Defined In Module
      -----  --------------------------------   ------------------------
C:   00000000  l_BIT_BANK                      
C:   00000000  l_CABS                          
C:   00000000  l_GSINIT1                       
C:   00000000  l_GSINIT5                       
C:   00000000  l_IABS                          
C:   00000000  l_PSEG                          
C:   00000000  l_REG_BANK_1                    
C:   00000000  l_REG_BANK_2                    
C:   00000000  l_REG_BANK_3                    
C:   00000000  l_RSEG                          
C:   00000000  l_RSEG0                         
C:   00000000  l_RSEG1                         
C:   00000000  l_XABS                          
C:   00000000  l_XINIT                         
C:   00000000  l_XISEG                         
C:   00000000  l_XSEG                          
C:   00000000  l__CODE                         
C:   00000000  s_BSEG                          
C:   00000000  s_CABS                          
C:   00000000  s_DSEG                          
C:   00000000  s_HOME                          
C:   00000000  s_IABS                          
C:   00000000  s_REG_BANK_0                    
C:   00000000  s_RSEG                          
C:   00000000  s_RSEG0                         
C:   00000000  s_RSEG1                         
C:   00000000  s_XABS                          
C:   00000001  s_PSEG                          
C:   00000001  s_XISEG                         
C:   00000001  s_XSEG                          
C:   00000002  l_BSEG_BYTES                    
C:   00000003  l_GSFINAL                       
C:   00000003  l_GSINIT0                       
C:   00000006  l_ISEG                          
C:   00000006  l_OSEG                          
C:   00000008  l_REG_BANK_0                    
C:   00000008  s_REG_BANK_1                    
C:   0000000A  l_BSEG                          
C:   0000000A  l_GSINIT2                       
C:   0000000E  s_OSEG                          
C:   00000010  s_REG_BANK_2                    
C:   00000011  l_HOME                          
C:   00000011  s_GSINIT0                       
C:   00000014  s_GSINIT1                       
C:   00000014  s_GSINIT2                       
C:   00000014  s_ISEG                          
C:   00000018  s_BIT_BANK                      
C:   00000018  s_REG_BANK_3                    
C:   0000001E  s_GSINIT3                       
C:   00000020  s_BSEG_BYTES                    
ASxxxx Linker V03.00 + NoICE + sdld,  page 2.
Hexadecimal  [32-Bits]

Area                                    Addr        Size        Decimal Bytes (Attributes)
--------------------------------        ----        ----        ------- ----- ------------
CABS                                00000000    00000000 =           0. bytes (ABS,CON,CODE)

      Value  Global                              Global Defined In Module
      -----  --------------------------------   ------------------------
C:   00000020  s__CODE                         
C:   00000022  l_GSINIT3                       
C:   0000002A  l_GSINIT4                       
C:   0000002F  l_GSINIT                        
C:   00000040  s_GSINIT4                       
C:   00000067  s_SSEG                          
C:   0000006A  s_GSINIT                        
C:   0000006A  s_GSINIT5                       
C:   0000007A  l_DSEG                          
C:   00000099  l_SSEG                          
C:   00000099  s_GSFINAL                       
C:   0000009C  s_CSEG                          
C:   00000100  l_IRAM                          
C:   00000814  l_CONST                         
C:   00001605  l_CSEG                          
C:   000016A1  s_CONST                         
C:   00001EB5  s_XINIT                         

ASxxxx Linker V03.00 + NoICE + sdld,  page 3.
Hexadecimal  [32-Bits]

Area                                    Addr        Size        Decimal Bytes (Attributes)
--------------------------------        ----        ----        ------- ----- ------------
.  .ABS.                            00000000    00000000 =           0. bytes (ABS,CON)

      Value  Global                              Global Defined In Module
      -----  --------------------------------   ------------------------
     00000000  .__.ABS.                           _fsget1arg
     00000080  G$P0$0$0                           Lab2
     00000080  G$P0_0$0$0                         Lab2
     00000080  _P0                                Lab2
     00000080  _P0_0                              Lab2
     00000081  G$P0_1$0$0                         Lab2
     00000081  G$SP$0$0                           Lab2
     00000081  _P0_1                              Lab2
     00000081  _SP                                Lab2
     00000082  G$DPL$0$0                          Lab2
     00000082  G$P0_2$0$0                         Lab2
     00000082  _DPL                               Lab2
     00000082  _P0_2                              Lab2
     00000083  G$DPH$0$0                          Lab2
     00000083  G$P0_3$0$0                         Lab2
     00000083  _DPH                               Lab2
     00000083  _P0_3                              Lab2
     00000084  G$P0_4$0$0                         Lab2
     00000084  G$P4$0$0                           Lab2
     00000084  _P0_4                              Lab2
     00000084  _P4                                Lab2
     00000085  G$P0_5$0$0                         Lab2
     00000085  G$P5$0$0                           Lab2
     00000085  _P0_5                              Lab2
     00000085  _P5                                Lab2
     00000086  G$P0_6$0$0                         Lab2
     00000086  G$P6$0$0                           Lab2
     00000086  _P0_6                              Lab2
     00000086  _P6                                Lab2
     00000087  G$P0_7$0$0                         Lab2
     00000087  G$PCON$0$0                         Lab2
     00000087  _P0_7                              Lab2
     00000087  _PCON                              Lab2
     00000088  G$IT0$0$0                          Lab2
     00000088  G$TCON$0$0                         Lab2
     00000088  _IT0                               Lab2
     00000088  _TCON                              Lab2
     00000089  G$IE0$0$0                          Lab2
     00000089  G$TMOD$0$0                         Lab2
     00000089  _IE0                               Lab2
     00000089  _TMOD                              Lab2
     0000008A  G$IT1$0$0                          Lab2
     0000008A  G$TL0$0$0                          Lab2
     0000008A  _IT1                               Lab2
     0000008A  _TL0                               Lab2
     0000008B  G$IE1$0$0                          Lab2
     0000008B  G$TL1$0$0                          Lab2
     0000008B  _IE1                               Lab2
     0000008B  _TL1                               Lab2
     0000008C  G$TH0$0$0                          Lab2
ASxxxx Linker V03.00 + NoICE + sdld,  page 4.
Hexadecimal  [32-Bits]

Area                                    Addr        Size        Decimal Bytes (Attributes)
--------------------------------        ----        ----        ------- ----- ------------
.  .ABS.                            00000000    00000000 =           0. bytes (ABS,CON)

      Value  Global                              Global Defined In Module
      -----  --------------------------------   ------------------------
     0000008C  G$TR0$0$0                          Lab2
     0000008C  _TH0                               Lab2
     0000008C  _TR0                               Lab2
     0000008D  G$TF0$0$0                          Lab2
     0000008D  G$TH1$0$0                          Lab2
     0000008D  _TF0                               Lab2
     0000008D  _TH1                               Lab2
     0000008E  G$CKCON$0$0                        Lab2
     0000008E  G$TR1$0$0                          Lab2
     0000008E  _CKCON                             Lab2
     0000008E  _TR1                               Lab2
     0000008F  G$PSCTL$0$0                        Lab2
     0000008F  G$TF1$0$0                          Lab2
     0000008F  _PSCTL                             Lab2
     0000008F  _TF1                               Lab2
     00000090  G$P1$0$0                           Lab2
     00000090  G$P1_0$0$0                         Lab2
     00000090  _P1                                Lab2
     00000090  _P1_0                              Lab2
     00000091  G$P1_1$0$0                         Lab2
     00000091  G$TMR3CN$0$0                       Lab2
     00000091  _P1_1                              Lab2
     00000091  _TMR3CN                            Lab2
     00000092  G$P1_2$0$0                         Lab2
     00000092  G$TMR3RLL$0$0                      Lab2
     00000092  _P1_2                              Lab2
     00000092  _TMR3RLL                           Lab2
     00000093  G$P1_3$0$0                         Lab2
     00000093  G$TMR3RLH$0$0                      Lab2
     00000093  _P1_3                              Lab2
     00000093  _TMR3RLH                           Lab2
     00000094  G$P1_4$0$0                         Lab2
     00000094  G$TMR3L$0$0                        Lab2
     00000094  _P1_4                              Lab2
     00000094  _TMR3L                             Lab2
     00000095  G$P1_5$0$0                         Lab2
     00000095  G$TMR3H$0$0                        Lab2
     00000095  _P1_5                              Lab2
     00000095  _TMR3H                             Lab2
     00000096  G$P1_6$0$0                         Lab2
     00000096  G$P7$0$0                           Lab2
     00000096  _P1_6                              Lab2
     00000096  _P7                                Lab2
     00000097  G$P1_7$0$0                         Lab2
     00000097  _P1_7                              Lab2
     00000098  G$RI$0$0                           Lab2
     00000098  G$RI0$0$0                          Lab2
     00000098  G$SCON$0$0                         Lab2
     00000098  G$SCON0$0$0                        Lab2
     00000098  _RI                                Lab2
     00000098  _RI0                               Lab2
ASxxxx Linker V03.00 + NoICE + sdld,  page 5.
Hexadecimal  [32-Bits]

Area                                    Addr        Size        Decimal Bytes (Attributes)
--------------------------------        ----        ----        ------- ----- ------------
.  .ABS.                            00000000    00000000 =           0. bytes (ABS,CON)

      Value  Global                              Global Defined In Module
      -----  --------------------------------   ------------------------
     00000098  _SCON                              Lab2
     00000098  _SCON0                             Lab2
     00000099  G$SBUF$0$0                         Lab2
     00000099  G$SBUF0$0$0                        Lab2
     00000099  G$TI$0$0                           Lab2
     00000099  G$TI0$0$0                          Lab2
     00000099  _SBUF                              Lab2
     00000099  _SBUF0                             Lab2
     00000099  _TI                                Lab2
     00000099  _TI0                               Lab2
     0000009A  G$RB8$0$0                          Lab2
     0000009A  G$RB80$0$0                         Lab2
     0000009A  G$SPI0CFG$0$0                      Lab2
     0000009A  _RB8                               Lab2
     0000009A  _RB80                              Lab2
     0000009A  _SPI0CFG                           Lab2
     0000009B  G$SPI0DAT$0$0                      Lab2
     0000009B  G$TB8$0$0                          Lab2
     0000009B  G$TB80$0$0                         Lab2
     0000009B  _SPI0DAT                           Lab2
     0000009B  _TB8                               Lab2
     0000009B  _TB80                              Lab2
     0000009C  G$ADC1$0$0                         Lab2
     0000009C  G$REN$0$0                          Lab2
     0000009C  G$REN0$0$0                         Lab2
     0000009C  _ADC1                              Lab2
     0000009C  _REN                               Lab2
     0000009C  _REN0                              Lab2
     0000009D  G$MCE0$0$0                         Lab2
     0000009D  G$SM2$0$0                          Lab2
     0000009D  G$SM20$0$0                         Lab2
     0000009D  G$SPI0CKR$0$0                      Lab2
     0000009D  _MCE0                              Lab2
     0000009D  _SM2                               Lab2
     0000009D  _SM20                              Lab2
     0000009D  _SPI0CKR                           Lab2
     0000009E  G$CPT0CN$0$0                       Lab2
     0000009E  G$SM1$0$0                          Lab2
     0000009E  G$SM10$0$0                         Lab2
     0000009E  _CPT0CN                            Lab2
     0000009E  _SM1                               Lab2
     0000009E  _SM10                              Lab2
     0000009F  G$CPT1CN$0$0                       Lab2
     0000009F  G$S0MODE$0$0                       Lab2
     0000009F  G$SM0$0$0                          Lab2
     0000009F  G$SM00$0$0                         Lab2
     0000009F  _CPT1CN                            Lab2
     0000009F  _S0MODE                            Lab2
     0000009F  _SM0                               Lab2
     0000009F  _SM00                              Lab2
     000000A0  G$P2$0$0                           Lab2
ASxxxx Linker V03.00 + NoICE + sdld,  page 6.
Hexadecimal  [32-Bits]

Area                                    Addr        Size        Decimal Bytes (Attributes)
--------------------------------        ----        ----        ------- ----- ------------
.  .ABS.                            00000000    00000000 =           0. bytes (ABS,CON)

      Value  Global                              Global Defined In Module
      -----  --------------------------------   ------------------------
     000000A0  G$P2_0$0$0                         Lab2
     000000A0  G$SS0$0$0                          Lab2
     000000A0  _P2                                Lab2
     000000A0  _P2_0                              Lab2
     000000A0  _SS0                               Lab2
     000000A1  G$EMI0TC$0$0                       Lab2
     000000A1  G$P2_1$0$0                         Lab2
     000000A1  G$SS1$0$0                          Lab2
     000000A1  _EMI0TC                            Lab2
     000000A1  _P2_1                              Lab2
     000000A1  _SS1                               Lab2
     000000A2  G$P2_2$0$0                         Lab2
     000000A2  _P2_2                              Lab2
     000000A3  G$EMI0CF$0$0                       Lab2
     000000A3  G$P2_3$0$0                         Lab2
     000000A3  _EMI0CF                            Lab2
     000000A3  _P2_3                              Lab2
     000000A4  G$P0MDOUT$0$0                      Lab2
     000000A4  G$P2_4$0$0                         Lab2
     000000A4  G$PRT0CF$0$0                       Lab2
     000000A4  _P0MDOUT                           Lab2
     000000A4  _P2_4                              Lab2
     000000A4  _PRT0CF                            Lab2
     000000A5  G$P1MDOUT$0$0                      Lab2
     000000A5  G$P2_5$0$0                         Lab2
     000000A5  G$PRT1CF$0$0                       Lab2
     000000A5  _P1MDOUT                           Lab2
     000000A5  _P2_5                              Lab2
     000000A5  _PRT1CF                            Lab2
     000000A6  G$P2MDOUT$0$0                      Lab2
     000000A6  G$P2_6$0$0                         Lab2
     000000A6  G$PRT2CF$0$0                       Lab2
     000000A6  _P2MDOUT                           Lab2
     000000A6  _P2_6                              Lab2
     000000A6  _PRT2CF                            Lab2
     000000A7  G$P2_7$0$0                         Lab2
     000000A7  G$P3MDOUT$0$0                      Lab2
     000000A7  G$PRT3CF$0$0                       Lab2
     000000A7  _P2_7                              Lab2
     000000A7  _P3MDOUT                           Lab2
     000000A7  _PRT3CF                            Lab2
     000000A8  G$EX0$0$0                          Lab2
     000000A8  G$IE$0$0                           Lab2
     000000A8  _EX0                               Lab2
     000000A8  _IE                                Lab2
     000000A9  G$ET0$0$0                          Lab2
     000000A9  G$SADDR0$0$0                       Lab2
     000000A9  _ET0                               Lab2
     000000A9  _SADDR0                            Lab2
     000000AA  G$ADC1CN$0$0                       Lab2
     000000AA  G$EX1$0$0                          Lab2
ASxxxx Linker V03.00 + NoICE + sdld,  page 7.
Hexadecimal  [32-Bits]

Area                                    Addr        Size        Decimal Bytes (Attributes)
--------------------------------        ----        ----        ------- ----- ------------
.  .ABS.                            00000000    00000000 =           0. bytes (ABS,CON)

      Value  Global                              Global Defined In Module
      -----  --------------------------------   ------------------------
     000000AA  _ADC1CN                            Lab2
     000000AA  _EX1                               Lab2
     000000AB  G$ADC1CF$0$0                       Lab2
     000000AB  G$ET1$0$0                          Lab2
     000000AB  _ADC1CF                            Lab2
     000000AB  _ET1                               Lab2
     000000AC  G$AMX1SL$0$0                       Lab2
     000000AC  G$ES$0$0                           Lab2
     000000AC  G$ES0$0$0                          Lab2
     000000AC  _AMX1SL                            Lab2
     000000AC  _ES                                Lab2
     000000AC  _ES0                               Lab2
     000000AD  G$ET2$0$0                          Lab2
     000000AD  G$P3IF$0$0                         Lab2
     000000AD  _ET2                               Lab2
     000000AD  _P3IF                              Lab2
     000000AE  G$SADEN1$0$0                       Lab2
     000000AE  _SADEN1                            Lab2
     000000AF  G$EA$0$0                           Lab2
     000000AF  G$EMI0CN$0$0                       Lab2
     000000AF  G$_XPAGE$0$0                       Lab2
     000000AF  _EA                                Lab2
     000000AF  _EMI0CN                            Lab2
     000000AF  __XPAGE                            Lab2
     000000B0  G$P3$0$0                           Lab2
     000000B0  G$P3_0$0$0                         Lab2
     000000B0  G$PB0$0$0                          Lab2
     000000B0  _P3                                Lab2
     000000B0  _P3_0                              Lab2
     000000B0  _PB0                               Lab2
     000000B1  G$OSCXCN$0$0                       Lab2
     000000B1  G$P3_1$0$0                         Lab2
     000000B1  _OSCXCN                            Lab2
     000000B1  _P3_1                              Lab2
     000000B2  G$LED3$0$0                         Lab2
     000000B2  G$OSCICN$0$0                       Lab2
     000000B2  G$P3_2$0$0                         Lab2
     000000B2  _LED3                              Lab2
     000000B2  _OSCICN                            Lab2
     000000B2  _P3_2                              Lab2
     000000B3  G$BILED0$0$0                       Lab2
     000000B3  G$P3_3$0$0                         Lab2
     000000B3  _BILED0                            Lab2
     000000B3  _P3_3                              Lab2
     000000B4  G$BILED1$0$0                       Lab2
     000000B4  G$P3_4$0$0                         Lab2
     000000B4  _BILED1                            Lab2
     000000B4  _P3_4                              Lab2
     000000B5  G$LED1$0$0                         Lab2
     000000B5  G$P3_5$0$0                         Lab2
     000000B5  G$P74OUT$0$0                       Lab2
ASxxxx Linker V03.00 + NoICE + sdld,  page 8.
Hexadecimal  [32-Bits]

Area                                    Addr        Size        Decimal Bytes (Attributes)
--------------------------------        ----        ----        ------- ----- ------------
.  .ABS.                            00000000    00000000 =           0. bytes (ABS,CON)

      Value  Global                              Global Defined In Module
      -----  --------------------------------   ------------------------
     000000B5  _LED1                              Lab2
     000000B5  _P3_5                              Lab2
     000000B5  _P74OUT                            Lab2
     000000B6  G$FLSCL$0$0                        Lab2
     000000B6  G$LED0$0$0                         Lab2
     000000B6  G$P3_6$0$0                         Lab2
     000000B6  _FLSCL                             Lab2
     000000B6  _LED0                              Lab2
     000000B6  _P3_6                              Lab2
     000000B7  G$FLACL$0$0                        Lab2
     000000B7  G$LED2$0$0                         Lab2
     000000B7  G$P3_7$0$0                         Lab2
     000000B7  _FLACL                             Lab2
     000000B7  _LED2                              Lab2
     000000B7  _P3_7                              Lab2
     000000B8  G$IP$0$0                           Lab2
     000000B8  G$PX0$0$0                          Lab2
     000000B8  _IP                                Lab2
     000000B8  _PX0                               Lab2
     000000B9  G$PT0$0$0                          Lab2
     000000B9  G$SADEN0$0$0                       Lab2
     000000B9  _PT0                               Lab2
     000000B9  _SADEN0                            Lab2
     000000BA  G$AMX0CF$0$0                       Lab2
     000000BA  G$PX1$0$0                          Lab2
     000000BA  _AMX0CF                            Lab2
     000000BA  _PX1                               Lab2
     000000BB  G$AMX0SL$0$0                       Lab2
     000000BB  G$PT1$0$0                          Lab2
     000000BB  _AMX0SL                            Lab2
     000000BB  _PT1                               Lab2
     000000BC  G$ADC0CF$0$0                       Lab2
     000000BC  G$PS$0$0                           Lab2
     000000BC  G$PS0$0$0                          Lab2
     000000BC  _ADC0CF                            Lab2
     000000BC  _PS                                Lab2
     000000BC  _PS0                               Lab2
     000000BD  G$P1MDIN$0$0                       Lab2
     000000BD  G$PT2$0$0                          Lab2
     000000BD  _P1MDIN                            Lab2
     000000BD  _PT2                               Lab2
     000000BE  G$ADC0L$0$0                        Lab2
     000000BE  _ADC0L                             Lab2
     000000BF  G$ADC0H$0$0                        Lab2
     000000BF  _ADC0H                             Lab2
     000000C0  G$SMB0CN$0$0                       Lab2
     000000C0  G$SMBTOE$0$0                       Lab2
     000000C0  _SMB0CN                            Lab2
     000000C0  _SMBTOE                            Lab2
     000000C1  G$SMB0STA$0$0                      Lab2
     000000C1  G$SMBFTE$0$0                       Lab2
ASxxxx Linker V03.00 + NoICE + sdld,  page 9.
Hexadecimal  [32-Bits]

Area                                    Addr        Size        Decimal Bytes (Attributes)
--------------------------------        ----        ----        ------- ----- ------------
.  .ABS.                            00000000    00000000 =           0. bytes (ABS,CON)

      Value  Global                              Global Defined In Module
      -----  --------------------------------   ------------------------
     000000C1  _SMB0STA                           Lab2
     000000C1  _SMBFTE                            Lab2
     000000C2  G$AA$0$0                           Lab2
     000000C2  G$SMB0DAT$0$0                      Lab2
     000000C2  _AA                                Lab2
     000000C2  _SMB0DAT                           Lab2
     000000C3  G$SI$0$0                           Lab2
     000000C3  G$SMB0ADR$0$0                      Lab2
     000000C3  _SI                                Lab2
     000000C3  _SMB0ADR                           Lab2
     000000C4  G$ADC0GTL$0$0                      Lab2
     000000C4  G$STO$0$0                          Lab2
     000000C4  _ADC0GTL                           Lab2
     000000C4  _STO                               Lab2
     000000C5  G$ADC0GTH$0$0                      Lab2
     000000C5  G$STA$0$0                          Lab2
     000000C5  _ADC0GTH                           Lab2
     000000C5  _STA                               Lab2
     000000C6  G$ADC0LTL$0$0                      Lab2
     000000C6  G$ENSMB$0$0                        Lab2
     000000C6  _ADC0LTL                           Lab2
     000000C6  _ENSMB                             Lab2
     000000C7  G$ADC0LTH$0$0                      Lab2
     000000C7  G$BUSY$0$0                         Lab2
     000000C7  _ADC0LTH                           Lab2
     000000C7  _BUSY                              Lab2
     000000C8  G$CPRL2$0$0                        Lab2
     000000C8  G$T2CON$0$0                        Lab2
     000000C8  _CPRL2                             Lab2
     000000C8  _T2CON                             Lab2
     000000C9  G$CT2$0$0                          Lab2
     000000C9  G$T4CON$0$0                        Lab2
     000000C9  _CT2                               Lab2
     000000C9  _T4CON                             Lab2
     000000CA  G$RCAP2L$0$0                       Lab2
     000000CA  G$TR2$0$0                          Lab2
     000000CA  _RCAP2L                            Lab2
     000000CA  _TR2                               Lab2
     000000CB  G$EXEN2$0$0                        Lab2
     000000CB  G$RCAP2H$0$0                       Lab2
     000000CB  _EXEN2                             Lab2
     000000CB  _RCAP2H                            Lab2
     000000CC  G$TCLK$0$0                         Lab2
     000000CC  G$TL2$0$0                          Lab2
     000000CC  _TCLK                              Lab2
     000000CC  _TL2                               Lab2
     000000CD  G$RCLK$0$0                         Lab2
     000000CD  G$TH2$0$0                          Lab2
     000000CD  _RCLK                              Lab2
     000000CD  _TH2                               Lab2
     000000CE  G$EXF2$0$0                         Lab2
ASxxxx Linker V03.00 + NoICE + sdld,  page 10.
Hexadecimal  [32-Bits]

Area                                    Addr        Size        Decimal Bytes (Attributes)
--------------------------------        ----        ----        ------- ----- ------------
.  .ABS.                            00000000    00000000 =           0. bytes (ABS,CON)

      Value  Global                              Global Defined In Module
      -----  --------------------------------   ------------------------
     000000CE  _EXF2                              Lab2
     000000CF  G$SMB0CR$0$0                       Lab2
     000000CF  G$TF2$0$0                          Lab2
     000000CF  _SMB0CR                            Lab2
     000000CF  _TF2                               Lab2
     000000D0  G$P$0$0                            Lab2
     000000D0  G$PSW$0$0                          Lab2
     000000D0  _P                                 Lab2
     000000D0  _PSW                               Lab2
     000000D1  G$F1$0$0                           Lab2
     000000D1  G$REF0CN$0$0                       Lab2
     000000D1  _F1                                Lab2
     000000D1  _REF0CN                            Lab2
     000000D2  G$DAC0L$0$0                        Lab2
     000000D2  G$OV$0$0                           Lab2
     000000D2  _DAC0L                             Lab2
     000000D2  _OV                                Lab2
     000000D3  G$DAC0H$0$0                        Lab2
     000000D3  G$RS0$0$0                          Lab2
     000000D3  _DAC0H                             Lab2
     000000D3  _RS0                               Lab2
     000000D4  G$DAC0CN$0$0                       Lab2
     000000D4  G$RS1$0$0                          Lab2
     000000D4  _DAC0CN                            Lab2
     000000D4  _RS1                               Lab2
     000000D5  G$DAC1L$0$0                        Lab2
     000000D5  G$F0$0$0                           Lab2
     000000D5  _DAC1L                             Lab2
     000000D5  _F0                                Lab2
     000000D6  G$AC$0$0                           Lab2
     000000D6  G$DAC1H$0$0                        Lab2
     000000D6  _AC                                Lab2
     000000D6  _DAC1H                             Lab2
     000000D7  G$CY$0$0                           Lab2
     000000D7  G$DAC1CN$0$0                       Lab2
     000000D7  _CY                                Lab2
     000000D7  _DAC1CN                            Lab2
     000000D8  G$CCF0$0$0                         Lab2
     000000D8  G$PCA0CN$0$0                       Lab2
     000000D8  _CCF0                              Lab2
     000000D8  _PCA0CN                            Lab2
     000000D9  G$CCF1$0$0                         Lab2
     000000D9  G$PCA0MD$0$0                       Lab2
     000000D9  _CCF1                              Lab2
     000000D9  _PCA0MD                            Lab2
     000000DA  G$CCF2$0$0                         Lab2
     000000DA  G$PCA0CPM0$0$0                     Lab2
     000000DA  _CCF2                              Lab2
     000000DA  _PCA0CPM0                          Lab2
     000000DB  G$CCF3$0$0                         Lab2
     000000DB  G$PCA0CPM1$0$0                     Lab2
ASxxxx Linker V03.00 + NoICE + sdld,  page 11.
Hexadecimal  [32-Bits]

Area                                    Addr        Size        Decimal Bytes (Attributes)
--------------------------------        ----        ----        ------- ----- ------------
.  .ABS.                            00000000    00000000 =           0. bytes (ABS,CON)

      Value  Global                              Global Defined In Module
      -----  --------------------------------   ------------------------
     000000DB  _CCF3                              Lab2
     000000DB  _PCA0CPM1                          Lab2
     000000DC  G$CCF4$0$0                         Lab2
     000000DC  G$PCA0CPM2$0$0                     Lab2
     000000DC  _CCF4                              Lab2
     000000DC  _PCA0CPM2                          Lab2
     000000DD  G$PCA0CPM3$0$0                     Lab2
     000000DD  _PCA0CPM3                          Lab2
     000000DE  G$CR$0$0                           Lab2
     000000DE  G$PCA0CPM4$0$0                     Lab2
     000000DE  _CR                                Lab2
     000000DE  _PCA0CPM4                          Lab2
     000000DF  G$CF$0$0                           Lab2
     000000DF  _CF                                Lab2
     000000E0  G$ACC$0$0                          Lab2
     000000E0  _ACC                               Lab2
     000000E1  G$XBR0$0$0                         Lab2
     000000E1  _XBR0                              Lab2
     000000E2  G$XBR1$0$0                         Lab2
     000000E2  _XBR1                              Lab2
     000000E3  G$XBR2$0$0                         Lab2
     000000E3  _XBR2                              Lab2
     000000E4  G$RCAP4L$0$0                       Lab2
     000000E4  _RCAP4L                            Lab2
     000000E5  G$RCAP4H$0$0                       Lab2
     000000E5  _RCAP4H                            Lab2
     000000E6  G$EIE1$0$0                         Lab2
     000000E6  _EIE1                              Lab2
     000000E7  G$EIE2$0$0                         Lab2
     000000E7  _EIE2                              Lab2
     000000E8  G$AD0LJST$0$0                      Lab2
     000000E8  G$ADC0CN$0$0                       Lab2
     000000E8  G$ADLJST$0$0                       Lab2
     000000E8  _AD0LJST                           Lab2
     000000E8  _ADC0CN                            Lab2
     000000E8  _ADLJST                            Lab2
     000000E9  G$AD0WINT$0$0                      Lab2
     000000E9  G$ADWINT$0$0                       Lab2
     000000E9  G$PCA0L$0$0                        Lab2
     000000E9  _AD0WINT                           Lab2
     000000E9  _ADWINT                            Lab2
     000000E9  _PCA0L                             Lab2
     000000EA  G$AD0CM0$0$0                       Lab2
     000000EA  G$ADSTM0$0$0                       Lab2
     000000EA  G$PCA0CPL0$0$0                     Lab2
     000000EA  _AD0CM0                            Lab2
     000000EA  _ADSTM0                            Lab2
     000000EA  _PCA0CPL0                          Lab2
     000000EB  G$AD0CM1$0$0                       Lab2
     000000EB  G$ADSTM1$0$0                       Lab2
     000000EB  G$PCA0CPL1$0$0                     Lab2
ASxxxx Linker V03.00 + NoICE + sdld,  page 12.
Hexadecimal  [32-Bits]

Area                                    Addr        Size        Decimal Bytes (Attributes)
--------------------------------        ----        ----        ------- ----- ------------
.  .ABS.                            00000000    00000000 =           0. bytes (ABS,CON)

      Value  Global                              Global Defined In Module
      -----  --------------------------------   ------------------------
     000000EB  _AD0CM1                            Lab2
     000000EB  _ADSTM1                            Lab2
     000000EB  _PCA0CPL1                          Lab2
     000000EC  G$AD0BUSY$0$0                      Lab2
     000000EC  G$ADBUSY$0$0                       Lab2
     000000EC  G$PCA0CPL2$0$0                     Lab2
     000000EC  _AD0BUSY                           Lab2
     000000EC  _ADBUSY                            Lab2
     000000EC  _PCA0CPL2                          Lab2
     000000ED  G$AD0INT$0$0                       Lab2
     000000ED  G$ADCINT$0$0                       Lab2
     000000ED  G$PCA0CPL3$0$0                     Lab2
     000000ED  _AD0INT                            Lab2
     000000ED  _ADCINT                            Lab2
     000000ED  _PCA0CPL3                          Lab2
     000000EE  G$AD0TM$0$0                        Lab2
     000000EE  G$ADCTM$0$0                        Lab2
     000000EE  G$PCA0CPL4$0$0                     Lab2
     000000EE  _AD0TM                             Lab2
     000000EE  _ADCTM                             Lab2
     000000EE  _PCA0CPL4                          Lab2
     000000EF  G$AD0EN$0$0                        Lab2
     000000EF  G$ADCEN$0$0                        Lab2
     000000EF  G$RSTSRC$0$0                       Lab2
     000000EF  _AD0EN                             Lab2
     000000EF  _ADCEN                             Lab2
     000000EF  _RSTSRC                            Lab2
     000000F0  G$B$0$0                            Lab2
     000000F0  _B                                 Lab2
     000000F1  G$SCON1$0$0                        Lab2
     000000F1  _SCON1                             Lab2
     000000F2  G$SBUF1$0$0                        Lab2
     000000F2  _SBUF1                             Lab2
     000000F3  G$SADDR1$0$0                       Lab2
     000000F3  _SADDR1                            Lab2
     000000F4  G$TL4$0$0                          Lab2
     000000F4  _TL4                               Lab2
     000000F5  G$TH4$0$0                          Lab2
     000000F5  _B_5                               _gptrget
     000000F5  _TH4                               Lab2
     000000F6  G$EIP1$0$0                         Lab2
     000000F6  _B_6                               _gptrget
     000000F6  _EIP1                              Lab2
     000000F7  G$EIP2$0$0                         Lab2
     000000F7  _B_7                               _gptrget
     000000F7  _EIP2                              Lab2
     000000F8  G$SPI0CN$0$0                       Lab2
     000000F8  G$SPIEN$0$0                        Lab2
     000000F8  _SPI0CN                            Lab2
     000000F8  _SPIEN                             Lab2
     000000F9  G$MSTEN$0$0                        Lab2
ASxxxx Linker V03.00 + NoICE + sdld,  page 13.
Hexadecimal  [32-Bits]

Area                                    Addr        Size        Decimal Bytes (Attributes)
--------------------------------        ----        ----        ------- ----- ------------
.  .ABS.                            00000000    00000000 =           0. bytes (ABS,CON)

      Value  Global                              Global Defined In Module
      -----  --------------------------------   ------------------------
     000000F9  G$PCA0H$0$0                        Lab2
     000000F9  _MSTEN                             Lab2
     000000F9  _PCA0H                             Lab2
     000000FA  G$PCA0CPH0$0$0                     Lab2
     000000FA  G$SLVSEL$0$0                       Lab2
     000000FA  _PCA0CPH0                          Lab2
     000000FA  _SLVSEL                            Lab2
     000000FB  G$PCA0CPH1$0$0                     Lab2
     000000FB  G$TXBSY$0$0                        Lab2
     000000FB  _PCA0CPH1                          Lab2
     000000FB  _TXBSY                             Lab2
     000000FC  G$PCA0CPH2$0$0                     Lab2
     000000FC  G$RXOVRN$0$0                       Lab2
     000000FC  _PCA0CPH2                          Lab2
     000000FC  _RXOVRN                            Lab2
     000000FD  G$MODF$0$0                         Lab2
     000000FD  G$PCA0CPH3$0$0                     Lab2
     000000FD  _MODF                              Lab2
     000000FD  _PCA0CPH3                          Lab2
     000000FE  G$PCA0CPH4$0$0                     Lab2
     000000FE  G$WCOL$0$0                         Lab2
     000000FE  _PCA0CPH4                          Lab2
     000000FE  _WCOL                              Lab2
     000000FF  G$SPIF$0$0                         Lab2
     000000FF  G$WDTCN$0$0                        Lab2
     000000FF  _SPIF                              Lab2
     000000FF  _WDTCN                             Lab2
     00008C8A  G$TMR0$0$0                         Lab2
     00008C8A  _TMR0                              Lab2
     00008D8B  G$TMR1$0$0                         Lab2
     00008D8B  _TMR1                              Lab2
     00009392  G$TMR3RL$0$0                       Lab2
     00009392  _TMR3RL                            Lab2
     00009594  G$TMR3$0$0                         Lab2
     00009594  _TMR3                              Lab2
     0000BFBE  G$ADC0$0$0                         Lab2
     0000BFBE  _ADC0                              Lab2
     0000C5C4  G$ADC0GT$0$0                       Lab2
     0000C5C4  _ADC0GT                            Lab2
     0000C7C6  G$ADC0LT$0$0                       Lab2
     0000C7C6  _ADC0LT                            Lab2
     0000CBCA  G$RCAP2$0$0                        Lab2
     0000CBCA  _RCAP2                             Lab2
     0000CDCC  G$TMR2$0$0                         Lab2
     0000CDCC  _TMR2                              Lab2
     0000D3D2  G$DAC0$0$0                         Lab2
     0000D3D2  _DAC0                              Lab2
     0000D6D5  G$DAC1$0$0                         Lab2
     0000D6D5  _DAC1                              Lab2
     0000E5E4  G$RCAP4$0$0                        Lab2
     0000E5E4  _RCAP4                             Lab2
ASxxxx Linker V03.00 + NoICE + sdld,  page 14.
Hexadecimal  [32-Bits]

Area                                    Addr        Size        Decimal Bytes (Attributes)
--------------------------------        ----        ----        ------- ----- ------------
.  .ABS.                            00000000    00000000 =           0. bytes (ABS,CON)

      Value  Global                              Global Defined In Module
      -----  --------------------------------   ------------------------
     0000F5F4  G$TMR4$0$0                         Lab2
     0000F5F4  _TMR4                              Lab2
     0000F9E9  G$PCA0$0$0                         Lab2
     0000F9E9  _PCA0                              Lab2
     0000FAEA  G$PCA0CP0$0$0                      Lab2
     0000FAEA  _PCA0CP0                           Lab2
     0000FBEB  G$PCA0CP1$0$0                      Lab2
     0000FBEB  _PCA0CP1                           Lab2
     0000FCEC  G$PCA0CP2$0$0                      Lab2
     0000FCEC  _PCA0CP2                           Lab2
     0000FDED  G$PCA0CP3$0$0                      Lab2
     0000FDED  _PCA0CP3                           Lab2
     0000FEEE  G$PCA0CP4$0$0                      Lab2
     0000FEEE  _PCA0CP4                           Lab2

ASxxxx Linker V03.00 + NoICE + sdld,  page 15.
Hexadecimal  [32-Bits]

Area                                    Addr        Size        Decimal Bytes (Attributes)
--------------------------------        ----        ----        ------- ----- ------------
BSEG_BYTES                          00000020    00000002 =           2. bytes (REL,CON)

      Value  Global                              Global Defined In Module
      -----  --------------------------------   ------------------------
ASxxxx Linker V03.00 + NoICE + sdld,  page 16.
Hexadecimal  [32-Bits]

Area                                    Addr        Size        Decimal Bytes (Attributes)
--------------------------------        ----        ----        ------- ----- ------------
REG_BANK_0                          00000000    00000008 =           8. bytes (REL,OVR)

      Value  Global                              Global Defined In Module
      -----  --------------------------------   ------------------------
ASxxxx Linker V03.00 + NoICE + sdld,  page 17.
Hexadecimal  [32-Bits]

Area                                    Addr        Size        Decimal Bytes (Attributes)
--------------------------------        ----        ----        ------- ----- ------------
DSEG                                00000000    0000007A =         122. bytes (REL,CON)

      Value  Global                              Global Defined In Module
      -----  --------------------------------   ------------------------
     0000000C  _vprintf_PARM_2                    vprintf
     0000000D  _bp                                _bp
     00000022  G$counts$0$0                       Lab2
     00000022  _counts                            Lab2
     00000024  G$var$0$0                          Lab2
     00000024  _var                               Lab2
     00000026  G$n$0$0                            Lab2
     00000026  _n                                 Lab2
     00000027  G$totalPoints$0$0                  Lab2
     00000027  _totalPoints                       Lab2
     00000029  G$randomNumber$0$0                 Lab2
     00000029  _randomNumber                      Lab2
     0000002B  G$length$0$0                       Lab2
     0000002B  _length                            Lab2
     0000002C  G$ADC_value$0$0                    Lab2
     0000002C  _ADC_value                         Lab2
     0000002E  G$error$0$0                        Lab2
     0000002E  _error                             Lab2
     00000030  G$score$0$0                        Lab2
     00000030  _score                             Lab2
     00000032  G$buttonPresses$0$0                Lab2
     00000032  _buttonPresses                     Lab2
     00000034  G$tmpCount$0$0                     Lab2
     00000034  _tmpCount                          Lab2
     00000036  G$overflows$0$0                    Lab2
     00000036  _overflows                         Lab2
     00000040  G$numLEDs$0$0                      Lab2
     00000040  _numLEDs                           Lab2
     00000042  G$tries$0$0                        Lab2
     00000042  _tries                             Lab2
     00000044  G$ADC_mapped$0$0                   Lab2
     00000044  _ADC_mapped                        Lab2
     00000045  G$desiredValue$0$0                 Lab2
     00000045  _desiredValue                      Lab2
     00000047  LLab2.aligned_alloc$size$1$39      Lab2
     00000047  _aligned_alloc_PARM_2              Lab2
     00000049  LLab2.SetAllLEDs$sloc0$1$0         Lab2
     0000004A  LLab2.MapADC$low$1$123             Lab2
     0000004A  _MapADC_PARM_2                     Lab2
     0000004B  LLab2.MapADC$high$1$123            Lab2
     0000004B  _MapADC_PARM_3                     Lab2
     0000004C  LLab2.CompareVals$expected$1$140   Lab2
     0000004C  _CompareVals_PARM_2                Lab2
     00000059  __print_format_PARM_2              printf_large
     0000005C  __print_format_PARM_3              printf_large
     0000005F  __print_format_PARM_4              printf_large

ASxxxx Linker V03.00 + NoICE + sdld,  page 18.
Hexadecimal  [32-Bits]

Area                                    Addr        Size        Decimal Bytes (Attributes)
--------------------------------        ----        ----        ------- ----- ------------
OSEG                                0000000E    00000006 =           6. bytes (REL,OVR)

      Value  Global                              Global Defined In Module
      -----  --------------------------------   ------------------------
     0000000E  __divsint_PARM_2                   _divuint
     0000000E  __divuint_PARM_2                   _divuint
     0000000E  __modsint_PARM_2                   _moduint
     0000000E  __moduint_PARM_2                   _moduint
     0000000E  __mullong_PARM_2                   _mullong

ASxxxx Linker V03.00 + NoICE + sdld,  page 19.
Hexadecimal  [32-Bits]

Area                                    Addr        Size        Decimal Bytes (Attributes)
--------------------------------        ----        ----        ------- ----- ------------
ISEG                                00000014    00000006 =           6. bytes (REL,CON)

      Value  Global                              Global Defined In Module
      -----  --------------------------------   ------------------------
ASxxxx Linker V03.00 + NoICE + sdld,  page 20.
Hexadecimal  [32-Bits]

Area                                    Addr        Size        Decimal Bytes (Attributes)
--------------------------------        ----        ----        ------- ----- ------------
SSEG                                00000067    00000099 =         153. bytes (REL,OVR)

      Value  Global                              Global Defined In Module
      -----  --------------------------------   ------------------------
     00000067  __start__stack                     Lab2

ASxxxx Linker V03.00 + NoICE + sdld,  page 21.
Hexadecimal  [32-Bits]

Area                                    Addr        Size        Decimal Bytes (Attributes)
--------------------------------        ----        ----        ------- ----- ------------
HOME                                00000000    00000011 =          17. bytes (REL,CON,CODE)

      Value  Global                              Global Defined In Module
      -----  --------------------------------   ------------------------
C:   00000000  A$Lab2$1057                        Lab2
C:   00000003  A$Lab2$1058                        Lab2
C:   0000000B  A$Lab2$1060                        Lab2
C:   0000000E  A$Lab2$1103                        Lab2
C:   0000000E  __sdcc_program_startup             Lab2

ASxxxx Linker V03.00 + NoICE + sdld,  page 22.
Hexadecimal  [32-Bits]

Area                                    Addr        Size        Decimal Bytes (Attributes)
--------------------------------        ----        ----        ------- ----- ------------
GSINIT0                             00000011    00000003 =           3. bytes (REL,CON,CODE)

      Value  Global                              Global Defined In Module
      -----  --------------------------------   ------------------------
C:   00000011  __sdcc_gsinit_startup              

ASxxxx Linker V03.00 + NoICE + sdld,  page 23.
Hexadecimal  [32-Bits]

Area                                    Addr        Size        Decimal Bytes (Attributes)
--------------------------------        ----        ----        ------- ----- ------------
GSINIT2                             00000014    0000000A =          10. bytes (REL,CON,CODE)

      Value  Global                              Global Defined In Module
      -----  --------------------------------   ------------------------
ASxxxx Linker V03.00 + NoICE + sdld,  page 24.
Hexadecimal  [32-Bits]

Area                                    Addr        Size        Decimal Bytes (Attributes)
--------------------------------        ----        ----        ------- ----- ------------
GSINIT3                             0000001E    00000022 =          34. bytes (REL,CON,CODE)

      Value  Global                              Global Defined In Module
      -----  --------------------------------   ------------------------
C:   0000001E  __mcs51_genXINIT                   

ASxxxx Linker V03.00 + NoICE + sdld,  page 25.
Hexadecimal  [32-Bits]

Area                                    Addr        Size        Decimal Bytes (Attributes)
--------------------------------        ----        ----        ------- ----- ------------
GSINIT4                             00000040    0000002A =          42. bytes (REL,CON,CODE)

      Value  Global                              Global Defined In Module
      -----  --------------------------------   ------------------------
C:   00000040  __mcs51_genRAMCLEAR                
C:   00000046  __mcs51_genXRAMCLEAR               

ASxxxx Linker V03.00 + NoICE + sdld,  page 26.
Hexadecimal  [32-Bits]

Area                                    Addr        Size        Decimal Bytes (Attributes)
--------------------------------        ----        ----        ------- ----- ------------
GSINIT                              0000006A    0000002F =          47. bytes (REL,CON,CODE)

      Value  Global                              Global Defined In Module
      -----  --------------------------------   ------------------------
C:   0000006A  A$Lab2$1076                        Lab2
C:   0000006A  C$Lab2.c$49$1$141                  Lab2
C:   0000006B  A$Lab2$1077                        Lab2
C:   0000006D  A$Lab2$1078                        Lab2
C:   0000006F  A$Lab2$1082                        Lab2
C:   0000006F  C$Lab2.c$51$1$141                  Lab2
C:   00000071  A$Lab2$1085                        Lab2
C:   00000071  C$Lab2.c$60$1$141                  Lab2
C:   00000074  A$Lab2$1086                        Lab2
C:   00000077  A$Lab2$1087                        Lab2
C:   0000007A  A$Lab2$1088                        Lab2
C:   0000007D  A$Lab2$1089                        Lab2
C:   00000080  A$Lab2$1090                        Lab2
C:   00000083  A$Lab2$1091                        Lab2
C:   00000086  A$Lab2$1092                        Lab2
C:   00000089  A$Lab2$1093                        Lab2
C:   0000008C  A$Lab2$1094                        Lab2

ASxxxx Linker V03.00 + NoICE + sdld,  page 27.
Hexadecimal  [32-Bits]

Area                                    Addr        Size        Decimal Bytes (Attributes)
--------------------------------        ----        ----        ------- ----- ------------
GSFINAL                             00000099    00000003 =           3. bytes (REL,CON,CODE)

      Value  Global                              Global Defined In Module
      -----  --------------------------------   ------------------------
C:   00000099  A$Lab2$1096                        Lab2

ASxxxx Linker V03.00 + NoICE + sdld,  page 28.
Hexadecimal  [32-Bits]

Area                                    Addr        Size        Decimal Bytes (Attributes)
--------------------------------        ----        ----        ------- ----- ------------
CSEG                                0000009C    00001605 =        5637. bytes (REL,CON,CODE)

      Value  Global                              Global Defined In Module
      -----  --------------------------------   ------------------------
C:   0000009C  A$Lab2$1131                        Lab2
C:   0000009C  C$c8051_SDCC.h$62$0$0              Lab2
C:   0000009C  C$c8051_SDCC.h$66$1$2              Lab2
C:   0000009C  G$SYSCLK_Init$0$0                  Lab2
C:   0000009C  _SYSCLK_Init                       Lab2
C:   0000009F  A$Lab2$1134                        Lab2
C:   0000009F  C$c8051_SDCC.h$69$1$2              Lab2
C:   000000A1  A$Lab2$1135                        Lab2
C:   000000A3  A$Lab2$1137                        Lab2
C:   000000A4  A$Lab2$1138                        Lab2
C:   000000A6  A$Lab2$1139                        Lab2
C:   000000A7  A$Lab2$1140                        Lab2
C:   000000A8  A$Lab2$1141                        Lab2
C:   000000AA  A$Lab2$1142                        Lab2
C:   000000AB  A$Lab2$1143                        Lab2
C:   000000AD  A$Lab2$1144                        Lab2
C:   000000AF  A$Lab2$1145                        Lab2
C:   000000B0  A$Lab2$1146                        Lab2
C:   000000B1  A$Lab2$1147                        Lab2
C:   000000B3  A$Lab2$1151                        Lab2
C:   000000B3  C$c8051_SDCC.h$71$1$2              Lab2
C:   000000B5  A$Lab2$1152                        Lab2
C:   000000B8  A$Lab2$1155                        Lab2
C:   000000B8  C$c8051_SDCC.h$73$1$2              Lab2
C:   000000BB  A$Lab2$1158                        Lab2
C:   000000BB  C$c8051_SDCC.h$76$1$2              Lab2
C:   000000BB  XG$SYSCLK_Init$0$0                 Lab2
C:   000000BC  A$Lab2$1171                        Lab2
C:   000000BC  C$c8051_SDCC.h$84$1$2              Lab2
C:   000000BC  C$c8051_SDCC.h$86$1$4              Lab2
C:   000000BC  G$UART0_Init$0$0                   Lab2
C:   000000BC  _UART0_Init                        Lab2
C:   000000BF  A$Lab2$1174                        Lab2
C:   000000BF  C$c8051_SDCC.h$87$1$4              Lab2
C:   000000C2  A$Lab2$1177                        Lab2
C:   000000C2  C$c8051_SDCC.h$88$1$4              Lab2
C:   000000C5  A$Lab2$1180                        Lab2
C:   000000C5  C$c8051_SDCC.h$89$1$4              Lab2
C:   000000C7  A$Lab2$1183                        Lab2
C:   000000C7  C$c8051_SDCC.h$90$1$4              Lab2
C:   000000CA  A$Lab2$1186                        Lab2
C:   000000CA  C$c8051_SDCC.h$91$1$4              Lab2
C:   000000CD  A$Lab2$1189                        Lab2
C:   000000CD  C$c8051_SDCC.h$93$1$4              Lab2
C:   000000CF  A$Lab2$1192                        Lab2
C:   000000CF  C$c8051_SDCC.h$94$1$4              Lab2
C:   000000D2  A$Lab2$1195                        Lab2
C:   000000D2  C$c8051_SDCC.h$95$1$4              Lab2
C:   000000D2  XG$UART0_Init$0$0                  Lab2
C:   000000D3  A$Lab2$1208                        Lab2
ASxxxx Linker V03.00 + NoICE + sdld,  page 29.
Hexadecimal  [32-Bits]

Area                                    Addr        Size        Decimal Bytes (Attributes)
--------------------------------        ----        ----        ------- ----- ------------
CSEG                                0000009C    00001605 =        5637. bytes (REL,CON,CODE)

      Value  Global                              Global Defined In Module
      -----  --------------------------------   ------------------------
C:   000000D3  C$c8051_SDCC.h$103$1$4             Lab2
C:   000000D3  C$c8051_SDCC.h$105$1$6             Lab2
C:   000000D3  G$Sys_Init$0$0                     Lab2
C:   000000D3  _Sys_Init                          Lab2
C:   000000D6  A$Lab2$1211                        Lab2
C:   000000D6  C$c8051_SDCC.h$106$1$6             Lab2
C:   000000D9  A$Lab2$1214                        Lab2
C:   000000D9  C$c8051_SDCC.h$108$1$6             Lab2
C:   000000DC  A$Lab2$1217                        Lab2
C:   000000DC  C$c8051_SDCC.h$109$1$6             Lab2
C:   000000DF  A$Lab2$1220                        Lab2
C:   000000DF  C$c8051_SDCC.h$111$1$6             Lab2
C:   000000E2  A$Lab2$1223                        Lab2
C:   000000E2  C$c8051_SDCC.h$112$1$6             Lab2
C:   000000E5  A$Lab2$1226                        Lab2
C:   000000E5  C$c8051_SDCC.h$113$1$6             Lab2
C:   000000E5  XG$Sys_Init$0$0                    Lab2
C:   000000E6  A$Lab2$1239                        Lab2
C:   000000E6  C$c8051_SDCC.h$129$1$6             Lab2
C:   000000E6  G$putchar$0$0                      Lab2
C:   000000E6  _putchar                           Lab2
C:   000000E8  A$Lab2$1245                        Lab2
C:   000000E8  C$c8051_SDCC.h$132$1$8             Lab2
C:   000000E8  C$c8051_SDCC.h$133$1$8             Lab2
C:   000000EB  A$Lab2$1246                        Lab2
C:   000000ED  A$Lab2$1250                        Lab2
C:   000000ED  C$c8051_SDCC.h$134$1$8             Lab2
C:   000000EF  A$Lab2$1253                        Lab2
C:   000000EF  C$c8051_SDCC.h$135$1$8             Lab2
C:   000000EF  XG$putchar$0$0                     Lab2
C:   000000F0  A$Lab2$1271                        Lab2
C:   000000F0  C$c8051_SDCC.h$154$1$8             Lab2
C:   000000F0  C$c8051_SDCC.h$157$1$10            Lab2
C:   000000F0  C$c8051_SDCC.h$158$1$10            Lab2
C:   000000F0  G$getchar$0$0                      Lab2
C:   000000F3  A$Lab2$1272                        Lab2
C:   000000F5  A$Lab2$1276                        Lab2
C:   000000F5  C$c8051_SDCC.h$159$1$10            Lab2
C:   000000F7  A$Lab2$1279                        Lab2
C:   000000F7  C$c8051_SDCC.h$160$1$10            Lab2
C:   000000F9  A$Lab2$1280                        Lab2
C:   000000FB  A$Lab2$1281                        Lab2
C:   000000FE  A$Lab2$1282                        Lab2
C:   00000100  A$Lab2$1285                        Lab2
C:   00000100  C$c8051_SDCC.h$161$1$10            Lab2
C:   00000102  A$Lab2$1288                        Lab2
C:   00000102  C$c8051_SDCC.h$162$1$10            Lab2
C:   00000102  XG$getchar$0$0                     Lab2
C:   00000103  A$Lab2$1303                        Lab2
C:   00000103  C$c8051_SDCC.h$168$1$10            Lab2
C:   00000103  C$c8051_SDCC.h$171$1$12            Lab2
ASxxxx Linker V03.00 + NoICE + sdld,  page 30.
Hexadecimal  [32-Bits]

Area                                    Addr        Size        Decimal Bytes (Attributes)
--------------------------------        ----        ----        ------- ----- ------------
CSEG                                0000009C    00001605 =        5637. bytes (REL,CON,CODE)

      Value  Global                              Global Defined In Module
      -----  --------------------------------   ------------------------
C:   00000103  G$getchar_nw$0$0                   Lab2
C:   00000103  _getchar_nw                        Lab2
C:   00000106  A$Lab2$1304                        Lab2
C:   00000109  A$Lab2$1305                        Lab2
C:   0000010B  A$Lab2$1309                        Lab2
C:   0000010B  C$c8051_SDCC.h$174$2$13            Lab2
C:   0000010D  A$Lab2$1312                        Lab2
C:   0000010D  C$c8051_SDCC.h$175$2$13            Lab2
C:   00000110  A$Lab2$1315                        Lab2
C:   00000110  C$c8051_SDCC.h$176$2$13            Lab2
C:   00000113  A$Lab2$1318                        Lab2
C:   00000113  C$c8051_SDCC.h$177$2$13            Lab2
C:   00000116  A$Lab2$1322                        Lab2
C:   00000116  C$c8051_SDCC.h$179$1$12            Lab2
C:   00000116  XG$getchar_nw$0$0                  Lab2
C:   00000117  A$Lab2$1335                        Lab2
C:   00000117  C$Lab2.c$67$1$12                   Lab2
C:   00000117  C$Lab2.c$69$1$68                   Lab2
C:   00000117  G$main$0$0                         Lab2
C:   00000117  _main                              Lab2
C:   0000011A  A$Lab2$1338                        Lab2
C:   0000011A  C$Lab2.c$70$1$68                   Lab2
C:   0000011D  A$Lab2$1341                        Lab2
C:   0000011D  C$Lab2.c$71$1$68                   Lab2
C:   00000120  A$Lab2$1344                        Lab2
C:   00000120  C$Lab2.c$72$1$68                   Lab2
C:   00000123  A$Lab2$1347                        Lab2
C:   00000123  C$Lab2.c$73$1$68                   Lab2
C:   00000126  A$Lab2$1353                        Lab2
C:   00000126  C$Lab2.c$75$1$68                   Lab2
C:   00000126  C$Lab2.c$76$2$69                   Lab2
C:   00000128  A$Lab2$1354                        Lab2
C:   0000012A  A$Lab2$1355                        Lab2
C:   0000012C  A$Lab2$1356                        Lab2
C:   0000012E  A$Lab2$1357                        Lab2
C:   00000130  A$Lab2$1358                        Lab2
C:   00000132  A$Lab2$1359                        Lab2
C:   00000135  A$Lab2$1360                        Lab2
C:   00000137  A$Lab2$1361                        Lab2
C:   00000139  A$Lab2$1362                        Lab2
C:   0000013B  A$Lab2$1365                        Lab2
C:   0000013B  C$Lab2.c$78$2$69                   Lab2
C:   0000013D  A$Lab2$1369                        Lab2
C:   0000013D  C$Lab2.c$80$2$69                   Lab2
C:   00000140  A$Lab2$1370                        Lab2
C:   00000142  A$Lab2$1371                        Lab2
C:   00000144  A$Lab2$1374                        Lab2
C:   00000144  C$Lab2.c$82$2$69                   Lab2
C:   00000147  A$Lab2$1377                        Lab2
C:   00000147  C$Lab2.c$83$2$69                   Lab2
C:   00000149  A$Lab2$1378                        Lab2
ASxxxx Linker V03.00 + NoICE + sdld,  page 31.
Hexadecimal  [32-Bits]

Area                                    Addr        Size        Decimal Bytes (Attributes)
--------------------------------        ----        ----        ------- ----- ------------
CSEG                                0000009C    00001605 =        5637. bytes (REL,CON,CODE)

      Value  Global                              Global Defined In Module
      -----  --------------------------------   ------------------------
C:   0000014B  A$Lab2$1379                        Lab2
C:   0000014D  A$Lab2$1380                        Lab2
C:   0000014F  A$Lab2$1381                        Lab2
C:   00000152  A$Lab2$1387                        Lab2
C:   00000152  C$Lab2.c$85$4$74                   Lab2
C:   00000152  C$Lab2.c$86$3$70                   Lab2
C:   00000155  A$Lab2$1388                        Lab2
C:   00000158  A$Lab2$1391                        Lab2
C:   00000158  C$Lab2.c$87$4$71                   Lab2
C:   0000015A  A$Lab2$1392                        Lab2
C:   0000015C  A$Lab2$1393                        Lab2
C:   0000015E  A$Lab2$1394                        Lab2
C:   00000160  A$Lab2$1395                        Lab2
C:   00000162  A$Lab2$1396                        Lab2
C:   00000164  A$Lab2$1397                        Lab2
C:   00000167  A$Lab2$1398                        Lab2
C:   00000169  A$Lab2$1399                        Lab2
C:   0000016B  A$Lab2$1400                        Lab2
C:   0000016D  A$Lab2$1401                        Lab2
C:   0000016F  A$Lab2$1405                        Lab2
C:   0000016F  C$Lab2.c$90$3$70                   Lab2
C:   00000172  A$Lab2$1406                        Lab2
C:   00000175  A$Lab2$1409                        Lab2
C:   00000175  C$Lab2.c$91$4$72                   Lab2
C:   00000177  A$Lab2$1410                        Lab2
C:   00000179  A$Lab2$1411                        Lab2
C:   0000017B  A$Lab2$1412                        Lab2
C:   0000017D  A$Lab2$1413                        Lab2
C:   0000017F  A$Lab2$1414                        Lab2
C:   00000181  A$Lab2$1415                        Lab2
C:   00000184  A$Lab2$1416                        Lab2
C:   00000186  A$Lab2$1417                        Lab2
C:   00000188  A$Lab2$1418                        Lab2
C:   0000018A  A$Lab2$1419                        Lab2
C:   0000018C  A$Lab2$1423                        Lab2
C:   0000018C  C$Lab2.c$94$3$70                   Lab2
C:   0000018F  A$Lab2$1424                        Lab2
C:   00000192  A$Lab2$1427                        Lab2
C:   00000192  C$Lab2.c$95$4$73                   Lab2
C:   00000194  A$Lab2$1428                        Lab2
C:   00000196  A$Lab2$1429                        Lab2
C:   00000198  A$Lab2$1430                        Lab2
C:   0000019A  A$Lab2$1431                        Lab2
C:   0000019C  A$Lab2$1432                        Lab2
C:   0000019E  A$Lab2$1433                        Lab2
C:   000001A1  A$Lab2$1434                        Lab2
C:   000001A3  A$Lab2$1435                        Lab2
C:   000001A5  A$Lab2$1436                        Lab2
C:   000001A7  A$Lab2$1437                        Lab2
C:   000001A9  A$Lab2$1441                        Lab2
C:   000001A9  C$Lab2.c$99$4$74                   Lab2
ASxxxx Linker V03.00 + NoICE + sdld,  page 32.
Hexadecimal  [32-Bits]

Area                                    Addr        Size        Decimal Bytes (Attributes)
--------------------------------        ----        ----        ------- ----- ------------
CSEG                                0000009C    00001605 =        5637. bytes (REL,CON,CODE)

      Value  Global                              Global Defined In Module
      -----  --------------------------------   ------------------------
C:   000001AB  A$Lab2$1442                        Lab2
C:   000001AD  A$Lab2$1443                        Lab2
C:   000001AF  A$Lab2$1444                        Lab2
C:   000001B1  A$Lab2$1445                        Lab2
C:   000001B3  A$Lab2$1446                        Lab2
C:   000001B5  A$Lab2$1447                        Lab2
C:   000001B8  A$Lab2$1448                        Lab2
C:   000001BA  A$Lab2$1449                        Lab2
C:   000001BC  A$Lab2$1450                        Lab2
C:   000001BE  A$Lab2$1454                        Lab2
C:   000001BE  C$Lab2.c$101$2$69                  Lab2
C:   000001C1  A$Lab2$1455                        Lab2
C:   000001C3  A$Lab2$1456                        Lab2
C:   000001C5  A$Lab2$1459                        Lab2
C:   000001C5  C$Lab2.c$105$2$69                  Lab2
C:   000001C8  A$Lab2$1460                        Lab2
C:   000001CB  A$Lab2$1463                        Lab2
C:   000001CB  C$Lab2.c$106$2$69                  Lab2
C:   000001CE  A$Lab2$1464                        Lab2
C:   000001D1  A$Lab2$1468                        Lab2
C:   000001D1  C$Lab2.c$107$2$69                  Lab2
C:   000001D4  A$Lab2$1469                        Lab2
C:   000001D7  A$Lab2$1472                        Lab2
C:   000001D7  C$Lab2.c$108$2$69                  Lab2
C:   000001DA  A$Lab2$1473                        Lab2
C:   000001DD  A$Lab2$1477                        Lab2
C:   000001DD  C$Lab2.c$109$2$69                  Lab2
C:   000001E0  A$Lab2$1478                        Lab2
C:   000001E3  A$Lab2$1480                        Lab2
C:   000001E6  A$Lab2$1481                        Lab2
C:   000001E9  A$Lab2$1485                        Lab2
C:   000001E9  C$Lab2.c$110$2$69                  Lab2
C:   000001EC  A$Lab2$1486                        Lab2
C:   000001EF  A$Lab2$1489                        Lab2
C:   000001EF  C$Lab2.c$112$1$68                  Lab2
C:   000001EF  XG$main$0$0                        Lab2
C:   000001F0  A$Lab2$1502                        Lab2
C:   000001F0  C$Lab2.c$116$1$68                  Lab2
C:   000001F0  C$Lab2.c$120$1$76                  Lab2
C:   000001F0  G$Port_Init$0$0                    Lab2
C:   000001F0  _Port_Init                         Lab2
C:   000001F3  A$Lab2$1505                        Lab2
C:   000001F3  C$Lab2.c$121$1$76                  Lab2
C:   000001F6  A$Lab2$1508                        Lab2
C:   000001F6  C$Lab2.c$122$1$76                  Lab2
C:   000001F9  A$Lab2$1511                        Lab2
C:   000001F9  C$Lab2.c$125$1$76                  Lab2
C:   000001FC  A$Lab2$1514                        Lab2
C:   000001FC  C$Lab2.c$126$1$76                  Lab2
C:   000001FF  A$Lab2$1517                        Lab2
C:   000001FF  C$Lab2.c$128$1$76                  Lab2
ASxxxx Linker V03.00 + NoICE + sdld,  page 33.
Hexadecimal  [32-Bits]

Area                                    Addr        Size        Decimal Bytes (Attributes)
--------------------------------        ----        ----        ------- ----- ------------
CSEG                                0000009C    00001605 =        5637. bytes (REL,CON,CODE)

      Value  Global                              Global Defined In Module
      -----  --------------------------------   ------------------------
C:   000001FF  XG$Port_Init$0$0                   Lab2
C:   00000200  A$Lab2$1530                        Lab2
C:   00000200  C$Lab2.c$131$1$76                  Lab2
C:   00000200  C$Lab2.c$134$1$78                  Lab2
C:   00000200  G$Timer_Init$0$0                   Lab2
C:   00000200  _Timer_Init                        Lab2
C:   00000203  A$Lab2$1533                        Lab2
C:   00000203  C$Lab2.c$135$1$78                  Lab2
C:   00000206  A$Lab2$1536                        Lab2
C:   00000206  C$Lab2.c$136$1$78                  Lab2
C:   00000209  A$Lab2$1539                        Lab2
C:   00000209  C$Lab2.c$137$1$78                  Lab2
C:   0000020B  A$Lab2$1542                        Lab2
C:   0000020B  C$Lab2.c$138$1$78                  Lab2
C:   0000020C  A$Lab2$1543                        Lab2
C:   0000020E  A$Lab2$1544                        Lab2
C:   00000210  A$Lab2$1547                        Lab2
C:   00000210  C$Lab2.c$140$1$78                  Lab2
C:   00000210  XG$Timer_Init$0$0                  Lab2
C:   00000211  A$Lab2$1560                        Lab2
C:   00000211  C$Lab2.c$144$1$78                  Lab2
C:   00000211  C$Lab2.c$146$1$80                  Lab2
C:   00000211  G$Interrupt_Init$0$0               Lab2
C:   00000211  _Interrupt_Init                    Lab2
C:   00000214  A$Lab2$1563                        Lab2
C:   00000214  C$Lab2.c$147$1$80                  Lab2
C:   00000214  XG$Interrupt_Init$0$0              Lab2
C:   00000215  A$Lab2$1576                        Lab2
C:   00000215  C$Lab2.c$150$1$80                  Lab2
C:   00000215  C$Lab2.c$152$1$82                  Lab2
C:   00000215  G$ADC1_Init$0$0                    Lab2
C:   00000215  _ADC1_Init                         Lab2
C:   00000218  A$Lab2$1579                        Lab2
C:   00000218  C$Lab2.c$153$1$82                  Lab2
C:   0000021B  A$Lab2$1582                        Lab2
C:   0000021B  C$Lab2.c$154$1$82                  Lab2
C:   0000021E  A$Lab2$1585                        Lab2
C:   0000021E  C$Lab2.c$156$1$82                  Lab2
C:   00000221  A$Lab2$1588                        Lab2
C:   00000221  C$Lab2.c$157$1$82                  Lab2
C:   00000224  A$Lab2$1591                        Lab2
C:   00000224  C$Lab2.c$158$1$82                  Lab2
C:   00000227  A$Lab2$1594                        Lab2
C:   00000227  C$Lab2.c$159$1$82                  Lab2
C:   0000022A  A$Lab2$1597                        Lab2
C:   0000022A  C$Lab2.c$161$1$82                  Lab2
C:   0000022D  A$Lab2$1598                        Lab2
C:   0000022F  A$Lab2$1599                        Lab2
C:   00000231  A$Lab2$1600                        Lab2
C:   00000234  A$Lab2$1603                        Lab2
C:   00000234  C$Lab2.c$162$1$82                  Lab2
ASxxxx Linker V03.00 + NoICE + sdld,  page 34.
Hexadecimal  [32-Bits]

Area                                    Addr        Size        Decimal Bytes (Attributes)
--------------------------------        ----        ----        ------- ----- ------------
CSEG                                0000009C    00001605 =        5637. bytes (REL,CON,CODE)

      Value  Global                              Global Defined In Module
      -----  --------------------------------   ------------------------
C:   00000234  XG$ADC1_Init$0$0                   Lab2
C:   00000235  A$Lab2$1616                        Lab2
C:   00000235  C$Lab2.c$165$1$82                  Lab2
C:   00000235  C$Lab2.c$167$1$84                  Lab2
C:   00000235  G$read_AD_input$0$0                Lab2
C:   00000235  _read_AD_input                     Lab2
C:   00000238  A$Lab2$1619                        Lab2
C:   00000238  C$Lab2.c$168$1$84                  Lab2
C:   0000023B  A$Lab2$1622                        Lab2
C:   0000023B  C$Lab2.c$169$1$84                  Lab2
C:   0000023E  A$Lab2$1626                        Lab2
C:   0000023E  C$Lab2.c$170$1$84                  Lab2
C:   00000240  A$Lab2$1627                        Lab2
C:   00000243  A$Lab2$1630                        Lab2
C:   00000243  C$Lab2.c$171$1$84                  Lab2
C:   00000246  A$Lab2$1633                        Lab2
C:   00000246  C$Lab2.c$172$1$84                  Lab2
C:   00000246  XG$read_AD_input$0$0               Lab2
C:   00000247  A$Lab2$1646                        Lab2
C:   00000247  C$Lab2.c$175$1$84                  Lab2
C:   00000247  C$Lab2.c$177$1$86                  Lab2
C:   00000247  G$Flash_Biled$0$0                  Lab2
C:   00000247  _Flash_Biled                       Lab2
C:   0000024A  A$Lab2$1649                        Lab2
C:   0000024A  C$Lab2.c$178$1$86                  Lab2
C:   0000024B  A$Lab2$1650                        Lab2
C:   0000024D  A$Lab2$1651                        Lab2
C:   0000024F  A$Lab2$1654                        Lab2
C:   0000024F  C$Lab2.c$179$1$86                  Lab2
C:   00000251  A$Lab2$1657                        Lab2
C:   00000251  C$Lab2.c$181$1$86                  Lab2
C:   00000254  A$Lab2$1658                        Lab2
C:   00000257  A$Lab2$1662                        Lab2
C:   00000257  C$Lab2.c$182$1$86                  Lab2
C:   00000259  A$Lab2$1663                        Lab2
C:   0000025C  A$Lab2$1664                        Lab2
C:   0000025D  A$Lab2$1665                        Lab2
C:   00000260  A$Lab2$1666                        Lab2
C:   00000262  A$Lab2$1668                        Lab2
C:   00000264  A$Lab2$1672                        Lab2
C:   00000264  C$Lab2.c$183$1$86                  Lab2
C:   00000267  A$Lab2$1673                        Lab2
C:   0000026A  A$Lab2$1677                        Lab2
C:   0000026A  C$Lab2.c$184$1$86                  Lab2
C:   0000026C  A$Lab2$1678                        Lab2
C:   0000026F  A$Lab2$1679                        Lab2
C:   00000270  A$Lab2$1680                        Lab2
C:   00000273  A$Lab2$1681                        Lab2
C:   00000275  A$Lab2$1683                        Lab2
C:   00000277  A$Lab2$1687                        Lab2
C:   00000277  C$Lab2.c$185$1$86                  Lab2
ASxxxx Linker V03.00 + NoICE + sdld,  page 35.
Hexadecimal  [32-Bits]

Area                                    Addr        Size        Decimal Bytes (Attributes)
--------------------------------        ----        ----        ------- ----- ------------
CSEG                                0000009C    00001605 =        5637. bytes (REL,CON,CODE)

      Value  Global                              Global Defined In Module
      -----  --------------------------------   ------------------------
C:   0000027A  A$Lab2$1688                        Lab2
C:   0000027D  A$Lab2$1692                        Lab2
C:   0000027D  C$Lab2.c$186$1$86                  Lab2
C:   0000027F  A$Lab2$1693                        Lab2
C:   00000282  A$Lab2$1694                        Lab2
C:   00000283  A$Lab2$1695                        Lab2
C:   00000286  A$Lab2$1696                        Lab2
C:   00000288  A$Lab2$1698                        Lab2
C:   0000028A  A$Lab2$1702                        Lab2
C:   0000028A  C$Lab2.c$187$1$86                  Lab2
C:   0000028D  A$Lab2$1703                        Lab2
C:   00000290  A$Lab2$1707                        Lab2
C:   00000290  C$Lab2.c$188$1$86                  Lab2
C:   00000292  A$Lab2$1708                        Lab2
C:   00000295  A$Lab2$1709                        Lab2
C:   00000296  A$Lab2$1710                        Lab2
C:   00000299  A$Lab2$1711                        Lab2
C:   0000029B  A$Lab2$1713                        Lab2
C:   0000029D  A$Lab2$1717                        Lab2
C:   0000029D  C$Lab2.c$189$1$86                  Lab2
C:   000002A0  A$Lab2$1718                        Lab2
C:   000002A3  A$Lab2$1722                        Lab2
C:   000002A3  C$Lab2.c$190$1$86                  Lab2
C:   000002A5  A$Lab2$1723                        Lab2
C:   000002A8  A$Lab2$1724                        Lab2
C:   000002A9  A$Lab2$1725                        Lab2
C:   000002AC  A$Lab2$1726                        Lab2
C:   000002AE  A$Lab2$1728                        Lab2
C:   000002B0  A$Lab2$1732                        Lab2
C:   000002B0  C$Lab2.c$191$1$86                  Lab2
C:   000002B3  A$Lab2$1733                        Lab2
C:   000002B6  A$Lab2$1737                        Lab2
C:   000002B6  C$Lab2.c$192$1$86                  Lab2
C:   000002B8  A$Lab2$1738                        Lab2
C:   000002BB  A$Lab2$1739                        Lab2
C:   000002BC  A$Lab2$1740                        Lab2
C:   000002BF  A$Lab2$1741                        Lab2
C:   000002C1  A$Lab2$1743                        Lab2
C:   000002C3  A$Lab2$1747                        Lab2
C:   000002C3  C$Lab2.c$193$1$86                  Lab2
C:   000002C6  A$Lab2$1748                        Lab2
C:   000002C9  A$Lab2$1752                        Lab2
C:   000002C9  C$Lab2.c$194$1$86                  Lab2
C:   000002CB  A$Lab2$1753                        Lab2
C:   000002CE  A$Lab2$1754                        Lab2
C:   000002CF  A$Lab2$1755                        Lab2
C:   000002D2  A$Lab2$1756                        Lab2
C:   000002D4  A$Lab2$1758                        Lab2
C:   000002D6  A$Lab2$1762                        Lab2
C:   000002D6  C$Lab2.c$195$1$86                  Lab2
C:   000002D9  A$Lab2$1763                        Lab2
ASxxxx Linker V03.00 + NoICE + sdld,  page 36.
Hexadecimal  [32-Bits]

Area                                    Addr        Size        Decimal Bytes (Attributes)
--------------------------------        ----        ----        ------- ----- ------------
CSEG                                0000009C    00001605 =        5637. bytes (REL,CON,CODE)

      Value  Global                              Global Defined In Module
      -----  --------------------------------   ------------------------
C:   000002DC  A$Lab2$1767                        Lab2
C:   000002DC  C$Lab2.c$196$1$86                  Lab2
C:   000002DE  A$Lab2$1768                        Lab2
C:   000002E1  A$Lab2$1769                        Lab2
C:   000002E2  A$Lab2$1770                        Lab2
C:   000002E5  A$Lab2$1771                        Lab2
C:   000002E7  A$Lab2$1773                        Lab2
C:   000002E9  A$Lab2$1777                        Lab2
C:   000002E9  C$Lab2.c$197$1$86                  Lab2
C:   000002EC  A$Lab2$1778                        Lab2
C:   000002EF  A$Lab2$1782                        Lab2
C:   000002EF  C$Lab2.c$198$1$86                  Lab2
[...]
C:   00000ACE  A$Lab2$3265                        Lab2
C:   00000AD0  A$Lab2$3266                        Lab2
C:   00000AD2  A$Lab2$3267                        Lab2
C:   00000AD4  A$Lab2$3268                        Lab2
C:   00000AD6  A$Lab2$3269                        Lab2
C:   00000AD7  A$Lab2$3270                        Lab2
C:   00000ADA  A$Lab2$3271                        Lab2
C:   00000ADC  A$Lab2$3272                        Lab2
C:   00000ADE  A$Lab2$3273                        Lab2
ASxxxx Linker V03.00 + NoICE + sdld,  page 59.
Hexadecimal  [32-Bits]

Area                                    Addr        Size        Decimal Bytes (Attributes)
--------------------------------        ----        ----        ------- ----- ------------
CSEG                                0000009C    00001605 =        5637. bytes (REL,CON,CODE)

      Value  Global                              Global Defined In Module
      -----  --------------------------------   ------------------------
C:   00000AE0  A$Lab2$3274                        Lab2
C:   00000AE1  A$Lab2$3275                        Lab2
C:   00000AE3  A$Lab2$3276                        Lab2
C:   00000AE5  A$Lab2$3277                        Lab2
C:   00000AE7  A$Lab2$3278                        Lab2
C:   00000AE9  A$Lab2$3279                        Lab2
C:   00000AEB  A$Lab2$3280                        Lab2
C:   00000AED  A$Lab2$3281                        Lab2
C:   00000AEE  A$Lab2$3282                        Lab2
C:   00000AF1  A$Lab2$3285                        Lab2
C:   00000AF1  C$Lab2.c$515$1$124                 Lab2
C:   00000AF1  XG$MapADC$0$0                      Lab2
C:   00000AF2  A$Lab2$3298                        Lab2
C:   00000AF2  C$Lab2.c$518$1$124                 Lab2
C:   00000AF2  G$LightNumLEDs$0$0                 Lab2
C:   00000AF2  _LightNumLEDs                      Lab2
C:   00000AF4  A$Lab2$3301                        Lab2
C:   00000AF4  C$Lab2.c$520$1$126                 Lab2
C:   00000AF7  A$Lab2$3302                        Lab2
C:   00000AF9  A$Lab2$3303                        Lab2
C:   00000AFC  A$Lab2$3304                        Lab2
C:   00000AFE  A$Lab2$3307                        Lab2
C:   00000AFE  C$Lab2.c$522$1$126                 Lab2
C:   00000B01  A$Lab2$3309                        Lab2
C:   00000B03  A$Lab2$3312                        Lab2
C:   00000B03  C$Lab2.c$524$2$127                 Lab2
C:   00000B05  A$Lab2$3316                        Lab2
C:   00000B05  C$Lab2.c$526$1$126                 Lab2
C:   00000B08  A$Lab2$3318                        Lab2
C:   00000B0A  A$Lab2$3321                        Lab2
C:   00000B0A  C$Lab2.c$528$2$128                 Lab2
C:   00000B0C  A$Lab2$3325                        Lab2
C:   00000B0C  C$Lab2.c$530$1$126                 Lab2
C:   00000B0F  A$Lab2$3327                        Lab2
C:   00000B11  A$Lab2$3330                        Lab2
C:   00000B11  C$Lab2.c$532$2$129                 Lab2
C:   00000B13  A$Lab2$3334                        Lab2
C:   00000B13  C$Lab2.c$534$1$126                 Lab2
C:   00000B16  A$Lab2$3336                        Lab2
C:   00000B18  A$Lab2$3339                        Lab2
C:   00000B18  C$Lab2.c$536$2$130                 Lab2
C:   00000B1A  A$Lab2$3343                        Lab2
C:   00000B1A  C$Lab2.c$538$1$126                 Lab2
C:   00000B1A  XG$LightNumLEDs$0$0                Lab2
C:   00000B1B  A$Lab2$3356                        Lab2
C:   00000B1B  C$Lab2.c$541$1$126                 Lab2
C:   00000B1B  C$Lab2.c$543$1$132                 Lab2
C:   00000B1B  G$ClearTimer0$0$0                  Lab2
C:   00000B1B  _ClearTimer0                       Lab2
C:   00000B1D  A$Lab2$3359                        Lab2
C:   00000B1D  C$Lab2.c$544$1$132                 Lab2
ASxxxx Linker V03.00 + NoICE + sdld,  page 60.
Hexadecimal  [32-Bits]

Area                                    Addr        Size        Decimal Bytes (Attributes)
--------------------------------        ----        ----        ------- ----- ------------
CSEG                                0000009C    00001605 =        5637. bytes (REL,CON,CODE)

      Value  Global                              Global Defined In Module
      -----  --------------------------------   ------------------------
C:   00000B1E  A$Lab2$3360                        Lab2
C:   00000B20  A$Lab2$3361                        Lab2
C:   00000B22  A$Lab2$3364                        Lab2
C:   00000B22  C$Lab2.c$545$1$132                 Lab2
C:   00000B24  A$Lab2$3365                        Lab2
C:   00000B26  A$Lab2$3368                        Lab2
C:   00000B26  C$Lab2.c$546$1$132                 Lab2
C:   00000B26  XG$ClearTimer0$0$0                 Lab2
C:   00000B27  A$Lab2$3381                        Lab2
C:   00000B27  C$Lab2.c$549$1$132                 Lab2
C:   00000B27  G$SetBILED$0$0                     Lab2
C:   00000B27  _SetBILED                          Lab2
C:   00000B29  A$Lab2$3384                        Lab2
C:   00000B29  C$Lab2.c$551$1$134                 Lab2
C:   00000B2C  A$Lab2$3385                        Lab2
C:   00000B2E  A$Lab2$3387                        Lab2
C:   00000B31  A$Lab2$3388                        Lab2
C:   00000B33  A$Lab2$3390                        Lab2
C:   00000B36  A$Lab2$3391                        Lab2
C:   00000B38  A$Lab2$3393                        Lab2
C:   00000B3B  A$Lab2$3399                        Lab2
C:   00000B3B  C$Lab2.c$554$2$135                 Lab2
C:   00000B3B  C$Lab2.c$555$2$135                 Lab2
C:   00000B3D  A$Lab2$3402                        Lab2
C:   00000B3D  C$Lab2.c$556$2$135                 Lab2
C:   00000B3F  A$Lab2$3407                        Lab2
C:   00000B3F  C$Lab2.c$557$2$135                 Lab2
C:   00000B3F  C$Lab2.c$559$2$135                 Lab2
C:   00000B41  A$Lab2$3411                        Lab2
C:   00000B41  C$Lab2.c$560$2$135                 Lab2
C:   00000B43  A$Lab2$3414                        Lab2
C:   00000B43  C$Lab2.c$561$2$135                 Lab2
C:   00000B45  A$Lab2$3419                        Lab2
C:   00000B45  C$Lab2.c$562$2$135                 Lab2
C:   00000B45  C$Lab2.c$563$2$135                 Lab2
C:   00000B47  A$Lab2$3423                        Lab2
C:   00000B47  C$Lab2.c$564$2$135                 Lab2
C:   00000B49  A$Lab2$3426                        Lab2
C:   00000B49  C$Lab2.c$565$2$135                 Lab2
C:   00000B4B  A$Lab2$3432                        Lab2
C:   00000B4B  C$Lab2.c$567$1$134                 Lab2
C:   00000B4B  C$Lab2.c$568$1$134                 Lab2
C:   00000B4B  XG$SetBILED$0$0                    Lab2
C:   00000B4C  A$Lab2$3447                        Lab2
C:   00000B4C  C$Lab2.c$571$1$134                 Lab2
C:   00000B4C  C$Lab2.c$573$1$134                 Lab2
C:   00000B4C  G$DebounceButton$0$0               Lab2
C:   00000B4C  _DebounceButton                    Lab2
C:   00000B4E  A$Lab2$3450                        Lab2
C:   00000B4E  C$Lab2.c$575$1$137                 Lab2
C:   00000B50  A$Lab2$3453                        Lab2
ASxxxx Linker V03.00 + NoICE + sdld,  page 61.
Hexadecimal  [32-Bits]

Area                                    Addr        Size        Decimal Bytes (Attributes)
--------------------------------        ----        ----        ------- ----- ------------
CSEG                                0000009C    00001605 =        5637. bytes (REL,CON,CODE)

      Value  Global                              Global Defined In Module
      -----  --------------------------------   ------------------------
C:   00000B50  C$Lab2.c$577$1$137                 Lab2
C:   00000B51  A$Lab2$3454                        Lab2
C:   00000B53  A$Lab2$3455                        Lab2
C:   00000B55  A$Lab2$3458                        Lab2
C:   00000B55  C$Lab2.c$578$1$137                 Lab2
C:   00000B58  A$Lab2$3461                        Lab2
C:   00000B58  C$Lab2.c$580$2$138                 Lab2
C:   00000B5B  A$Lab2$3462                        Lab2
C:   00000B5E  A$Lab2$3466                        Lab2
C:   00000B5E  C$Lab2.c$581$2$138                 Lab2
C:   00000B60  A$Lab2$3467                        Lab2
C:   00000B62  A$Lab2$3468                        Lab2
C:   00000B63  A$Lab2$3469                        Lab2
C:   00000B64  A$Lab2$3470                        Lab2
C:   00000B66  A$Lab2$3471                        Lab2
C:   00000B67  A$Lab2$3472                        Lab2
C:   00000B68  A$Lab2$3473                        Lab2
C:   00000B6A  A$Lab2$3474                        Lab2
C:   00000B6B  A$Lab2$3475                        Lab2
C:   00000B6D  A$Lab2$3476                        Lab2
C:   00000B6E  A$Lab2$3477                        Lab2
C:   00000B70  A$Lab2$3480                        Lab2
C:   00000B70  C$Lab2.c$582$3$139                 Lab2
C:   00000B73  A$Lab2$3481                        Lab2
C:   00000B76  A$Lab2$3483                        Lab2
C:   00000B78  A$Lab2$3484                        Lab2
C:   00000B7A  A$Lab2$3485                        Lab2
C:   00000B7D  A$Lab2$3486                        Lab2
C:   00000B7F  A$Lab2$3488                        Lab2
C:   00000B81  A$Lab2$3489                        Lab2
C:   00000B83  A$Lab2$3490                        Lab2
C:   00000B85  A$Lab2$3491                        Lab2
C:   00000B88  A$Lab2$3492                        Lab2
C:   00000B8A  A$Lab2$3495                        Lab2
C:   00000B8A  C$Lab2.c$584$2$138                 Lab2
C:   00000B8C  A$Lab2$3497                        Lab2
C:   00000B8F  A$Lab2$3500                        Lab2
C:   00000B8F  C$Lab2.c$585$2$138                 Lab2
C:   00000B91  A$Lab2$3504                        Lab2
C:   00000B91  C$Lab2.c$588$1$137                 Lab2
C:   00000B93  A$Lab2$3507                        Lab2
C:   00000B93  C$Lab2.c$589$1$137                 Lab2
C:   00000B93  XG$DebounceButton$0$0              Lab2
C:   00000B94  A$Lab2$3521                        Lab2
C:   00000B94  C$Lab2.c$592$1$137                 Lab2
C:   00000B94  G$CompareVals$0$0                  Lab2
C:   00000B94  _CompareVals                       Lab2
C:   00000B96  A$Lab2$3524                        Lab2
C:   00000B96  C$Lab2.c$594$1$141                 Lab2
C:   00000B97  A$Lab2$3525                        Lab2
C:   00000B98  A$Lab2$3526                        Lab2
ASxxxx Linker V03.00 + NoICE + sdld,  page 62.
Hexadecimal  [32-Bits]

Area                                    Addr        Size        Decimal Bytes (Attributes)
--------------------------------        ----        ----        ------- ----- ------------
CSEG                                0000009C    00001605 =        5637. bytes (REL,CON,CODE)

      Value  Global                              Global Defined In Module
      -----  --------------------------------   ------------------------
C:   00000B9A  A$Lab2$3527                        Lab2
C:   00000B9C  A$Lab2$3530                        Lab2
C:   00000B9C  C$Lab2.c$596$2$142                 Lab2
C:   00000B9F  A$Lab2$3531                        Lab2
C:   00000BA2  A$Lab2$3532                        Lab2
C:   00000BA4  A$Lab2$3536                        Lab2
C:   00000BA4  C$Lab2.c$598$1$141                 Lab2
C:   00000BA5  A$Lab2$3537                        Lab2
C:   00000BA7  A$Lab2$3538                        Lab2
C:   00000BA8  A$Lab2$3539                        Lab2
C:   00000BAA  A$Lab2$3542                        Lab2
C:   00000BAA  C$Lab2.c$600$2$143                 Lab2
C:   00000BAD  A$Lab2$3543                        Lab2
C:   00000BB0  A$Lab2$3544                        Lab2
C:   00000BB2  A$Lab2$3548                        Lab2
C:   00000BB2  C$Lab2.c$604$2$144                 Lab2
C:   00000BB5  A$Lab2$3549                        Lab2
C:   00000BB8  A$Lab2$3553                        Lab2
C:   00000BB8  C$Lab2.c$606$1$141                 Lab2
C:   00000BB8  XG$CompareVals$0$0                 Lab2
C:   00000BB9  __divuint                          _divuint
C:   00000BE2  _rand                              rand
C:   00000C1E  _srand                             rand
C:   00000C2D  ___fsmul                           _fsmul
C:   00000CD0  fsgetargs                          _fsget2args
C:   00000CFE  fs_normalize_a                     _fsnormalize
C:   00000D31  _abs                               abs
C:   00000D3E  __mullong                          _mullong
C:   00000D3E  __mullong_dummy                    _mullong
C:   00000DAC  __moduint                          _moduint
C:   00000DF9  ___fsadd                           _fsadd
C:   00000DFC  fsadd_direct_entry                 _fsadd
C:   00000E52  ___uint2fs                         _uint2fs
C:   00000E5E  fs_round_and_return                _fsreturnval
C:   00000E76  fs_zerocheck_return                _fsreturnval
C:   00000E7F  fs_return_zero                     _fsreturnval
C:   00000E87  fs_direct_return                   _fsreturnval
C:   00000E95  fs_return_inf                      _fsreturnval
C:   00000EA2  fs_return_nan                      _fsreturnval
C:   00000EB8  _vprintf                           vprintf
C:   00000ED1  _printf                            vprintf
C:   00000FA8  __print_format                     printf_large
C:   000014B4  fs_swap_a_b                        _fsswapargs
C:   000014CE  _strlen                            _strlen
C:   000014E6  ___fsdiv                           _fsdiv
C:   000015A9  __gptrget                          _gptrget
C:   000015C5  ___uchar2fs                        _uchar2fs
C:   000015D0  ___fs2uchar                        _fs2uchar
C:   000015D8  __modsint                          _modsint
C:   0000160E  ___ulong2fs                        _ulong2fs
C:   00001617  ulong2fs_doit                      _ulong2fs
ASxxxx Linker V03.00 + NoICE + sdld,  page 63.
Hexadecimal  [32-Bits]

Area                                    Addr        Size        Decimal Bytes (Attributes)
--------------------------------        ----        ----        ------- ----- ------------
CSEG                                0000009C    00001605 =        5637. bytes (REL,CON,CODE)

      Value  Global                              Global Defined In Module
      -----  --------------------------------   ------------------------
C:   00001621  fs_rshift_a                        _fsrshift
C:   00001664  __sdcc_external_startup            _startup
C:   00001668  ___fs2ulong                        _fs2ulong
C:   0000166A  fs2ulong_begin                     _fs2ulong
C:   0000168F  fsgetarg                           _fsget1arg

ASxxxx Linker V03.00 + NoICE + sdld,  page 64.
Hexadecimal  [32-Bits]

Area                                    Addr        Size        Decimal Bytes (Attributes)
--------------------------------        ----        ----        ------- ----- ------------
CONST                               000016A1    00000814 =        2068. bytes (REL,CON,CODE)

      Value  Global                              Global Defined In Module
      -----  --------------------------------   ------------------------
C:   000016A1  FLab2$__str_0$0$0                  Lab2
C:   0000170E  FLab2$__str_1$0$0                  Lab2
C:   00001744  FLab2$__str_2$0$0                  Lab2
C:   0000177A  FLab2$__str_3$0$0                  Lab2
C:   000017AF  FLab2$__str_4$0$0                  Lab2
C:   000017E3  FLab2$__str_5$0$0                  Lab2
C:   00001A63  FLab2$__str_6$0$0                  Lab2
C:   00001A6B  FLab2$__str_7$0$0                  Lab2
C:   00001A7D  FLab2$__str_8$0$0                  Lab2
C:   00001A8F  FLab2$__str_9$0$0                  Lab2
C:   00001AA2  FLab2$__str_10$0$0                 Lab2
C:   00001B3C  FLab2$__str_11$0$0                 Lab2
C:   00001B50  FLab2$__str_12$0$0                 Lab2
C:   00001B63  FLab2$__str_13$0$0                 Lab2
C:   00001B75  FLab2$__str_14$0$0                 Lab2
C:   00001B87  FLab2$__str_15$0$0                 Lab2
C:   00001E5D  FLab2$__str_16$0$0                 Lab2
C:   00001E66  FLab2$__str_17$0$0                 Lab2
C:   00001E82  FLab2$__str_18$0$0                 Lab2
C:   00001E97  FLab2$__str_19$0$0                 Lab2

ASxxxx Linker V03.00 + NoICE + sdld,  page 65.

Files Linked                              [ module(s) ]

C:\Users\conroj2\Documents\RPI\Embedded Control\Git\Assignments\Lab2_3\Lab2.rel
                                          [  ]


Libraries Linked                          [ object file ]

C:\Program Files\SDCC\bin\..\lib\small/libint.lib
                                          [ _divuint.rel ]
C:\Program Files\SDCC\bin\..\lib\small/libsdcc.lib
                                          [ rand.rel ]
C:\Program Files\SDCC\bin\..\lib\small/libfloat.lib
                                          [ _fsmul.rel ]
C:\Program Files\SDCC\bin\..\lib\small/libfloat.lib
                                          [ _fsget2args.rel ]
C:\Program Files\SDCC\bin\..\lib\small/mcs51.lib
                                          [ crtclear.rel ]
C:\Program Files\SDCC\bin\..\lib\small/libfloat.lib
                                          [ _fsnormalize.rel ]
C:\Program Files\SDCC\bin\..\lib\small/mcs51.lib
                                          [ crtxinit.rel ]
C:\Program Files\SDCC\bin\..\lib\small/libsdcc.lib
                                          [ abs.rel ]
C:\Program Files\SDCC\bin\..\lib\small/liblong.lib
                                          [ _mullong.rel ]
C:\Program Files\SDCC\bin\..\lib\small/libint.lib
                                          [ _moduint.rel ]
C:\Program Files\SDCC\bin\..\lib\small/mcs51.lib
                                          [ crtxclear.rel ]
C:\Program Files\SDCC\bin\..\lib\small/libfloat.lib
                                          [ _fsadd.rel ]
C:\Program Files\SDCC\bin\..\lib\small/libfloat.lib
                                          [ _uint2fs.rel ]
C:\Program Files\SDCC\bin\..\lib\small/libfloat.lib
                                          [ _fsreturnval.rel ]
C:\Program Files\SDCC\bin\..\lib\small/libsdcc.lib
                                          [ vprintf.rel ]
C:\Program Files\SDCC\bin\..\lib\small/libsdcc.lib
                                          [ printf_large.rel ]
C:\Program Files\SDCC\bin\..\lib\small/libfloat.lib
                                          [ _fsswapargs.rel ]
C:\Program Files\SDCC\bin\..\lib\small/libsdcc.lib
                                          [ _strlen.rel ]
C:\Program Files\SDCC\bin\..\lib\small/libfloat.lib
                                          [ _fsdiv.rel ]
C:\Program Files\SDCC\bin\..\lib\small/mcs51.lib
                                          [ crtstart.rel ]
C:\Program Files\SDCC\bin\..\lib\small/libsdcc.lib
                                          [ _gptrget.rel ]
C:\Program Files\SDCC\bin\..\lib\small/libfloat.lib
                                          [ _uchar2fs.rel ]
C:\Program Files\SDCC\bin\..\lib\small/libfloat.lib
                                          [ _fs2uchar.rel ]
C:\Program Files\SDCC\bin\..\lib\small/libint.lib
                                          [ _modsint.rel ]
C:\Program Files\SDCC\bin\..\lib\small/libfloat.lib
                                          [ _ulong2fs.rel ]
C:\Program Files\SDCC\bin\..\lib\small/libfloat.lib
                                          [ _fsrshift.rel ]
C:\Program Files\SDCC\bin\..\lib\small/libsdcc.lib
                                          [ _startup.rel ]
C:\Program Files\SDCC\bin\..\lib\small/libfloat.lib
                                          [ _fs2ulong.rel ]
C:\Program Files\SDCC\bin\..\lib\small/libsdcc.lib
                                          [ _bp.rel ]
C:\Program Files\SDCC\bin\..\lib\small/libfloat.lib
                                          [ _fsget1arg.rel ]

ASxxxx Linker V03.00 + NoICE + sdld,  page 66.

User Base Address Definitions

HOME = 0x0000
XSEG = 0x0001
PSEG = 0x0001
ISEG = 0x0000
BSEG = 0x0000

