ASxxxx Linker V03.00 + NoICE + sdld,  page 1.
Hexadecimal  [32-Bits]

Area                                    Addr        Size        Decimal Bytes (Attributes)
--------------------------------        ----        ----        ------- ----- ------------
CABS                                00000000    00000000 =           0. bytes (ABS,CON,CODE)

      Value  Global                              Global Defined In Module
      -----  --------------------------------   ------------------------
C:   00000000  l_BIT_BANK                      
C:   00000000  l_CABS                          
C:   00000000  l_GSINIT1                       
C:   00000000  l_GSINIT5                       
C:   00000000  l_IABS                          
C:   00000000  l_PSEG                          
C:   00000000  l_REG_BANK_1                    
C:   00000000  l_REG_BANK_2                    
C:   00000000  l_REG_BANK_3                    
C:   00000000  l_RSEG                          
C:   00000000  l_RSEG0                         
C:   00000000  l_RSEG1                         
C:   00000000  l_XABS                          
C:   00000000  l_XINIT                         
C:   00000000  l_XISEG                         
C:   00000000  l__CODE                         
C:   00000000  s_BSEG                          
C:   00000000  s_CABS                          
C:   00000000  s_DSEG                          
C:   00000000  s_HOME                          
C:   00000000  s_IABS                          
C:   00000000  s_REG_BANK_0                    
C:   00000000  s_RSEG                          
C:   00000000  s_RSEG0                         
C:   00000000  s_RSEG1                         
C:   00000000  s_XABS                          
C:   00000001  s_PSEG                          
C:   00000001  s_XSEG                          
C:   00000002  l_BSEG_BYTES                    
C:   00000003  l_GSFINAL                       
C:   00000003  l_GSINIT0                       
C:   00000006  l_ISEG                          
C:   00000006  l_OSEG                          
C:   00000008  l_REG_BANK_0                    
C:   00000008  s_REG_BANK_1                    
C:   0000000A  l_BSEG                          
C:   0000000A  l_GSINIT2                       
C:   00000010  s_REG_BANK_2                    
C:   00000011  s_OSEG                          
C:   00000017  s_ISEG                          
C:   00000018  s_BIT_BANK                      
C:   00000018  s_REG_BANK_3                    
C:   00000020  s_BSEG_BYTES                    
C:   00000020  s__CODE                         
C:   00000022  l_GSINIT3                       
C:   00000029  l_GSINIT                        
C:   0000002A  l_GSINIT4                       
C:   00000050  l_XSEG                          
C:   00000051  l_HOME                          
C:   00000051  s_GSINIT0                       
ASxxxx Linker V03.00 + NoICE + sdld,  page 2.
Hexadecimal  [32-Bits]

Area                                    Addr        Size        Decimal Bytes (Attributes)
--------------------------------        ----        ----        ------- ----- ------------
CABS                                00000000    00000000 =           0. bytes (ABS,CON,CODE)

      Value  Global                              Global Defined In Module
      -----  --------------------------------   ------------------------
C:   00000051  s_XISEG                         
C:   00000054  s_GSINIT1                       
C:   00000054  s_GSINIT2                       
C:   0000005E  s_GSINIT3                       
C:   00000064  s_SSEG                          
C:   0000007D  l_DSEG                          
C:   00000080  s_GSINIT4                       
C:   0000009C  l_SSEG                          
C:   000000AA  s_GSINIT                        
C:   000000AA  s_GSINIT5                       
C:   000000BC  l_CONST                         
C:   000000D3  s_GSFINAL                       
C:   000000D6  s_CSEG                          
C:   00000100  l_IRAM                          
C:   0000127F  l_CSEG                          
C:   00001355  s_CONST                         
C:   00001411  s_XINIT                         

ASxxxx Linker V03.00 + NoICE + sdld,  page 3.
Hexadecimal  [32-Bits]

Area                                    Addr        Size        Decimal Bytes (Attributes)
--------------------------------        ----        ----        ------- ----- ------------
.  .ABS.                            00000000    00000000 =           0. bytes (ABS,CON)

      Value  Global                              Global Defined In Module
      -----  --------------------------------   ------------------------
     00000000  .__.ABS.                           _fsget1arg
     00000080  G$P0$0$0                           Lab3_3_SteeringAndCompass
     00000080  G$P0_0$0$0                         Lab3_3_SteeringAndCompass
     00000080  _P0                                Lab3_3_SteeringAndCompass
     00000080  _P0_0                              Lab3_3_SteeringAndCompass
     00000081  G$P0_1$0$0                         Lab3_3_SteeringAndCompass
     00000081  G$SP$0$0                           Lab3_3_SteeringAndCompass
     00000081  _P0_1                              Lab3_3_SteeringAndCompass
     00000081  _SP                                Lab3_3_SteeringAndCompass
     00000082  G$DPL$0$0                          Lab3_3_SteeringAndCompass
     00000082  G$P0_2$0$0                         Lab3_3_SteeringAndCompass
     00000082  _DPL                               Lab3_3_SteeringAndCompass
     00000082  _P0_2                              Lab3_3_SteeringAndCompass
     00000083  G$BUS_SCL$0$0                      Lab3_3_SteeringAndCompass
     00000083  G$DPH$0$0                          Lab3_3_SteeringAndCompass
     00000083  G$P0_3$0$0                         Lab3_3_SteeringAndCompass
     00000083  _BUS_SCL                           Lab3_3_SteeringAndCompass
     00000083  _DPH                               Lab3_3_SteeringAndCompass
     00000083  _P0_3                              Lab3_3_SteeringAndCompass
     00000084  G$P0_4$0$0                         Lab3_3_SteeringAndCompass
     00000084  G$P4$0$0                           Lab3_3_SteeringAndCompass
     00000084  _P0_4                              Lab3_3_SteeringAndCompass
     00000084  _P4                                Lab3_3_SteeringAndCompass
     00000085  G$P0_5$0$0                         Lab3_3_SteeringAndCompass
     00000085  G$P5$0$0                           Lab3_3_SteeringAndCompass
     00000085  _P0_5                              Lab3_3_SteeringAndCompass
     00000085  _P5                                Lab3_3_SteeringAndCompass
     00000086  G$P0_6$0$0                         Lab3_3_SteeringAndCompass
     00000086  G$P6$0$0                           Lab3_3_SteeringAndCompass
     00000086  _P0_6                              Lab3_3_SteeringAndCompass
     00000086  _P6                                Lab3_3_SteeringAndCompass
     00000087  G$P0_7$0$0                         Lab3_3_SteeringAndCompass
     00000087  G$PCON$0$0                         Lab3_3_SteeringAndCompass
     00000087  _P0_7                              Lab3_3_SteeringAndCompass
     00000087  _PCON                              Lab3_3_SteeringAndCompass
     00000088  G$IT0$0$0                          Lab3_3_SteeringAndCompass
     00000088  G$TCON$0$0                         Lab3_3_SteeringAndCompass
     00000088  _IT0                               Lab3_3_SteeringAndCompass
     00000088  _TCON                              Lab3_3_SteeringAndCompass
     00000089  G$IE0$0$0                          Lab3_3_SteeringAndCompass
     00000089  G$TMOD$0$0                         Lab3_3_SteeringAndCompass
     00000089  _IE0                               Lab3_3_SteeringAndCompass
     00000089  _TMOD                              Lab3_3_SteeringAndCompass
     0000008A  G$IT1$0$0                          Lab3_3_SteeringAndCompass
     0000008A  G$TL0$0$0                          Lab3_3_SteeringAndCompass
     0000008A  _IT1                               Lab3_3_SteeringAndCompass
     0000008A  _TL0                               Lab3_3_SteeringAndCompass
     0000008B  G$IE1$0$0                          Lab3_3_SteeringAndCompass
     0000008B  G$TL1$0$0                          Lab3_3_SteeringAndCompass
     0000008B  _IE1                               Lab3_3_SteeringAndCompass
ASxxxx Linker V03.00 + NoICE + sdld,  page 4.
Hexadecimal  [32-Bits]

Area                                    Addr        Size        Decimal Bytes (Attributes)
--------------------------------        ----        ----        ------- ----- ------------
.  .ABS.                            00000000    00000000 =           0. bytes (ABS,CON)

      Value  Global                              Global Defined In Module
      -----  --------------------------------   ------------------------
     0000008B  _TL1                               Lab3_3_SteeringAndCompass
     0000008C  G$TH0$0$0                          Lab3_3_SteeringAndCompass
     0000008C  G$TR0$0$0                          Lab3_3_SteeringAndCompass
     0000008C  _TH0                               Lab3_3_SteeringAndCompass
     0000008C  _TR0                               Lab3_3_SteeringAndCompass
     0000008D  G$TF0$0$0                          Lab3_3_SteeringAndCompass
     0000008D  G$TH1$0$0                          Lab3_3_SteeringAndCompass
     0000008D  _TF0                               Lab3_3_SteeringAndCompass
     0000008D  _TH1                               Lab3_3_SteeringAndCompass
     0000008E  G$CKCON$0$0                        Lab3_3_SteeringAndCompass
     0000008E  G$TR1$0$0                          Lab3_3_SteeringAndCompass
     0000008E  _CKCON                             Lab3_3_SteeringAndCompass
     0000008E  _TR1                               Lab3_3_SteeringAndCompass
     0000008F  G$PSCTL$0$0                        Lab3_3_SteeringAndCompass
     0000008F  G$TF1$0$0                          Lab3_3_SteeringAndCompass
     0000008F  _PSCTL                             Lab3_3_SteeringAndCompass
     0000008F  _TF1                               Lab3_3_SteeringAndCompass
     00000090  G$P1$0$0                           Lab3_3_SteeringAndCompass
     00000090  G$P1_0$0$0                         Lab3_3_SteeringAndCompass
     00000090  _P1                                Lab3_3_SteeringAndCompass
     00000090  _P1_0                              Lab3_3_SteeringAndCompass
     00000091  G$P1_1$0$0                         Lab3_3_SteeringAndCompass
     00000091  G$TMR3CN$0$0                       Lab3_3_SteeringAndCompass
     00000091  _P1_1                              Lab3_3_SteeringAndCompass
     00000091  _TMR3CN                            Lab3_3_SteeringAndCompass
     00000092  G$P1_2$0$0                         Lab3_3_SteeringAndCompass
     00000092  G$TMR3RLL$0$0                      Lab3_3_SteeringAndCompass
     00000092  _P1_2                              Lab3_3_SteeringAndCompass
     00000092  _TMR3RLL                           Lab3_3_SteeringAndCompass
     00000093  G$P1_3$0$0                         Lab3_3_SteeringAndCompass
     00000093  G$TMR3RLH$0$0                      Lab3_3_SteeringAndCompass
     00000093  _P1_3                              Lab3_3_SteeringAndCompass
     00000093  _TMR3RLH                           Lab3_3_SteeringAndCompass
     00000094  G$P1_4$0$0                         Lab3_3_SteeringAndCompass
     00000094  G$TMR3L$0$0                        Lab3_3_SteeringAndCompass
     00000094  _P1_4                              Lab3_3_SteeringAndCompass
     00000094  _TMR3L                             Lab3_3_SteeringAndCompass
     00000095  G$P1_5$0$0                         Lab3_3_SteeringAndCompass
     00000095  G$TMR3H$0$0                        Lab3_3_SteeringAndCompass
     00000095  _P1_5                              Lab3_3_SteeringAndCompass
     00000095  _TMR3H                             Lab3_3_SteeringAndCompass
     00000096  G$P1_6$0$0                         Lab3_3_SteeringAndCompass
     00000096  G$P7$0$0                           Lab3_3_SteeringAndCompass
     00000096  _P1_6                              Lab3_3_SteeringAndCompass
     00000096  _P7                                Lab3_3_SteeringAndCompass
     00000097  G$P1_7$0$0                         Lab3_3_SteeringAndCompass
     00000097  _P1_7                              Lab3_3_SteeringAndCompass
     00000098  G$RI$0$0                           Lab3_3_SteeringAndCompass
     00000098  G$RI0$0$0                          Lab3_3_SteeringAndCompass
     00000098  G$SCON$0$0                         Lab3_3_SteeringAndCompass
     00000098  G$SCON0$0$0                        Lab3_3_SteeringAndCompass
ASxxxx Linker V03.00 + NoICE + sdld,  page 5.
Hexadecimal  [32-Bits]

Area                                    Addr        Size        Decimal Bytes (Attributes)
--------------------------------        ----        ----        ------- ----- ------------
.  .ABS.                            00000000    00000000 =           0. bytes (ABS,CON)

      Value  Global                              Global Defined In Module
      -----  --------------------------------   ------------------------
     00000098  _RI                                Lab3_3_SteeringAndCompass
     00000098  _RI0                               Lab3_3_SteeringAndCompass
     00000098  _SCON                              Lab3_3_SteeringAndCompass
     00000098  _SCON0                             Lab3_3_SteeringAndCompass
     00000099  G$SBUF$0$0                         Lab3_3_SteeringAndCompass
     00000099  G$SBUF0$0$0                        Lab3_3_SteeringAndCompass
     00000099  G$TI$0$0                           Lab3_3_SteeringAndCompass
     00000099  G$TI0$0$0                          Lab3_3_SteeringAndCompass
     00000099  _SBUF                              Lab3_3_SteeringAndCompass
     00000099  _SBUF0                             Lab3_3_SteeringAndCompass
     00000099  _TI                                Lab3_3_SteeringAndCompass
     00000099  _TI0                               Lab3_3_SteeringAndCompass
     0000009A  G$RB8$0$0                          Lab3_3_SteeringAndCompass
     0000009A  G$RB80$0$0                         Lab3_3_SteeringAndCompass
     0000009A  G$SPI0CFG$0$0                      Lab3_3_SteeringAndCompass
     0000009A  _RB8                               Lab3_3_SteeringAndCompass
     0000009A  _RB80                              Lab3_3_SteeringAndCompass
     0000009A  _SPI0CFG                           Lab3_3_SteeringAndCompass
     0000009B  G$SPI0DAT$0$0                      Lab3_3_SteeringAndCompass
     0000009B  G$TB8$0$0                          Lab3_3_SteeringAndCompass
     0000009B  G$TB80$0$0                         Lab3_3_SteeringAndCompass
     0000009B  _SPI0DAT                           Lab3_3_SteeringAndCompass
     0000009B  _TB8                               Lab3_3_SteeringAndCompass
     0000009B  _TB80                              Lab3_3_SteeringAndCompass
     0000009C  G$ADC1$0$0                         Lab3_3_SteeringAndCompass
     0000009C  G$REN$0$0                          Lab3_3_SteeringAndCompass
     0000009C  G$REN0$0$0                         Lab3_3_SteeringAndCompass
     0000009C  _ADC1                              Lab3_3_SteeringAndCompass
     0000009C  _REN                               Lab3_3_SteeringAndCompass
     0000009C  _REN0                              Lab3_3_SteeringAndCompass
     0000009D  G$MCE0$0$0                         Lab3_3_SteeringAndCompass
     0000009D  G$SM2$0$0                          Lab3_3_SteeringAndCompass
     0000009D  G$SM20$0$0                         Lab3_3_SteeringAndCompass
     0000009D  G$SPI0CKR$0$0                      Lab3_3_SteeringAndCompass
     0000009D  _MCE0                              Lab3_3_SteeringAndCompass
     0000009D  _SM2                               Lab3_3_SteeringAndCompass
     0000009D  _SM20                              Lab3_3_SteeringAndCompass
     0000009D  _SPI0CKR                           Lab3_3_SteeringAndCompass
     0000009E  G$CPT0CN$0$0                       Lab3_3_SteeringAndCompass
     0000009E  G$SM1$0$0                          Lab3_3_SteeringAndCompass
     0000009E  G$SM10$0$0                         Lab3_3_SteeringAndCompass
     0000009E  _CPT0CN                            Lab3_3_SteeringAndCompass
     0000009E  _SM1                               Lab3_3_SteeringAndCompass
     0000009E  _SM10                              Lab3_3_SteeringAndCompass
     0000009F  G$CPT1CN$0$0                       Lab3_3_SteeringAndCompass
     0000009F  G$S0MODE$0$0                       Lab3_3_SteeringAndCompass
     0000009F  G$SM0$0$0                          Lab3_3_SteeringAndCompass
     0000009F  G$SM00$0$0                         Lab3_3_SteeringAndCompass
     0000009F  _CPT1CN                            Lab3_3_SteeringAndCompass
     0000009F  _S0MODE                            Lab3_3_SteeringAndCompass
     0000009F  _SM0                               Lab3_3_SteeringAndCompass
ASxxxx Linker V03.00 + NoICE + sdld,  page 6.
Hexadecimal  [32-Bits]

Area                                    Addr        Size        Decimal Bytes (Attributes)
--------------------------------        ----        ----        ------- ----- ------------
.  .ABS.                            00000000    00000000 =           0. bytes (ABS,CON)

      Value  Global                              Global Defined In Module
      -----  --------------------------------   ------------------------
     0000009F  _SM00                              Lab3_3_SteeringAndCompass
     000000A0  G$P2$0$0                           Lab3_3_SteeringAndCompass
     000000A0  G$P2_0$0$0                         Lab3_3_SteeringAndCompass
     000000A0  _P2                                Lab3_3_SteeringAndCompass
     000000A0  _P2_0                              Lab3_3_SteeringAndCompass
     000000A1  G$EMI0TC$0$0                       Lab3_3_SteeringAndCompass
     000000A1  G$P2_1$0$0                         Lab3_3_SteeringAndCompass
     000000A1  _EMI0TC                            Lab3_3_SteeringAndCompass
     000000A1  _P2_1                              Lab3_3_SteeringAndCompass
     000000A2  G$P2_2$0$0                         Lab3_3_SteeringAndCompass
     000000A2  _P2_2                              Lab3_3_SteeringAndCompass
     000000A3  G$EMI0CF$0$0                       Lab3_3_SteeringAndCompass
     000000A3  G$P2_3$0$0                         Lab3_3_SteeringAndCompass
     000000A3  _EMI0CF                            Lab3_3_SteeringAndCompass
     000000A3  _P2_3                              Lab3_3_SteeringAndCompass
     000000A4  G$P0MDOUT$0$0                      Lab3_3_SteeringAndCompass
     000000A4  G$P2_4$0$0                         Lab3_3_SteeringAndCompass
     000000A4  G$PRT0CF$0$0                       Lab3_3_SteeringAndCompass
     000000A4  _P0MDOUT                           Lab3_3_SteeringAndCompass
     000000A4  _P2_4                              Lab3_3_SteeringAndCompass
     000000A4  _PRT0CF                            Lab3_3_SteeringAndCompass
     000000A5  G$P1MDOUT$0$0                      Lab3_3_SteeringAndCompass
     000000A5  G$P2_5$0$0                         Lab3_3_SteeringAndCompass
     000000A5  G$PRT1CF$0$0                       Lab3_3_SteeringAndCompass
     000000A5  _P1MDOUT                           Lab3_3_SteeringAndCompass
     000000A5  _P2_5                              Lab3_3_SteeringAndCompass
     000000A5  _PRT1CF                            Lab3_3_SteeringAndCompass
     000000A6  G$P2MDOUT$0$0                      Lab3_3_SteeringAndCompass
     000000A6  G$P2_6$0$0                         Lab3_3_SteeringAndCompass
     000000A6  G$PRT2CF$0$0                       Lab3_3_SteeringAndCompass
     000000A6  _P2MDOUT                           Lab3_3_SteeringAndCompass
     000000A6  _P2_6                              Lab3_3_SteeringAndCompass
     000000A6  _PRT2CF                            Lab3_3_SteeringAndCompass
     000000A7  G$P2_7$0$0                         Lab3_3_SteeringAndCompass
     000000A7  G$P3MDOUT$0$0                      Lab3_3_SteeringAndCompass
     000000A7  G$PRT3CF$0$0                       Lab3_3_SteeringAndCompass
     000000A7  _P2_7                              Lab3_3_SteeringAndCompass
     000000A7  _P3MDOUT                           Lab3_3_SteeringAndCompass
     000000A7  _PRT3CF                            Lab3_3_SteeringAndCompass
     000000A8  G$EX0$0$0                          Lab3_3_SteeringAndCompass
     000000A8  G$IE$0$0                           Lab3_3_SteeringAndCompass
     000000A8  _EX0                               Lab3_3_SteeringAndCompass
     000000A8  _IE                                Lab3_3_SteeringAndCompass
     000000A9  G$ET0$0$0                          Lab3_3_SteeringAndCompass
     000000A9  G$SADDR0$0$0                       Lab3_3_SteeringAndCompass
     000000A9  _ET0                               Lab3_3_SteeringAndCompass
     000000A9  _SADDR0                            Lab3_3_SteeringAndCompass
     000000AA  G$ADC1CN$0$0                       Lab3_3_SteeringAndCompass
     000000AA  G$EX1$0$0                          Lab3_3_SteeringAndCompass
     000000AA  _ADC1CN                            Lab3_3_SteeringAndCompass
     000000AA  _EX1                               Lab3_3_SteeringAndCompass
ASxxxx Linker V03.00 + NoICE + sdld,  page 7.
Hexadecimal  [32-Bits]

Area                                    Addr        Size        Decimal Bytes (Attributes)
--------------------------------        ----        ----        ------- ----- ------------
.  .ABS.                            00000000    00000000 =           0. bytes (ABS,CON)

      Value  Global                              Global Defined In Module
      -----  --------------------------------   ------------------------
     000000AB  G$ADC1CF$0$0                       Lab3_3_SteeringAndCompass
     000000AB  G$ET1$0$0                          Lab3_3_SteeringAndCompass
     000000AB  _ADC1CF                            Lab3_3_SteeringAndCompass
     000000AB  _ET1                               Lab3_3_SteeringAndCompass
     000000AC  G$AMX1SL$0$0                       Lab3_3_SteeringAndCompass
     000000AC  G$ES$0$0                           Lab3_3_SteeringAndCompass
     000000AC  G$ES0$0$0                          Lab3_3_SteeringAndCompass
     000000AC  _AMX1SL                            Lab3_3_SteeringAndCompass
     000000AC  _ES                                Lab3_3_SteeringAndCompass
     000000AC  _ES0                               Lab3_3_SteeringAndCompass
     000000AD  G$ET2$0$0                          Lab3_3_SteeringAndCompass
     000000AD  G$P3IF$0$0                         Lab3_3_SteeringAndCompass
     000000AD  _ET2                               Lab3_3_SteeringAndCompass
     000000AD  _P3IF                              Lab3_3_SteeringAndCompass
     000000AE  G$SADEN1$0$0                       Lab3_3_SteeringAndCompass
     000000AE  _SADEN1                            Lab3_3_SteeringAndCompass
     000000AF  G$EA$0$0                           Lab3_3_SteeringAndCompass
     000000AF  G$EMI0CN$0$0                       Lab3_3_SteeringAndCompass
     000000AF  G$_XPAGE$0$0                       Lab3_3_SteeringAndCompass
     000000AF  _EA                                Lab3_3_SteeringAndCompass
     000000AF  _EMI0CN                            Lab3_3_SteeringAndCompass
     000000AF  __XPAGE                            Lab3_3_SteeringAndCompass
     000000B0  G$P3$0$0                           Lab3_3_SteeringAndCompass
     000000B0  G$P3_0$0$0                         Lab3_3_SteeringAndCompass
     000000B0  _P3                                Lab3_3_SteeringAndCompass
     000000B0  _P3_0                              Lab3_3_SteeringAndCompass
     000000B1  G$OSCXCN$0$0                       Lab3_3_SteeringAndCompass
     000000B1  G$P3_1$0$0                         Lab3_3_SteeringAndCompass
     000000B1  _OSCXCN                            Lab3_3_SteeringAndCompass
     000000B1  _P3_1                              Lab3_3_SteeringAndCompass
     000000B2  G$OSCICN$0$0                       Lab3_3_SteeringAndCompass
     000000B2  G$P3_2$0$0                         Lab3_3_SteeringAndCompass
     000000B2  _OSCICN                            Lab3_3_SteeringAndCompass
     000000B2  _P3_2                              Lab3_3_SteeringAndCompass
     000000B3  G$P3_3$0$0                         Lab3_3_SteeringAndCompass
     000000B3  _P3_3                              Lab3_3_SteeringAndCompass
     000000B4  G$P3_4$0$0                         Lab3_3_SteeringAndCompass
     000000B4  _P3_4                              Lab3_3_SteeringAndCompass
     000000B5  G$P3_5$0$0                         Lab3_3_SteeringAndCompass
     000000B5  G$P74OUT$0$0                       Lab3_3_SteeringAndCompass
     000000B5  _P3_5                              Lab3_3_SteeringAndCompass
     000000B5  _P74OUT                            Lab3_3_SteeringAndCompass
     000000B6  G$FLSCL$0$0                        Lab3_3_SteeringAndCompass
     000000B6  G$P3_6$0$0                         Lab3_3_SteeringAndCompass
     000000B6  _FLSCL                             Lab3_3_SteeringAndCompass
     000000B6  _P3_6                              Lab3_3_SteeringAndCompass
     000000B7  G$FLACL$0$0                        Lab3_3_SteeringAndCompass
     000000B7  G$P3_7$0$0                         Lab3_3_SteeringAndCompass
     000000B7  G$TURN_EN$0$0                      Lab3_3_SteeringAndCompass
     000000B7  _FLACL                             Lab3_3_SteeringAndCompass
     000000B7  _P3_7                              Lab3_3_SteeringAndCompass
ASxxxx Linker V03.00 + NoICE + sdld,  page 8.
Hexadecimal  [32-Bits]

Area                                    Addr        Size        Decimal Bytes (Attributes)
--------------------------------        ----        ----        ------- ----- ------------
.  .ABS.                            00000000    00000000 =           0. bytes (ABS,CON)

      Value  Global                              Global Defined In Module
      -----  --------------------------------   ------------------------
     000000B7  _TURN_EN                           Lab3_3_SteeringAndCompass
     000000B8  G$IP$0$0                           Lab3_3_SteeringAndCompass
     000000B8  G$PX0$0$0                          Lab3_3_SteeringAndCompass
     000000B8  _IP                                Lab3_3_SteeringAndCompass
     000000B8  _PX0                               Lab3_3_SteeringAndCompass
     000000B9  G$PT0$0$0                          Lab3_3_SteeringAndCompass
     000000B9  G$SADEN0$0$0                       Lab3_3_SteeringAndCompass
     000000B9  _PT0                               Lab3_3_SteeringAndCompass
     000000B9  _SADEN0                            Lab3_3_SteeringAndCompass
     000000BA  G$AMX0CF$0$0                       Lab3_3_SteeringAndCompass
     000000BA  G$PX1$0$0                          Lab3_3_SteeringAndCompass
     000000BA  _AMX0CF                            Lab3_3_SteeringAndCompass
     000000BA  _PX1                               Lab3_3_SteeringAndCompass
     000000BB  G$AMX0SL$0$0                       Lab3_3_SteeringAndCompass
     000000BB  G$PT1$0$0                          Lab3_3_SteeringAndCompass
     000000BB  _AMX0SL                            Lab3_3_SteeringAndCompass
     000000BB  _PT1                               Lab3_3_SteeringAndCompass
     000000BC  G$ADC0CF$0$0                       Lab3_3_SteeringAndCompass
     000000BC  G$PS$0$0                           Lab3_3_SteeringAndCompass
     000000BC  G$PS0$0$0                          Lab3_3_SteeringAndCompass
     000000BC  _ADC0CF                            Lab3_3_SteeringAndCompass
     000000BC  _PS                                Lab3_3_SteeringAndCompass
     000000BC  _PS0                               Lab3_3_SteeringAndCompass
     000000BD  G$P1MDIN$0$0                       Lab3_3_SteeringAndCompass
     000000BD  G$PT2$0$0                          Lab3_3_SteeringAndCompass
     000000BD  _P1MDIN                            Lab3_3_SteeringAndCompass
     000000BD  _PT2                               Lab3_3_SteeringAndCompass
     000000BE  G$ADC0L$0$0                        Lab3_3_SteeringAndCompass
     000000BE  _ADC0L                             Lab3_3_SteeringAndCompass
     000000BF  G$ADC0H$0$0                        Lab3_3_SteeringAndCompass
     000000BF  _ADC0H                             Lab3_3_SteeringAndCompass
     000000C0  G$BUS_TOE$0$0                      Lab3_3_SteeringAndCompass
     000000C0  G$SMB0CN$0$0                       Lab3_3_SteeringAndCompass
     000000C0  G$SMBTOE$0$0                       Lab3_3_SteeringAndCompass
     000000C0  _BUS_TOE                           Lab3_3_SteeringAndCompass
     000000C0  _SMB0CN                            Lab3_3_SteeringAndCompass
     000000C0  _SMBTOE                            Lab3_3_SteeringAndCompass
     000000C1  G$BUS_FTE$0$0                      Lab3_3_SteeringAndCompass
     000000C1  G$SMB0STA$0$0                      Lab3_3_SteeringAndCompass
     000000C1  G$SMBFTE$0$0                       Lab3_3_SteeringAndCompass
     000000C1  _BUS_FTE                           Lab3_3_SteeringAndCompass
     000000C1  _SMB0STA                           Lab3_3_SteeringAndCompass
     000000C1  _SMBFTE                            Lab3_3_SteeringAndCompass
     000000C2  G$AA$0$0                           Lab3_3_SteeringAndCompass
     000000C2  G$BUS_AA$0$0                       Lab3_3_SteeringAndCompass
     000000C2  G$SMB0DAT$0$0                      Lab3_3_SteeringAndCompass
     000000C2  _AA                                Lab3_3_SteeringAndCompass
     000000C2  _BUS_AA                            Lab3_3_SteeringAndCompass
     000000C2  _SMB0DAT                           Lab3_3_SteeringAndCompass
     000000C3  G$BUS_INT$0$0                      Lab3_3_SteeringAndCompass
     000000C3  G$SI$0$0                           Lab3_3_SteeringAndCompass
ASxxxx Linker V03.00 + NoICE + sdld,  page 9.
Hexadecimal  [32-Bits]

Area                                    Addr        Size        Decimal Bytes (Attributes)
--------------------------------        ----        ----        ------- ----- ------------
.  .ABS.                            00000000    00000000 =           0. bytes (ABS,CON)

      Value  Global                              Global Defined In Module
      -----  --------------------------------   ------------------------
     000000C3  G$SMB0ADR$0$0                      Lab3_3_SteeringAndCompass
     000000C3  _BUS_INT                           Lab3_3_SteeringAndCompass
     000000C3  _SI                                Lab3_3_SteeringAndCompass
     000000C3  _SMB0ADR                           Lab3_3_SteeringAndCompass
     000000C4  G$ADC0GTL$0$0                      Lab3_3_SteeringAndCompass
     000000C4  G$BUS_STOP$0$0                     Lab3_3_SteeringAndCompass
     000000C4  G$STO$0$0                          Lab3_3_SteeringAndCompass
     000000C4  _ADC0GTL                           Lab3_3_SteeringAndCompass
     000000C4  _BUS_STOP                          Lab3_3_SteeringAndCompass
     000000C4  _STO                               Lab3_3_SteeringAndCompass
     000000C5  G$ADC0GTH$0$0                      Lab3_3_SteeringAndCompass
     000000C5  G$BUS_START$0$0                    Lab3_3_SteeringAndCompass
     000000C5  G$STA$0$0                          Lab3_3_SteeringAndCompass
     000000C5  _ADC0GTH                           Lab3_3_SteeringAndCompass
     000000C5  _BUS_START                         Lab3_3_SteeringAndCompass
     000000C5  _STA                               Lab3_3_SteeringAndCompass
     000000C6  G$ADC0LTL$0$0                      Lab3_3_SteeringAndCompass
     000000C6  G$BUS_EN$0$0                       Lab3_3_SteeringAndCompass
     000000C6  G$ENSMB$0$0                        Lab3_3_SteeringAndCompass
     000000C6  _ADC0LTL                           Lab3_3_SteeringAndCompass
     000000C6  _BUS_EN                            Lab3_3_SteeringAndCompass
     000000C6  _ENSMB                             Lab3_3_SteeringAndCompass
     000000C7  G$ADC0LTH$0$0                      Lab3_3_SteeringAndCompass
     000000C7  G$BUSY$0$0                         Lab3_3_SteeringAndCompass
     000000C7  G$BUS_BUSY$0$0                     Lab3_3_SteeringAndCompass
     000000C7  _ADC0LTH                           Lab3_3_SteeringAndCompass
     000000C7  _BUSY                              Lab3_3_SteeringAndCompass
     000000C7  _BUS_BUSY                          Lab3_3_SteeringAndCompass
     000000C8  G$CPRL2$0$0                        Lab3_3_SteeringAndCompass
     000000C8  G$T2CON$0$0                        Lab3_3_SteeringAndCompass
     000000C8  _CPRL2                             Lab3_3_SteeringAndCompass
     000000C8  _T2CON                             Lab3_3_SteeringAndCompass
     000000C9  G$CT2$0$0                          Lab3_3_SteeringAndCompass
     000000C9  G$T4CON$0$0                        Lab3_3_SteeringAndCompass
     000000C9  _CT2                               Lab3_3_SteeringAndCompass
     000000C9  _T4CON                             Lab3_3_SteeringAndCompass
     000000CA  G$RCAP2L$0$0                       Lab3_3_SteeringAndCompass
     000000CA  G$TR2$0$0                          Lab3_3_SteeringAndCompass
     000000CA  _RCAP2L                            Lab3_3_SteeringAndCompass
     000000CA  _TR2                               Lab3_3_SteeringAndCompass
     000000CB  G$EXEN2$0$0                        Lab3_3_SteeringAndCompass
     000000CB  G$RCAP2H$0$0                       Lab3_3_SteeringAndCompass
     000000CB  _EXEN2                             Lab3_3_SteeringAndCompass
     000000CB  _RCAP2H                            Lab3_3_SteeringAndCompass
     000000CC  G$TCLK$0$0                         Lab3_3_SteeringAndCompass
     000000CC  G$TL2$0$0                          Lab3_3_SteeringAndCompass
     000000CC  _TCLK                              Lab3_3_SteeringAndCompass
     000000CC  _TL2                               Lab3_3_SteeringAndCompass
     000000CD  G$RCLK$0$0                         Lab3_3_SteeringAndCompass
     000000CD  G$TH2$0$0                          Lab3_3_SteeringAndCompass
     000000CD  _RCLK                              Lab3_3_SteeringAndCompass
ASxxxx Linker V03.00 + NoICE + sdld,  page 10.
Hexadecimal  [32-Bits]

Area                                    Addr        Size        Decimal Bytes (Attributes)
--------------------------------        ----        ----        ------- ----- ------------
.  .ABS.                            00000000    00000000 =           0. bytes (ABS,CON)

      Value  Global                              Global Defined In Module
      -----  --------------------------------   ------------------------
     000000CD  _TH2                               Lab3_3_SteeringAndCompass
     000000CE  G$EXF2$0$0                         Lab3_3_SteeringAndCompass
     000000CE  _EXF2                              Lab3_3_SteeringAndCompass
     000000CF  G$SMB0CR$0$0                       Lab3_3_SteeringAndCompass
     000000CF  G$TF2$0$0                          Lab3_3_SteeringAndCompass
     000000CF  _SMB0CR                            Lab3_3_SteeringAndCompass
     000000CF  _TF2                               Lab3_3_SteeringAndCompass
     000000D0  G$P$0$0                            Lab3_3_SteeringAndCompass
     000000D0  G$PSW$0$0                          Lab3_3_SteeringAndCompass
     000000D0  _P                                 Lab3_3_SteeringAndCompass
     000000D0  _PSW                               Lab3_3_SteeringAndCompass
     000000D1  G$F1$0$0                           Lab3_3_SteeringAndCompass
     000000D1  G$REF0CN$0$0                       Lab3_3_SteeringAndCompass
     000000D1  _F1                                Lab3_3_SteeringAndCompass
     000000D1  _REF0CN                            Lab3_3_SteeringAndCompass
     000000D2  G$DAC0L$0$0                        Lab3_3_SteeringAndCompass
     000000D2  G$OV$0$0                           Lab3_3_SteeringAndCompass
     000000D2  _DAC0L                             Lab3_3_SteeringAndCompass
     000000D2  _OV                                Lab3_3_SteeringAndCompass
     000000D3  G$DAC0H$0$0                        Lab3_3_SteeringAndCompass
     000000D3  G$RS0$0$0                          Lab3_3_SteeringAndCompass
     000000D3  _DAC0H                             Lab3_3_SteeringAndCompass
     000000D3  _RS0                               Lab3_3_SteeringAndCompass
     000000D4  G$DAC0CN$0$0                       Lab3_3_SteeringAndCompass
     000000D4  G$RS1$0$0                          Lab3_3_SteeringAndCompass
     000000D4  _DAC0CN                            Lab3_3_SteeringAndCompass
     000000D4  _RS1                               Lab3_3_SteeringAndCompass
     000000D5  G$DAC1L$0$0                        Lab3_3_SteeringAndCompass
     000000D5  G$F0$0$0                           Lab3_3_SteeringAndCompass
     000000D5  _DAC1L                             Lab3_3_SteeringAndCompass
     000000D5  _F0                                Lab3_3_SteeringAndCompass
     000000D6  G$AC$0$0                           Lab3_3_SteeringAndCompass
     000000D6  G$DAC1H$0$0                        Lab3_3_SteeringAndCompass
     000000D6  _AC                                Lab3_3_SteeringAndCompass
     000000D6  _DAC1H                             Lab3_3_SteeringAndCompass
     000000D7  G$CY$0$0                           Lab3_3_SteeringAndCompass
     000000D7  G$DAC1CN$0$0                       Lab3_3_SteeringAndCompass
     000000D7  _CY                                Lab3_3_SteeringAndCompass
     000000D7  _DAC1CN                            Lab3_3_SteeringAndCompass
     000000D8  G$CCF0$0$0                         Lab3_3_SteeringAndCompass
     000000D8  G$PCA0CN$0$0                       Lab3_3_SteeringAndCompass
     000000D8  _CCF0                              Lab3_3_SteeringAndCompass
     000000D8  _PCA0CN                            Lab3_3_SteeringAndCompass
     000000D9  G$CCF1$0$0                         Lab3_3_SteeringAndCompass
     000000D9  G$PCA0MD$0$0                       Lab3_3_SteeringAndCompass
     000000D9  _CCF1                              Lab3_3_SteeringAndCompass
     000000D9  _PCA0MD                            Lab3_3_SteeringAndCompass
     000000DA  G$CCF2$0$0                         Lab3_3_SteeringAndCompass
     000000DA  G$PCA0CPM0$0$0                     Lab3_3_SteeringAndCompass
     000000DA  _CCF2                              Lab3_3_SteeringAndCompass
     000000DA  _PCA0CPM0                          Lab3_3_SteeringAndCompass
ASxxxx Linker V03.00 + NoICE + sdld,  page 11.
Hexadecimal  [32-Bits]

Area                                    Addr        Size        Decimal Bytes (Attributes)
--------------------------------        ----        ----        ------- ----- ------------
.  .ABS.                            00000000    00000000 =           0. bytes (ABS,CON)

      Value  Global                              Global Defined In Module
      -----  --------------------------------   ------------------------
     000000DB  G$CCF3$0$0                         Lab3_3_SteeringAndCompass
     000000DB  G$PCA0CPM1$0$0                     Lab3_3_SteeringAndCompass
     000000DB  _CCF3                              Lab3_3_SteeringAndCompass
     000000DB  _PCA0CPM1                          Lab3_3_SteeringAndCompass
     000000DC  G$CCF4$0$0                         Lab3_3_SteeringAndCompass
     000000DC  G$PCA0CPM2$0$0                     Lab3_3_SteeringAndCompass
     000000DC  _CCF4                              Lab3_3_SteeringAndCompass
     000000DC  _PCA0CPM2                          Lab3_3_SteeringAndCompass
     000000DD  G$PCA0CPM3$0$0                     Lab3_3_SteeringAndCompass
     000000DD  _PCA0CPM3                          Lab3_3_SteeringAndCompass
     000000DE  G$CR$0$0                           Lab3_3_SteeringAndCompass
     000000DE  G$PCA0CPM4$0$0                     Lab3_3_SteeringAndCompass
     000000DE  _CR                                Lab3_3_SteeringAndCompass
     000000DE  _PCA0CPM4                          Lab3_3_SteeringAndCompass
     000000DF  G$CF$0$0                           Lab3_3_SteeringAndCompass
     000000DF  _CF                                Lab3_3_SteeringAndCompass
     000000E0  G$ACC$0$0                          Lab3_3_SteeringAndCompass
     000000E0  _ACC                               Lab3_3_SteeringAndCompass
     000000E1  G$XBR0$0$0                         Lab3_3_SteeringAndCompass
     000000E1  _XBR0                              Lab3_3_SteeringAndCompass
     000000E2  G$XBR1$0$0                         Lab3_3_SteeringAndCompass
     000000E2  _XBR1                              Lab3_3_SteeringAndCompass
     000000E3  G$XBR2$0$0                         Lab3_3_SteeringAndCompass
     000000E3  _XBR2                              Lab3_3_SteeringAndCompass
     000000E4  G$RCAP4L$0$0                       Lab3_3_SteeringAndCompass
     000000E4  _RCAP4L                            Lab3_3_SteeringAndCompass
     000000E5  G$RCAP4H$0$0                       Lab3_3_SteeringAndCompass
     000000E5  _RCAP4H                            Lab3_3_SteeringAndCompass
     000000E6  G$EIE1$0$0                         Lab3_3_SteeringAndCompass
     000000E6  _EIE1                              Lab3_3_SteeringAndCompass
     000000E7  G$EIE2$0$0                         Lab3_3_SteeringAndCompass
     000000E7  _EIE2                              Lab3_3_SteeringAndCompass
     000000E8  G$AD0LJST$0$0                      Lab3_3_SteeringAndCompass
     000000E8  G$ADC0CN$0$0                       Lab3_3_SteeringAndCompass
     000000E8  G$ADLJST$0$0                       Lab3_3_SteeringAndCompass
     000000E8  _AD0LJST                           Lab3_3_SteeringAndCompass
     000000E8  _ADC0CN                            Lab3_3_SteeringAndCompass
     000000E8  _ADLJST                            Lab3_3_SteeringAndCompass
     000000E9  G$AD0WINT$0$0                      Lab3_3_SteeringAndCompass
     000000E9  G$ADWINT$0$0                       Lab3_3_SteeringAndCompass
     000000E9  G$PCA0L$0$0                        Lab3_3_SteeringAndCompass
     000000E9  _AD0WINT                           Lab3_3_SteeringAndCompass
     000000E9  _ADWINT                            Lab3_3_SteeringAndCompass
     000000E9  _PCA0L                             Lab3_3_SteeringAndCompass
     000000EA  G$AD0CM0$0$0                       Lab3_3_SteeringAndCompass
     000000EA  G$ADSTM0$0$0                       Lab3_3_SteeringAndCompass
     000000EA  G$PCA0CPL0$0$0                     Lab3_3_SteeringAndCompass
     000000EA  _AD0CM0                            Lab3_3_SteeringAndCompass
     000000EA  _ADSTM0                            Lab3_3_SteeringAndCompass
     000000EA  _PCA0CPL0                          Lab3_3_SteeringAndCompass
     000000EB  G$AD0CM1$0$0                       Lab3_3_SteeringAndCompass
ASxxxx Linker V03.00 + NoICE + sdld,  page 12.
Hexadecimal  [32-Bits]

Area                                    Addr        Size        Decimal Bytes (Attributes)
--------------------------------        ----        ----        ------- ----- ------------
.  .ABS.                            00000000    00000000 =           0. bytes (ABS,CON)

      Value  Global                              Global Defined In Module
      -----  --------------------------------   ------------------------
     000000EB  G$ADSTM1$0$0                       Lab3_3_SteeringAndCompass
     000000EB  G$PCA0CPL1$0$0                     Lab3_3_SteeringAndCompass
     000000EB  _AD0CM1                            Lab3_3_SteeringAndCompass
     000000EB  _ADSTM1                            Lab3_3_SteeringAndCompass
     000000EB  _PCA0CPL1                          Lab3_3_SteeringAndCompass
     000000EC  G$AD0BUSY$0$0                      Lab3_3_SteeringAndCompass
     000000EC  G$ADBUSY$0$0                       Lab3_3_SteeringAndCompass
     000000EC  G$PCA0CPL2$0$0                     Lab3_3_SteeringAndCompass
     000000EC  _AD0BUSY                           Lab3_3_SteeringAndCompass
     000000EC  _ADBUSY                            Lab3_3_SteeringAndCompass
     000000EC  _PCA0CPL2                          Lab3_3_SteeringAndCompass
     000000ED  G$AD0INT$0$0                       Lab3_3_SteeringAndCompass
     000000ED  G$ADCINT$0$0                       Lab3_3_SteeringAndCompass
     000000ED  G$PCA0CPL3$0$0                     Lab3_3_SteeringAndCompass
     000000ED  _AD0INT                            Lab3_3_SteeringAndCompass
     000000ED  _ADCINT                            Lab3_3_SteeringAndCompass
     000000ED  _PCA0CPL3                          Lab3_3_SteeringAndCompass
     000000EE  G$AD0TM$0$0                        Lab3_3_SteeringAndCompass
     000000EE  G$ADCTM$0$0                        Lab3_3_SteeringAndCompass
     000000EE  G$PCA0CPL4$0$0                     Lab3_3_SteeringAndCompass
     000000EE  _AD0TM                             Lab3_3_SteeringAndCompass
     000000EE  _ADCTM                             Lab3_3_SteeringAndCompass
     000000EE  _PCA0CPL4                          Lab3_3_SteeringAndCompass
     000000EF  G$AD0EN$0$0                        Lab3_3_SteeringAndCompass
     000000EF  G$ADCEN$0$0                        Lab3_3_SteeringAndCompass
     000000EF  G$RSTSRC$0$0                       Lab3_3_SteeringAndCompass
     000000EF  _AD0EN                             Lab3_3_SteeringAndCompass
     000000EF  _ADCEN                             Lab3_3_SteeringAndCompass
     000000EF  _RSTSRC                            Lab3_3_SteeringAndCompass
     000000F0  G$B$0$0                            Lab3_3_SteeringAndCompass
     000000F0  _B                                 Lab3_3_SteeringAndCompass
     000000F1  G$SCON1$0$0                        Lab3_3_SteeringAndCompass
     000000F1  _SCON1                             Lab3_3_SteeringAndCompass
     000000F2  G$SBUF1$0$0                        Lab3_3_SteeringAndCompass
     000000F2  _SBUF1                             Lab3_3_SteeringAndCompass
     000000F3  G$SADDR1$0$0                       Lab3_3_SteeringAndCompass
     000000F3  _SADDR1                            Lab3_3_SteeringAndCompass
     000000F4  G$TL4$0$0                          Lab3_3_SteeringAndCompass
     000000F4  _TL4                               Lab3_3_SteeringAndCompass
     000000F5  G$TH4$0$0                          Lab3_3_SteeringAndCompass
     000000F5  _B_5                               _gptrget
     000000F5  _TH4                               Lab3_3_SteeringAndCompass
     000000F6  G$EIP1$0$0                         Lab3_3_SteeringAndCompass
     000000F6  _B_6                               _gptrget
     000000F6  _EIP1                              Lab3_3_SteeringAndCompass
     000000F7  G$EIP2$0$0                         Lab3_3_SteeringAndCompass
     000000F7  _B_7                               _gptrget
     000000F7  _EIP2                              Lab3_3_SteeringAndCompass
     000000F8  G$SPI0CN$0$0                       Lab3_3_SteeringAndCompass
     000000F8  G$SPIEN$0$0                        Lab3_3_SteeringAndCompass
     000000F8  _SPI0CN                            Lab3_3_SteeringAndCompass
ASxxxx Linker V03.00 + NoICE + sdld,  page 13.
Hexadecimal  [32-Bits]

Area                                    Addr        Size        Decimal Bytes (Attributes)
--------------------------------        ----        ----        ------- ----- ------------
.  .ABS.                            00000000    00000000 =           0. bytes (ABS,CON)

      Value  Global                              Global Defined In Module
      -----  --------------------------------   ------------------------
     000000F8  _SPIEN                             Lab3_3_SteeringAndCompass
     000000F9  G$MSTEN$0$0                        Lab3_3_SteeringAndCompass
     000000F9  G$PCA0H$0$0                        Lab3_3_SteeringAndCompass
     000000F9  _MSTEN                             Lab3_3_SteeringAndCompass
     000000F9  _PCA0H                             Lab3_3_SteeringAndCompass
     000000FA  G$PCA0CPH0$0$0                     Lab3_3_SteeringAndCompass
     000000FA  G$SLVSEL$0$0                       Lab3_3_SteeringAndCompass
     000000FA  _PCA0CPH0                          Lab3_3_SteeringAndCompass
     000000FA  _SLVSEL                            Lab3_3_SteeringAndCompass
     000000FB  G$PCA0CPH1$0$0                     Lab3_3_SteeringAndCompass
     000000FB  G$TXBSY$0$0                        Lab3_3_SteeringAndCompass
     000000FB  _PCA0CPH1                          Lab3_3_SteeringAndCompass
     000000FB  _TXBSY                             Lab3_3_SteeringAndCompass
     000000FC  G$PCA0CPH2$0$0                     Lab3_3_SteeringAndCompass
     000000FC  G$RXOVRN$0$0                       Lab3_3_SteeringAndCompass
     000000FC  _PCA0CPH2                          Lab3_3_SteeringAndCompass
     000000FC  _RXOVRN                            Lab3_3_SteeringAndCompass
     000000FD  G$MODF$0$0                         Lab3_3_SteeringAndCompass
     000000FD  G$PCA0CPH3$0$0                     Lab3_3_SteeringAndCompass
     000000FD  _MODF                              Lab3_3_SteeringAndCompass
     000000FD  _PCA0CPH3                          Lab3_3_SteeringAndCompass
     000000FE  G$PCA0CPH4$0$0                     Lab3_3_SteeringAndCompass
     000000FE  G$WCOL$0$0                         Lab3_3_SteeringAndCompass
     000000FE  _PCA0CPH4                          Lab3_3_SteeringAndCompass
     000000FE  _WCOL                              Lab3_3_SteeringAndCompass
     000000FF  G$SPIF$0$0                         Lab3_3_SteeringAndCompass
     000000FF  G$WDTCN$0$0                        Lab3_3_SteeringAndCompass
     000000FF  _SPIF                              Lab3_3_SteeringAndCompass
     000000FF  _WDTCN                             Lab3_3_SteeringAndCompass
     00008C8A  G$TMR0$0$0                         Lab3_3_SteeringAndCompass
     00008C8A  _TMR0                              Lab3_3_SteeringAndCompass
     00008D8B  G$TMR1$0$0                         Lab3_3_SteeringAndCompass
     00008D8B  _TMR1                              Lab3_3_SteeringAndCompass
     00009392  G$TMR3RL$0$0                       Lab3_3_SteeringAndCompass
     00009392  _TMR3RL                            Lab3_3_SteeringAndCompass
     00009594  G$TMR3$0$0                         Lab3_3_SteeringAndCompass
     00009594  _TMR3                              Lab3_3_SteeringAndCompass
     0000BFBE  G$ADC0$0$0                         Lab3_3_SteeringAndCompass
     0000BFBE  _ADC0                              Lab3_3_SteeringAndCompass
     0000C5C4  G$ADC0GT$0$0                       Lab3_3_SteeringAndCompass
     0000C5C4  _ADC0GT                            Lab3_3_SteeringAndCompass
     0000C7C6  G$ADC0LT$0$0                       Lab3_3_SteeringAndCompass
     0000C7C6  _ADC0LT                            Lab3_3_SteeringAndCompass
     0000CBCA  G$RCAP2$0$0                        Lab3_3_SteeringAndCompass
     0000CBCA  _RCAP2                             Lab3_3_SteeringAndCompass
     0000CDCC  G$TMR2$0$0                         Lab3_3_SteeringAndCompass
     0000CDCC  _TMR2                              Lab3_3_SteeringAndCompass
     0000D3D2  G$DAC0$0$0                         Lab3_3_SteeringAndCompass
     0000D3D2  _DAC0                              Lab3_3_SteeringAndCompass
     0000D6D5  G$DAC1$0$0                         Lab3_3_SteeringAndCompass
     0000D6D5  _DAC1                              Lab3_3_SteeringAndCompass
ASxxxx Linker V03.00 + NoICE + sdld,  page 14.
Hexadecimal  [32-Bits]

Area                                    Addr        Size        Decimal Bytes (Attributes)
--------------------------------        ----        ----        ------- ----- ------------
.  .ABS.                            00000000    00000000 =           0. bytes (ABS,CON)

      Value  Global                              Global Defined In Module
      -----  --------------------------------   ------------------------
     0000E5E4  G$RCAP4$0$0                        Lab3_3_SteeringAndCompass
     0000E5E4  _RCAP4                             Lab3_3_SteeringAndCompass
     0000F5F4  G$TMR4$0$0                         Lab3_3_SteeringAndCompass
     0000F5F4  _TMR4                              Lab3_3_SteeringAndCompass
     0000F9E9  G$PCA0$0$0                         Lab3_3_SteeringAndCompass
     0000F9E9  _PCA0                              Lab3_3_SteeringAndCompass
     0000FAEA  G$PCA0CP0$0$0                      Lab3_3_SteeringAndCompass
     0000FAEA  _PCA0CP0                           Lab3_3_SteeringAndCompass
     0000FBEB  G$PCA0CP1$0$0                      Lab3_3_SteeringAndCompass
     0000FBEB  _PCA0CP1                           Lab3_3_SteeringAndCompass
     0000FCEC  G$PCA0CP2$0$0                      Lab3_3_SteeringAndCompass
     0000FCEC  _PCA0CP2                           Lab3_3_SteeringAndCompass
     0000FDED  G$PCA0CP3$0$0                      Lab3_3_SteeringAndCompass
     0000FDED  _PCA0CP3                           Lab3_3_SteeringAndCompass
     0000FEEE  G$PCA0CP4$0$0                      Lab3_3_SteeringAndCompass
     0000FEEE  _PCA0CP4                           Lab3_3_SteeringAndCompass
ASxxxx Linker V03.00 + NoICE + sdld,  page 15.
Hexadecimal  [32-Bits]

Area                                    Addr        Size        Decimal Bytes (Attributes)
--------------------------------        ----        ----        ------- ----- ------------
BSEG_BYTES                          00000020    00000002 =           2. bytes (REL,CON)

      Value  Global                              Global Defined In Module
      -----  --------------------------------   ------------------------
ASxxxx Linker V03.00 + NoICE + sdld,  page 16.
Hexadecimal  [32-Bits]

Area                                    Addr        Size        Decimal Bytes (Attributes)
--------------------------------        ----        ----        ------- ----- ------------
REG_BANK_0                          00000000    00000008 =           8. bytes (REL,OVR)

      Value  Global                              Global Defined In Module
      -----  --------------------------------   ------------------------
ASxxxx Linker V03.00 + NoICE + sdld,  page 17.
Hexadecimal  [32-Bits]

Area                                    Addr        Size        Decimal Bytes (Attributes)
--------------------------------        ----        ----        ------- ----- ------------
DSEG                                00000000    0000007D =         125. bytes (REL,CON)

      Value  Global                              Global Defined In Module
      -----  --------------------------------   ------------------------
     00000008  _vsprintf_PARM_2                   sprintf
     0000000B  _vsprintf_PARM_3                   sprintf
     0000000F  _bp                                _bp
     00000010  _vprintf_PARM_2                    vprintf
     00000022  G$Data2$0$0                        Lab3_3_SteeringAndCompass
     00000022  _Data2                             Lab3_3_SteeringAndCompass
     00000025  LLab3_3_SteeringAndCompass.align   Lab3_3_SteeringAndCompass
     00000025  _aligned_alloc_PARM_2              Lab3_3_SteeringAndCompass
     00000027  LLab3_3_SteeringAndCompass.lcd_c   Lab3_3_SteeringAndCompass
     00000028  LLab3_3_SteeringAndCompass.lcd_c   Lab3_3_SteeringAndCompass
     0000002A  LLab3_3_SteeringAndCompass.read_   Lab3_3_SteeringAndCompass
     0000002C  LLab3_3_SteeringAndCompass.i2c_w   Lab3_3_SteeringAndCompass
     0000002C  _i2c_write_data_PARM_2             Lab3_3_SteeringAndCompass
     0000002D  LLab3_3_SteeringAndCompass.i2c_w   Lab3_3_SteeringAndCompass
     0000002D  _i2c_write_data_PARM_3             Lab3_3_SteeringAndCompass
     00000030  LLab3_3_SteeringAndCompass.i2c_w   Lab3_3_SteeringAndCompass
     00000030  _i2c_write_data_PARM_4             Lab3_3_SteeringAndCompass
     00000031  LLab3_3_SteeringAndCompass.i2c_r   Lab3_3_SteeringAndCompass
     00000031  _i2c_read_data_PARM_2              Lab3_3_SteeringAndCompass
     00000032  LLab3_3_SteeringAndCompass.i2c_r   Lab3_3_SteeringAndCompass
     00000032  _i2c_read_data_PARM_3              Lab3_3_SteeringAndCompass
     00000035  LLab3_3_SteeringAndCompass.i2c_r   Lab3_3_SteeringAndCompass
     00000035  _i2c_read_data_PARM_4              Lab3_3_SteeringAndCompass
     00000036  G$PW_CENTER$0$0                    Lab3_3_SteeringAndCompass
     00000036  _PW_CENTER                         Lab3_3_SteeringAndCompass
     00000038  G$PW_RIGHT$0$0                     Lab3_3_SteeringAndCompass
     00000038  _PW_RIGHT                          Lab3_3_SteeringAndCompass
     0000003A  G$PW_LEFT$0$0                      Lab3_3_SteeringAndCompass
     0000003A  _PW_LEFT                           Lab3_3_SteeringAndCompass
     0000003C  G$SERVO_PW$0$0                     Lab3_3_SteeringAndCompass
     0000003C  _SERVO_PW                          Lab3_3_SteeringAndCompass
     0000003E  G$count$0$0                        Lab3_3_SteeringAndCompass
     0000003E  _count                             Lab3_3_SteeringAndCompass
     00000040  G$bearing$0$0                      Lab3_3_SteeringAndCompass
     00000040  _bearing                           Lab3_3_SteeringAndCompass
     00000042  G$other$0$0                        Lab3_3_SteeringAndCompass
     00000042  _other                             Lab3_3_SteeringAndCompass
     00000044  G$heading$0$0                      Lab3_3_SteeringAndCompass
     00000044  _heading                           Lab3_3_SteeringAndCompass
     00000046  LLab3_3_SteeringAndCompass.ReadC   Lab3_3_SteeringAndCompass
     00000048  LLab3_3_SteeringAndCompass.Error   Lab3_3_SteeringAndCompass
     00000056  __print_format_PARM_2              printf_large
     00000059  __print_format_PARM_3              printf_large
     0000005C  __print_format_PARM_4              printf_large

ASxxxx Linker V03.00 + NoICE + sdld,  page 18.
Hexadecimal  [32-Bits]

Area                                    Addr        Size        Decimal Bytes (Attributes)
--------------------------------        ----        ----        ------- ----- ------------
OSEG                                00000011    00000006 =           6. bytes (REL,OVR)

      Value  Global                              Global Defined In Module
      -----  --------------------------------   ------------------------
     00000011  __gptrput_PARM_2                   _gptrput
     00000011  __modsint_PARM_2                   _moduint
     00000011  __moduint_PARM_2                   _moduint
     00000011  __mulint_PARM_2                    _mulint

ASxxxx Linker V03.00 + NoICE + sdld,  page 19.
Hexadecimal  [32-Bits]

Area                                    Addr        Size        Decimal Bytes (Attributes)
--------------------------------        ----        ----        ------- ----- ------------
ISEG                                00000017    00000006 =           6. bytes (REL,CON)

      Value  Global                              Global Defined In Module
      -----  --------------------------------   ------------------------
ASxxxx Linker V03.00 + NoICE + sdld,  page 20.
Hexadecimal  [32-Bits]

Area                                    Addr        Size        Decimal Bytes (Attributes)
--------------------------------        ----        ----        ------- ----- ------------
SSEG                                00000064    0000009C =         156. bytes (REL,OVR)

      Value  Global                              Global Defined In Module
      -----  --------------------------------   ------------------------
     00000064  __start__stack                     Lab3_3_SteeringAndCompass

ASxxxx Linker V03.00 + NoICE + sdld,  page 21.
Hexadecimal  [32-Bits]

Area                                    Addr        Size        Decimal Bytes (Attributes)
--------------------------------        ----        ----        ------- ----- ------------
XSEG                                00000001    00000050 =          80. bytes (REL,CON,XDATA)

      Value  Global                              Global Defined In Module
      -----  --------------------------------   ------------------------
D:   00000001  LLab3_3_SteeringAndCompass.lcd_p   Lab3_3_SteeringAndCompass

ASxxxx Linker V03.00 + NoICE + sdld,  page 22.
Hexadecimal  [32-Bits]

Area                                    Addr        Size        Decimal Bytes (Attributes)
--------------------------------        ----        ----        ------- ----- ------------
HOME                                00000000    00000051 =          81. bytes (REL,CON,CODE)

      Value  Global                              Global Defined In Module
      -----  --------------------------------   ------------------------
C:   00000000  A$Lab3-3_SteeringAndCompass$1063   Lab3_3_SteeringAndCompass
C:   00000003  A$Lab3-3_SteeringAndCompass$1064   Lab3_3_SteeringAndCompass
C:   0000000B  A$Lab3-3_SteeringAndCompass$1066   Lab3_3_SteeringAndCompass
C:   00000013  A$Lab3-3_SteeringAndCompass$1068   Lab3_3_SteeringAndCompass
C:   0000001B  A$Lab3-3_SteeringAndCompass$1070   Lab3_3_SteeringAndCompass
C:   00000023  A$Lab3-3_SteeringAndCompass$1072   Lab3_3_SteeringAndCompass
C:   0000002B  A$Lab3-3_SteeringAndCompass$1074   Lab3_3_SteeringAndCompass
C:   00000033  A$Lab3-3_SteeringAndCompass$1076   Lab3_3_SteeringAndCompass
C:   0000003B  A$Lab3-3_SteeringAndCompass$1078   Lab3_3_SteeringAndCompass
C:   00000043  A$Lab3-3_SteeringAndCompass$1080   Lab3_3_SteeringAndCompass
C:   0000004B  A$Lab3-3_SteeringAndCompass$1082   Lab3_3_SteeringAndCompass
C:   0000004E  A$Lab3-3_SteeringAndCompass$1137   Lab3_3_SteeringAndCompass
C:   0000004E  __sdcc_program_startup             Lab3_3_SteeringAndCompass

ASxxxx Linker V03.00 + NoICE + sdld,  page 23.
Hexadecimal  [32-Bits]

Area                                    Addr        Size        Decimal Bytes (Attributes)
--------------------------------        ----        ----        ------- ----- ------------
GSINIT0                             00000051    00000003 =           3. bytes (REL,CON,CODE)

      Value  Global                              Global Defined In Module
      -----  --------------------------------   ------------------------
C:   00000051  __sdcc_gsinit_startup              

ASxxxx Linker V03.00 + NoICE + sdld,  page 24.
Hexadecimal  [32-Bits]

Area                                    Addr        Size        Decimal Bytes (Attributes)
--------------------------------        ----        ----        ------- ----- ------------
GSINIT2                             00000054    0000000A =          10. bytes (REL,CON,CODE)

      Value  Global                              Global Defined In Module
      -----  --------------------------------   ------------------------
ASxxxx Linker V03.00 + NoICE + sdld,  page 25.
Hexadecimal  [32-Bits]

Area                                    Addr        Size        Decimal Bytes (Attributes)
--------------------------------        ----        ----        ------- ----- ------------
GSINIT3                             0000005E    00000022 =          34. bytes (REL,CON,CODE)

      Value  Global                              Global Defined In Module
      -----  --------------------------------   ------------------------
C:   0000005E  __mcs51_genXINIT                   

ASxxxx Linker V03.00 + NoICE + sdld,  page 26.
Hexadecimal  [32-Bits]

Area                                    Addr        Size        Decimal Bytes (Attributes)
--------------------------------        ----        ----        ------- ----- ------------
GSINIT4                             00000080    0000002A =          42. bytes (REL,CON,CODE)

      Value  Global                              Global Defined In Module
      -----  --------------------------------   ------------------------
C:   00000080  __mcs51_genRAMCLEAR                
C:   00000086  __mcs51_genXRAMCLEAR               

ASxxxx Linker V03.00 + NoICE + sdld,  page 27.
Hexadecimal  [32-Bits]

Area                                    Addr        Size        Decimal Bytes (Attributes)
--------------------------------        ----        ----        ------- ----- ------------
GSINIT                              000000AA    00000029 =          41. bytes (REL,CON,CODE)

      Value  Global                              Global Defined In Module
      -----  --------------------------------   ------------------------
C:   000000AA  A$Lab3-3_SteeringAndCompass$1098   Lab3_3_SteeringAndCompass
C:   000000AA  C$Lab3_3_SteeringAndCompass.c$28   Lab3_3_SteeringAndCompass
C:   000000AD  A$Lab3-3_SteeringAndCompass$1099   Lab3_3_SteeringAndCompass
C:   000000B0  A$Lab3-3_SteeringAndCompass$1102   Lab3_3_SteeringAndCompass
C:   000000B0  C$Lab3_3_SteeringAndCompass.c$29   Lab3_3_SteeringAndCompass
C:   000000B3  A$Lab3-3_SteeringAndCompass$1103   Lab3_3_SteeringAndCompass
C:   000000B6  A$Lab3-3_SteeringAndCompass$1106   Lab3_3_SteeringAndCompass
C:   000000B6  C$Lab3_3_SteeringAndCompass.c$30   Lab3_3_SteeringAndCompass
C:   000000B9  A$Lab3-3_SteeringAndCompass$1107   Lab3_3_SteeringAndCompass
C:   000000BC  A$Lab3-3_SteeringAndCompass$1110   Lab3_3_SteeringAndCompass
C:   000000BC  C$Lab3_3_SteeringAndCompass.c$31   Lab3_3_SteeringAndCompass
C:   000000BD  A$Lab3-3_SteeringAndCompass$1111   Lab3_3_SteeringAndCompass
C:   000000BF  A$Lab3-3_SteeringAndCompass$1112   Lab3_3_SteeringAndCompass
C:   000000C1  A$Lab3-3_SteeringAndCompass$1115   Lab3_3_SteeringAndCompass
C:   000000C1  C$Lab3_3_SteeringAndCompass.c$32   Lab3_3_SteeringAndCompass
C:   000000C3  A$Lab3-3_SteeringAndCompass$1116   Lab3_3_SteeringAndCompass
C:   000000C5  A$Lab3-3_SteeringAndCompass$1119   Lab3_3_SteeringAndCompass
C:   000000C5  C$Lab3_3_SteeringAndCompass.c$33   Lab3_3_SteeringAndCompass
C:   000000C7  A$Lab3-3_SteeringAndCompass$1120   Lab3_3_SteeringAndCompass
C:   000000C9  A$Lab3-3_SteeringAndCompass$1123   Lab3_3_SteeringAndCompass
C:   000000C9  C$Lab3_3_SteeringAndCompass.c$34   Lab3_3_SteeringAndCompass
C:   000000CB  A$Lab3-3_SteeringAndCompass$1124   Lab3_3_SteeringAndCompass
C:   000000CD  A$Lab3-3_SteeringAndCompass$1127   Lab3_3_SteeringAndCompass
C:   000000CD  C$Lab3_3_SteeringAndCompass.c$35   Lab3_3_SteeringAndCompass
C:   000000D0  A$Lab3-3_SteeringAndCompass$1128   Lab3_3_SteeringAndCompass

ASxxxx Linker V03.00 + NoICE + sdld,  page 28.
Hexadecimal  [32-Bits]

Area                                    Addr        Size        Decimal Bytes (Attributes)
--------------------------------        ----        ----        ------- ----- ------------
GSFINAL                             000000D3    00000003 =           3. bytes (REL,CON,CODE)

      Value  Global                              Global Defined In Module
      -----  --------------------------------   ------------------------
C:   000000D3  A$Lab3-3_SteeringAndCompass$1130   Lab3_3_SteeringAndCompass

ASxxxx Linker V03.00 + NoICE + sdld,  page 29.
Hexadecimal  [32-Bits]

Area                                    Addr        Size        Decimal Bytes (Attributes)
--------------------------------        ----        ----        ------- ----- ------------
CSEG                                000000D6    0000127F =        4735. bytes (REL,CON,CODE)

      Value  Global                              Global Defined In Module
      -----  --------------------------------   ------------------------
C:   000000D6  A$Lab3-3_SteeringAndCompass$1165   Lab3_3_SteeringAndCompass
C:   000000D6  C$c8051_SDCC.h$62$0$0              Lab3_3_SteeringAndCompass
C:   000000D6  C$c8051_SDCC.h$66$1$2              Lab3_3_SteeringAndCompass
C:   000000D6  G$SYSCLK_Init$0$0                  Lab3_3_SteeringAndCompass
C:   000000D6  _SYSCLK_Init                       Lab3_3_SteeringAndCompass
C:   000000D9  A$Lab3-3_SteeringAndCompass$1168   Lab3_3_SteeringAndCompass
C:   000000D9  C$c8051_SDCC.h$69$1$2              Lab3_3_SteeringAndCompass
C:   000000DB  A$Lab3-3_SteeringAndCompass$1169   Lab3_3_SteeringAndCompass
C:   000000DD  A$Lab3-3_SteeringAndCompass$1171   Lab3_3_SteeringAndCompass
C:   000000DE  A$Lab3-3_SteeringAndCompass$1172   Lab3_3_SteeringAndCompass
C:   000000E0  A$Lab3-3_SteeringAndCompass$1173   Lab3_3_SteeringAndCompass
C:   000000E1  A$Lab3-3_SteeringAndCompass$1174   Lab3_3_SteeringAndCompass
C:   000000E2  A$Lab3-3_SteeringAndCompass$1175   Lab3_3_SteeringAndCompass
C:   000000E4  A$Lab3-3_SteeringAndCompass$1176   Lab3_3_SteeringAndCompass
C:   000000E5  A$Lab3-3_SteeringAndCompass$1177   Lab3_3_SteeringAndCompass
C:   000000E7  A$Lab3-3_SteeringAndCompass$1178   Lab3_3_SteeringAndCompass
C:   000000E9  A$Lab3-3_SteeringAndCompass$1179   Lab3_3_SteeringAndCompass
C:   000000EA  A$Lab3-3_SteeringAndCompass$1180   Lab3_3_SteeringAndCompass
C:   000000EB  A$Lab3-3_SteeringAndCompass$1181   Lab3_3_SteeringAndCompass
C:   000000ED  A$Lab3-3_SteeringAndCompass$1185   Lab3_3_SteeringAndCompass
C:   000000ED  C$c8051_SDCC.h$71$1$2              Lab3_3_SteeringAndCompass
C:   000000EF  A$Lab3-3_SteeringAndCompass$1186   Lab3_3_SteeringAndCompass
C:   000000F2  A$Lab3-3_SteeringAndCompass$1189   Lab3_3_SteeringAndCompass
C:   000000F2  C$c8051_SDCC.h$73$1$2              Lab3_3_SteeringAndCompass
C:   000000F5  A$Lab3-3_SteeringAndCompass$1192   Lab3_3_SteeringAndCompass
C:   000000F5  C$c8051_SDCC.h$76$1$2              Lab3_3_SteeringAndCompass
C:   000000F5  XG$SYSCLK_Init$0$0                 Lab3_3_SteeringAndCompass
C:   000000F6  A$Lab3-3_SteeringAndCompass$1205   Lab3_3_SteeringAndCompass
C:   000000F6  C$c8051_SDCC.h$84$1$2              Lab3_3_SteeringAndCompass
C:   000000F6  C$c8051_SDCC.h$86$1$4              Lab3_3_SteeringAndCompass
C:   000000F6  G$UART0_Init$0$0                   Lab3_3_SteeringAndCompass
C:   000000F6  _UART0_Init                        Lab3_3_SteeringAndCompass
C:   000000F9  A$Lab3-3_SteeringAndCompass$1208   Lab3_3_SteeringAndCompass
C:   000000F9  C$c8051_SDCC.h$87$1$4              Lab3_3_SteeringAndCompass
C:   000000FC  A$Lab3-3_SteeringAndCompass$1211   Lab3_3_SteeringAndCompass
C:   000000FC  C$c8051_SDCC.h$88$1$4              Lab3_3_SteeringAndCompass
C:   000000FF  A$Lab3-3_SteeringAndCompass$1214   Lab3_3_SteeringAndCompass
C:   000000FF  C$c8051_SDCC.h$89$1$4              Lab3_3_SteeringAndCompass
C:   00000101  A$Lab3-3_SteeringAndCompass$1217   Lab3_3_SteeringAndCompass
C:   00000101  C$c8051_SDCC.h$90$1$4              Lab3_3_SteeringAndCompass
C:   00000104  A$Lab3-3_SteeringAndCompass$1220   Lab3_3_SteeringAndCompass
C:   00000104  C$c8051_SDCC.h$91$1$4              Lab3_3_SteeringAndCompass
C:   00000107  A$Lab3-3_SteeringAndCompass$1223   Lab3_3_SteeringAndCompass
C:   00000107  C$c8051_SDCC.h$93$1$4              Lab3_3_SteeringAndCompass
C:   00000109  A$Lab3-3_SteeringAndCompass$1226   Lab3_3_SteeringAndCompass
C:   00000109  C$c8051_SDCC.h$94$1$4              Lab3_3_SteeringAndCompass
C:   0000010C  A$Lab3-3_SteeringAndCompass$1229   Lab3_3_SteeringAndCompass
C:   0000010C  C$c8051_SDCC.h$95$1$4              Lab3_3_SteeringAndCompass
C:   0000010C  XG$UART0_Init$0$0                  Lab3_3_SteeringAndCompass
C:   0000010D  A$Lab3-3_SteeringAndCompass$1242   Lab3_3_SteeringAndCompass
ASxxxx Linker V03.00 + NoICE + sdld,  page 30.
Hexadecimal  [32-Bits]

Area                                    Addr        Size        Decimal Bytes (Attributes)
--------------------------------        ----        ----        ------- ----- ------------
CSEG                                000000D6    0000127F =        4735. bytes (REL,CON,CODE)

      Value  Global                              Global Defined In Module
      -----  --------------------------------   ------------------------
C:   0000010D  C$c8051_SDCC.h$103$1$4             Lab3_3_SteeringAndCompass
C:   0000010D  C$c8051_SDCC.h$105$1$6             Lab3_3_SteeringAndCompass
C:   0000010D  G$Sys_Init$0$0                     Lab3_3_SteeringAndCompass
C:   0000010D  _Sys_Init                          Lab3_3_SteeringAndCompass
C:   00000110  A$Lab3-3_SteeringAndCompass$1245   Lab3_3_SteeringAndCompass
C:   00000110  C$c8051_SDCC.h$106$1$6             Lab3_3_SteeringAndCompass
C:   00000113  A$Lab3-3_SteeringAndCompass$1248   Lab3_3_SteeringAndCompass
C:   00000113  C$c8051_SDCC.h$108$1$6             Lab3_3_SteeringAndCompass
C:   00000116  A$Lab3-3_SteeringAndCompass$1251   Lab3_3_SteeringAndCompass
C:   00000116  C$c8051_SDCC.h$109$1$6             Lab3_3_SteeringAndCompass
C:   00000119  A$Lab3-3_SteeringAndCompass$1254   Lab3_3_SteeringAndCompass
C:   00000119  C$c8051_SDCC.h$111$1$6             Lab3_3_SteeringAndCompass
C:   0000011C  A$Lab3-3_SteeringAndCompass$1257   Lab3_3_SteeringAndCompass
C:   0000011C  C$c8051_SDCC.h$112$1$6             Lab3_3_SteeringAndCompass
C:   0000011F  A$Lab3-3_SteeringAndCompass$1260   Lab3_3_SteeringAndCompass
C:   0000011F  C$c8051_SDCC.h$113$1$6             Lab3_3_SteeringAndCompass
C:   0000011F  XG$Sys_Init$0$0                    Lab3_3_SteeringAndCompass
C:   00000120  A$Lab3-3_SteeringAndCompass$1273   Lab3_3_SteeringAndCompass
C:   00000120  C$c8051_SDCC.h$129$1$6             Lab3_3_SteeringAndCompass
C:   00000120  G$putchar$0$0                      Lab3_3_SteeringAndCompass
C:   00000120  _putchar                           Lab3_3_SteeringAndCompass
C:   00000122  A$Lab3-3_SteeringAndCompass$1279   Lab3_3_SteeringAndCompass
C:   00000122  C$c8051_SDCC.h$132$1$8             Lab3_3_SteeringAndCompass
C:   00000122  C$c8051_SDCC.h$133$1$8             Lab3_3_SteeringAndCompass
C:   00000125  A$Lab3-3_SteeringAndCompass$1280   Lab3_3_SteeringAndCompass
C:   00000127  A$Lab3-3_SteeringAndCompass$1284   Lab3_3_SteeringAndCompass
C:   00000127  C$c8051_SDCC.h$134$1$8             Lab3_3_SteeringAndCompass
C:   00000129  A$Lab3-3_SteeringAndCompass$1287   Lab3_3_SteeringAndCompass
C:   00000129  C$c8051_SDCC.h$135$1$8             Lab3_3_SteeringAndCompass
C:   00000129  XG$putchar$0$0                     Lab3_3_SteeringAndCompass
C:   0000012A  A$Lab3-3_SteeringAndCompass$1305   Lab3_3_SteeringAndCompass
C:   0000012A  C$c8051_SDCC.h$154$1$8             Lab3_3_SteeringAndCompass
C:   0000012A  C$c8051_SDCC.h$157$1$10            Lab3_3_SteeringAndCompass
C:   0000012A  C$c8051_SDCC.h$158$1$10            Lab3_3_SteeringAndCompass
C:   0000012A  G$getchar$0$0                      Lab3_3_SteeringAndCompass
C:   0000012A  _getchar                           Lab3_3_SteeringAndCompass
C:   0000012D  A$Lab3-3_SteeringAndCompass$1306   Lab3_3_SteeringAndCompass
C:   0000012F  A$Lab3-3_SteeringAndCompass$1310   Lab3_3_SteeringAndCompass
C:   0000012F  C$c8051_SDCC.h$159$1$10            Lab3_3_SteeringAndCompass
C:   00000131  A$Lab3-3_SteeringAndCompass$1313   Lab3_3_SteeringAndCompass
C:   00000131  C$c8051_SDCC.h$160$1$10            Lab3_3_SteeringAndCompass
C:   00000133  A$Lab3-3_SteeringAndCompass$1314   Lab3_3_SteeringAndCompass
C:   00000135  A$Lab3-3_SteeringAndCompass$1315   Lab3_3_SteeringAndCompass
C:   00000138  A$Lab3-3_SteeringAndCompass$1316   Lab3_3_SteeringAndCompass
C:   0000013A  A$Lab3-3_SteeringAndCompass$1319   Lab3_3_SteeringAndCompass
C:   0000013A  C$c8051_SDCC.h$161$1$10            Lab3_3_SteeringAndCompass
C:   0000013C  A$Lab3-3_SteeringAndCompass$1322   Lab3_3_SteeringAndCompass
C:   0000013C  C$c8051_SDCC.h$162$1$10            Lab3_3_SteeringAndCompass
C:   0000013C  XG$getchar$0$0                     Lab3_3_SteeringAndCompass
C:   0000013D  A$Lab3-3_SteeringAndCompass$1337   Lab3_3_SteeringAndCompass
C:   0000013D  C$c8051_SDCC.h$168$1$10            Lab3_3_SteeringAndCompass
ASxxxx Linker V03.00 + NoICE + sdld,  page 31.
Hexadecimal  [32-Bits]

Area                                    Addr        Size        Decimal Bytes (Attributes)
--------------------------------        ----        ----        ------- ----- ------------
CSEG                                000000D6    0000127F =        4735. bytes (REL,CON,CODE)

      Value  Global                              Global Defined In Module
      -----  --------------------------------   ------------------------
C:   0000013D  C$c8051_SDCC.h$171$1$12            Lab3_3_SteeringAndCompass
C:   0000013D  G$getchar_nw$0$0                   Lab3_3_SteeringAndCompass
C:   0000013D  _getchar_nw                        Lab3_3_SteeringAndCompass
C:   00000140  A$Lab3-3_SteeringAndCompass$1338   Lab3_3_SteeringAndCompass
C:   00000143  A$Lab3-3_SteeringAndCompass$1339   Lab3_3_SteeringAndCompass
C:   00000145  A$Lab3-3_SteeringAndCompass$1343   Lab3_3_SteeringAndCompass
C:   00000145  C$c8051_SDCC.h$174$2$13            Lab3_3_SteeringAndCompass
C:   00000147  A$Lab3-3_SteeringAndCompass$1346   Lab3_3_SteeringAndCompass
C:   00000147  C$c8051_SDCC.h$175$2$13            Lab3_3_SteeringAndCompass
C:   0000014A  A$Lab3-3_SteeringAndCompass$1349   Lab3_3_SteeringAndCompass
C:   0000014A  C$c8051_SDCC.h$176$2$13            Lab3_3_SteeringAndCompass
C:   0000014D  A$Lab3-3_SteeringAndCompass$1352   Lab3_3_SteeringAndCompass
C:   0000014D  C$c8051_SDCC.h$177$2$13            Lab3_3_SteeringAndCompass
C:   00000150  A$Lab3-3_SteeringAndCompass$1356   Lab3_3_SteeringAndCompass
C:   00000150  C$c8051_SDCC.h$179$1$12            Lab3_3_SteeringAndCompass
C:   00000150  XG$getchar_nw$0$0                  Lab3_3_SteeringAndCompass
C:   00000151  A$Lab3-3_SteeringAndCompass$1373   Lab3_3_SteeringAndCompass
C:   00000151  C$i2c.h$84$1$12                    Lab3_3_SteeringAndCompass
C:   00000151  G$lcd_print$0$0                    Lab3_3_SteeringAndCompass
C:   00000151  _lcd_print                         Lab3_3_SteeringAndCompass
C:   00000153  A$Lab3-3_SteeringAndCompass$1374   Lab3_3_SteeringAndCompass
C:   00000156  A$Lab3-3_SteeringAndCompass$1377   Lab3_3_SteeringAndCompass
C:   00000156  C$i2c.h$90$1$81                    Lab3_3_SteeringAndCompass
C:   00000158  A$Lab3-3_SteeringAndCompass$1378   Lab3_3_SteeringAndCompass
C:   0000015A  A$Lab3-3_SteeringAndCompass$1379   Lab3_3_SteeringAndCompass
C:   0000015B  A$Lab3-3_SteeringAndCompass$1380   Lab3_3_SteeringAndCompass
C:   0000015D  A$Lab3-3_SteeringAndCompass$1381   Lab3_3_SteeringAndCompass
C:   0000015E  A$Lab3-3_SteeringAndCompass$1382   Lab3_3_SteeringAndCompass
C:   00000160  A$Lab3-3_SteeringAndCompass$1383   Lab3_3_SteeringAndCompass
C:   00000161  A$Lab3-3_SteeringAndCompass$1384   Lab3_3_SteeringAndCompass
C:   00000163  A$Lab3-3_SteeringAndCompass$1385   Lab3_3_SteeringAndCompass
C:   00000166  A$Lab3-3_SteeringAndCompass$1386   Lab3_3_SteeringAndCompass
C:   00000168  A$Lab3-3_SteeringAndCompass$1387   Lab3_3_SteeringAndCompass
C:   0000016B  A$Lab3-3_SteeringAndCompass$1388   Lab3_3_SteeringAndCompass
C:   0000016D  A$Lab3-3_SteeringAndCompass$1389   Lab3_3_SteeringAndCompass
C:   0000016F  A$Lab3-3_SteeringAndCompass$1390   Lab3_3_SteeringAndCompass
C:   00000171  A$Lab3-3_SteeringAndCompass$1394   Lab3_3_SteeringAndCompass
C:   00000171  C$i2c.h$92$2$82                    Lab3_3_SteeringAndCompass
C:   00000173  A$Lab3-3_SteeringAndCompass$1395   Lab3_3_SteeringAndCompass
C:   00000175  A$Lab3-3_SteeringAndCompass$1396   Lab3_3_SteeringAndCompass
C:   00000176  A$Lab3-3_SteeringAndCompass$1397   Lab3_3_SteeringAndCompass
C:   00000178  A$Lab3-3_SteeringAndCompass$1400   Lab3_3_SteeringAndCompass
C:   00000178  C$i2c.h$93$1$81                    Lab3_3_SteeringAndCompass
C:   0000017A  A$Lab3-3_SteeringAndCompass$1401   Lab3_3_SteeringAndCompass
[...]
C:   000007D6  A$Lab3-3_SteeringAndCompass$2854   Lab3_3_SteeringAndCompass
C:   000007D8  A$Lab3-3_SteeringAndCompass$2855   Lab3_3_SteeringAndCompass
C:   000007DA  A$Lab3-3_SteeringAndCompass$2856   Lab3_3_SteeringAndCompass
C:   000007DC  A$Lab3-3_SteeringAndCompass$2859   Lab3_3_SteeringAndCompass
C:   000007DC  C$Lab3_3_SteeringAndCompass.c$22   Lab3_3_SteeringAndCompass
C:   000007DE  A$Lab3-3_SteeringAndCompass$2860   Lab3_3_SteeringAndCompass
C:   000007E0  A$Lab3-3_SteeringAndCompass$2861   Lab3_3_SteeringAndCompass
C:   000007E2  A$Lab3-3_SteeringAndCompass$2862   Lab3_3_SteeringAndCompass
C:   000007E4  A$Lab3-3_SteeringAndCompass$2863   Lab3_3_SteeringAndCompass
C:   000007E6  A$Lab3-3_SteeringAndCompass$2864   Lab3_3_SteeringAndCompass
C:   000007E8  A$Lab3-3_SteeringAndCompass$2868   Lab3_3_SteeringAndCompass
C:   000007E8  C$Lab3_3_SteeringAndCompass.c$23   Lab3_3_SteeringAndCompass
C:   000007E9  A$Lab3-3_SteeringAndCompass$2869   Lab3_3_SteeringAndCompass
C:   000007EB  A$Lab3-3_SteeringAndCompass$2870   Lab3_3_SteeringAndCompass
C:   000007ED  A$Lab3-3_SteeringAndCompass$2871   Lab3_3_SteeringAndCompass
C:   000007EF  A$Lab3-3_SteeringAndCompass$2872   Lab3_3_SteeringAndCompass
C:   000007F1  A$Lab3-3_SteeringAndCompass$2873   Lab3_3_SteeringAndCompass
C:   000007F3  A$Lab3-3_SteeringAndCompass$2874   Lab3_3_SteeringAndCompass
C:   000007F5  A$Lab3-3_SteeringAndCompass$2875   Lab3_3_SteeringAndCompass
C:   000007F7  A$Lab3-3_SteeringAndCompass$2876   Lab3_3_SteeringAndCompass
C:   000007F9  A$Lab3-3_SteeringAndCompass$2877   Lab3_3_SteeringAndCompass
C:   000007FB  A$Lab3-3_SteeringAndCompass$2878   Lab3_3_SteeringAndCompass
C:   000007FD  A$Lab3-3_SteeringAndCompass$2879   Lab3_3_SteeringAndCompass
C:   000007FF  A$Lab3-3_SteeringAndCompass$2880   Lab3_3_SteeringAndCompass
C:   00000801  A$Lab3-3_SteeringAndCompass$2881   Lab3_3_SteeringAndCompass
C:   00000803  A$Lab3-3_SteeringAndCompass$2882   Lab3_3_SteeringAndCompass
C:   00000805  A$Lab3-3_SteeringAndCompass$2885   Lab3_3_SteeringAndCompass
C:   00000805  C$Lab3_3_SteeringAndCompass.c$23   Lab3_3_SteeringAndCompass
C:   00000807  A$Lab3-3_SteeringAndCompass$2886   Lab3_3_SteeringAndCompass
C:   00000808  A$Lab3-3_SteeringAndCompass$2887   Lab3_3_SteeringAndCompass
C:   0000080A  A$Lab3-3_SteeringAndCompass$2888   Lab3_3_SteeringAndCompass
C:   0000080C  A$Lab3-3_SteeringAndCompass$2889   Lab3_3_SteeringAndCompass
C:   0000080D  A$Lab3-3_SteeringAndCompass$2890   Lab3_3_SteeringAndCompass
C:   0000080F  A$Lab3-3_SteeringAndCompass$2891   Lab3_3_SteeringAndCompass
C:   00000811  A$Lab3-3_SteeringAndCompass$2895   Lab3_3_SteeringAndCompass
C:   00000811  C$Lab3_3_SteeringAndCompass.c$23   Lab3_3_SteeringAndCompass
C:   00000814  A$Lab3-3_SteeringAndCompass$2896   Lab3_3_SteeringAndCompass
C:   00000817  A$Lab3-3_SteeringAndCompass$2897   Lab3_3_SteeringAndCompass
C:   0000081A  A$Lab3-3_SteeringAndCompass$2898   Lab3_3_SteeringAndCompass
ASxxxx Linker V03.00 + NoICE + sdld,  page 53.
Hexadecimal  [32-Bits]

Area                                    Addr        Size        Decimal Bytes (Attributes)
--------------------------------        ----        ----        ------- ----- ------------
CSEG                                000000D6    0000127F =        4735. bytes (REL,CON,CODE)

      Value  Global                              Global Defined In Module
      -----  --------------------------------   ------------------------
C:   0000081C  A$Lab3-3_SteeringAndCompass$2899   Lab3_3_SteeringAndCompass
C:   0000081E  A$Lab3-3_SteeringAndCompass$2900   Lab3_3_SteeringAndCompass
C:   00000820  A$Lab3-3_SteeringAndCompass$2901   Lab3_3_SteeringAndCompass
C:   00000821  A$Lab3-3_SteeringAndCompass$2902   Lab3_3_SteeringAndCompass
C:   00000823  A$Lab3-3_SteeringAndCompass$2903   Lab3_3_SteeringAndCompass
C:   00000825  A$Lab3-3_SteeringAndCompass$2904   Lab3_3_SteeringAndCompass
C:   00000827  A$Lab3-3_SteeringAndCompass$2905   Lab3_3_SteeringAndCompass
C:   00000829  A$Lab3-3_SteeringAndCompass$2906   Lab3_3_SteeringAndCompass
C:   0000082C  A$Lab3-3_SteeringAndCompass$2907   Lab3_3_SteeringAndCompass
C:   0000082F  A$Lab3-3_SteeringAndCompass$2908   Lab3_3_SteeringAndCompass
C:   00000831  A$Lab3-3_SteeringAndCompass$2909   Lab3_3_SteeringAndCompass
C:   00000834  A$Lab3-3_SteeringAndCompass$2910   Lab3_3_SteeringAndCompass
C:   00000836  A$Lab3-3_SteeringAndCompass$2911   Lab3_3_SteeringAndCompass
C:   00000838  A$Lab3-3_SteeringAndCompass$2912   Lab3_3_SteeringAndCompass
C:   0000083A  A$Lab3-3_SteeringAndCompass$2913   Lab3_3_SteeringAndCompass
C:   0000083B  A$Lab3-3_SteeringAndCompass$2914   Lab3_3_SteeringAndCompass
C:   0000083D  A$Lab3-3_SteeringAndCompass$2915   Lab3_3_SteeringAndCompass
C:   0000083F  A$Lab3-3_SteeringAndCompass$2916   Lab3_3_SteeringAndCompass
C:   00000841  A$Lab3-3_SteeringAndCompass$2917   Lab3_3_SteeringAndCompass
C:   00000844  A$Lab3-3_SteeringAndCompass$2918   Lab3_3_SteeringAndCompass
C:   00000847  A$Lab3-3_SteeringAndCompass$2919   Lab3_3_SteeringAndCompass
C:   00000849  A$Lab3-3_SteeringAndCompass$2920   Lab3_3_SteeringAndCompass
C:   0000084B  A$Lab3-3_SteeringAndCompass$2921   Lab3_3_SteeringAndCompass
C:   0000084D  A$Lab3-3_SteeringAndCompass$2922   Lab3_3_SteeringAndCompass
C:   0000084F  A$Lab3-3_SteeringAndCompass$2923   Lab3_3_SteeringAndCompass
C:   00000852  A$Lab3-3_SteeringAndCompass$2924   Lab3_3_SteeringAndCompass
C:   00000854  A$Lab3-3_SteeringAndCompass$2925   Lab3_3_SteeringAndCompass
C:   00000856  A$Lab3-3_SteeringAndCompass$2926   Lab3_3_SteeringAndCompass
C:   00000858  A$Lab3-3_SteeringAndCompass$2927   Lab3_3_SteeringAndCompass
C:   00000859  A$Lab3-3_SteeringAndCompass$2928   Lab3_3_SteeringAndCompass
C:   0000085B  A$Lab3-3_SteeringAndCompass$2929   Lab3_3_SteeringAndCompass
C:   0000085D  A$Lab3-3_SteeringAndCompass$2930   Lab3_3_SteeringAndCompass
C:   0000085F  A$Lab3-3_SteeringAndCompass$2931   Lab3_3_SteeringAndCompass
C:   00000861  A$Lab3-3_SteeringAndCompass$2932   Lab3_3_SteeringAndCompass
C:   00000863  A$Lab3-3_SteeringAndCompass$2933   Lab3_3_SteeringAndCompass
C:   00000865  A$Lab3-3_SteeringAndCompass$2934   Lab3_3_SteeringAndCompass
C:   00000867  A$Lab3-3_SteeringAndCompass$2935   Lab3_3_SteeringAndCompass
C:   00000869  A$Lab3-3_SteeringAndCompass$2936   Lab3_3_SteeringAndCompass
C:   0000086B  A$Lab3-3_SteeringAndCompass$2937   Lab3_3_SteeringAndCompass
C:   0000086D  A$Lab3-3_SteeringAndCompass$2938   Lab3_3_SteeringAndCompass
C:   0000086F  A$Lab3-3_SteeringAndCompass$2939   Lab3_3_SteeringAndCompass
C:   00000870  A$Lab3-3_SteeringAndCompass$2940   Lab3_3_SteeringAndCompass
C:   00000873  A$Lab3-3_SteeringAndCompass$2941   Lab3_3_SteeringAndCompass
C:   00000875  A$Lab3-3_SteeringAndCompass$2942   Lab3_3_SteeringAndCompass
C:   00000877  A$Lab3-3_SteeringAndCompass$2943   Lab3_3_SteeringAndCompass
C:   00000879  A$Lab3-3_SteeringAndCompass$2944   Lab3_3_SteeringAndCompass
C:   0000087A  A$Lab3-3_SteeringAndCompass$2945   Lab3_3_SteeringAndCompass
C:   0000087C  A$Lab3-3_SteeringAndCompass$2946   Lab3_3_SteeringAndCompass
C:   0000087E  A$Lab3-3_SteeringAndCompass$2947   Lab3_3_SteeringAndCompass
C:   00000880  A$Lab3-3_SteeringAndCompass$2948   Lab3_3_SteeringAndCompass
C:   00000882  A$Lab3-3_SteeringAndCompass$2949   Lab3_3_SteeringAndCompass
ASxxxx Linker V03.00 + NoICE + sdld,  page 54.
Hexadecimal  [32-Bits]

Area                                    Addr        Size        Decimal Bytes (Attributes)
--------------------------------        ----        ----        ------- ----- ------------
CSEG                                000000D6    0000127F =        4735. bytes (REL,CON,CODE)

      Value  Global                              Global Defined In Module
      -----  --------------------------------   ------------------------
C:   00000884  A$Lab3-3_SteeringAndCompass$2950   Lab3_3_SteeringAndCompass
C:   00000886  A$Lab3-3_SteeringAndCompass$2951   Lab3_3_SteeringAndCompass
C:   00000887  A$Lab3-3_SteeringAndCompass$2952   Lab3_3_SteeringAndCompass
C:   0000088A  A$Lab3-3_SteeringAndCompass$2953   Lab3_3_SteeringAndCompass
C:   0000088C  A$Lab3-3_SteeringAndCompass$2954   Lab3_3_SteeringAndCompass
C:   0000088E  A$Lab3-3_SteeringAndCompass$2957   Lab3_3_SteeringAndCompass
C:   0000088E  C$Lab3_3_SteeringAndCompass.c$23   Lab3_3_SteeringAndCompass
C:   0000088F  A$Lab3-3_SteeringAndCompass$2958   Lab3_3_SteeringAndCompass
C:   00000891  A$Lab3-3_SteeringAndCompass$2959   Lab3_3_SteeringAndCompass
C:   00000892  A$Lab3-3_SteeringAndCompass$2960   Lab3_3_SteeringAndCompass
C:   00000894  A$Lab3-3_SteeringAndCompass$2961   Lab3_3_SteeringAndCompass
C:   00000895  A$Lab3-3_SteeringAndCompass$2962   Lab3_3_SteeringAndCompass
C:   00000897  A$Lab3-3_SteeringAndCompass$2965   Lab3_3_SteeringAndCompass
C:   00000897  C$Lab3_3_SteeringAndCompass.c$24   Lab3_3_SteeringAndCompass
C:   00000899  A$Lab3-3_SteeringAndCompass$2966   Lab3_3_SteeringAndCompass
C:   0000089B  A$Lab3-3_SteeringAndCompass$2967   Lab3_3_SteeringAndCompass
C:   0000089D  A$Lab3-3_SteeringAndCompass$2971   Lab3_3_SteeringAndCompass
C:   0000089D  C$Lab3_3_SteeringAndCompass.c$24   Lab3_3_SteeringAndCompass
C:   0000089E  A$Lab3-3_SteeringAndCompass$2972   Lab3_3_SteeringAndCompass
C:   0000089F  A$Lab3-3_SteeringAndCompass$2973   Lab3_3_SteeringAndCompass
C:   000008A1  A$Lab3-3_SteeringAndCompass$2974   Lab3_3_SteeringAndCompass
C:   000008A2  A$Lab3-3_SteeringAndCompass$2975   Lab3_3_SteeringAndCompass
C:   000008A4  A$Lab3-3_SteeringAndCompass$2976   Lab3_3_SteeringAndCompass
C:   000008A6  A$Lab3-3_SteeringAndCompass$2979   Lab3_3_SteeringAndCompass
C:   000008A6  C$Lab3_3_SteeringAndCompass.c$24   Lab3_3_SteeringAndCompass
C:   000008A8  A$Lab3-3_SteeringAndCompass$2980   Lab3_3_SteeringAndCompass
C:   000008AA  A$Lab3-3_SteeringAndCompass$2984   Lab3_3_SteeringAndCompass
C:   000008AA  C$Lab3_3_SteeringAndCompass.c$24   Lab3_3_SteeringAndCompass
C:   000008AD  A$Lab3-3_SteeringAndCompass$2985   Lab3_3_SteeringAndCompass
C:   000008B0  A$Lab3-3_SteeringAndCompass$2986   Lab3_3_SteeringAndCompass
C:   000008B3  A$Lab3-3_SteeringAndCompass$2987   Lab3_3_SteeringAndCompass
C:   000008B6  A$Lab3-3_SteeringAndCompass$2988   Lab3_3_SteeringAndCompass
C:   000008B8  A$Lab3-3_SteeringAndCompass$2989   Lab3_3_SteeringAndCompass
C:   000008BA  A$Lab3-3_SteeringAndCompass$2990   Lab3_3_SteeringAndCompass
C:   000008BD  A$Lab3-3_SteeringAndCompass$2991   Lab3_3_SteeringAndCompass
C:   000008BF  A$Lab3-3_SteeringAndCompass$2992   Lab3_3_SteeringAndCompass
C:   000008C2  A$Lab3-3_SteeringAndCompass$2993   Lab3_3_SteeringAndCompass
C:   000008C4  A$Lab3-3_SteeringAndCompass$2994   Lab3_3_SteeringAndCompass
C:   000008C6  A$Lab3-3_SteeringAndCompass$2995   Lab3_3_SteeringAndCompass
C:   000008C8  A$Lab3-3_SteeringAndCompass$2996   Lab3_3_SteeringAndCompass
C:   000008CA  A$Lab3-3_SteeringAndCompass$2999   Lab3_3_SteeringAndCompass
C:   000008CA  C$Lab3_3_SteeringAndCompass.c$24   Lab3_3_SteeringAndCompass
C:   000008CC  A$Lab3-3_SteeringAndCompass$3000   Lab3_3_SteeringAndCompass
C:   000008CE  A$Lab3-3_SteeringAndCompass$3001   Lab3_3_SteeringAndCompass
C:   000008D0  A$Lab3-3_SteeringAndCompass$3002   Lab3_3_SteeringAndCompass
C:   000008D2  A$Lab3-3_SteeringAndCompass$3003   Lab3_3_SteeringAndCompass
C:   000008D4  A$Lab3-3_SteeringAndCompass$3004   Lab3_3_SteeringAndCompass
C:   000008D6  A$Lab3-3_SteeringAndCompass$3005   Lab3_3_SteeringAndCompass
C:   000008D8  A$Lab3-3_SteeringAndCompass$3006   Lab3_3_SteeringAndCompass
C:   000008DA  A$Lab3-3_SteeringAndCompass$3007   Lab3_3_SteeringAndCompass
C:   000008DC  A$Lab3-3_SteeringAndCompass$3008   Lab3_3_SteeringAndCompass
ASxxxx Linker V03.00 + NoICE + sdld,  page 55.
Hexadecimal  [32-Bits]

Area                                    Addr        Size        Decimal Bytes (Attributes)
--------------------------------        ----        ----        ------- ----- ------------
CSEG                                000000D6    0000127F =        4735. bytes (REL,CON,CODE)

      Value  Global                              Global Defined In Module
      -----  --------------------------------   ------------------------
C:   000008DE  A$Lab3-3_SteeringAndCompass$3009   Lab3_3_SteeringAndCompass
C:   000008E1  A$Lab3-3_SteeringAndCompass$3010   Lab3_3_SteeringAndCompass
C:   000008E3  A$Lab3-3_SteeringAndCompass$3011   Lab3_3_SteeringAndCompass
C:   000008E5  A$Lab3-3_SteeringAndCompass$3012   Lab3_3_SteeringAndCompass
C:   000008E7  A$Lab3-3_SteeringAndCompass$3013   Lab3_3_SteeringAndCompass
C:   000008E9  A$Lab3-3_SteeringAndCompass$3014   Lab3_3_SteeringAndCompass
C:   000008EB  A$Lab3-3_SteeringAndCompass$3018   Lab3_3_SteeringAndCompass
C:   000008EB  C$Lab3_3_SteeringAndCompass.c$25   Lab3_3_SteeringAndCompass
C:   000008ED  A$Lab3-3_SteeringAndCompass$3019   Lab3_3_SteeringAndCompass
C:   000008EF  A$Lab3-3_SteeringAndCompass$3022   Lab3_3_SteeringAndCompass
C:   000008EF  C$Lab3_3_SteeringAndCompass.c$25   Lab3_3_SteeringAndCompass
C:   000008EF  XG$ErrorCorrection$0$0             Lab3_3_SteeringAndCompass
C:   000008F0  ___fsmul                           _fsmul
C:   00000993  fsgetargs                          _fsget2args
C:   000009C1  fs_normalize_a                     _fsnormalize
C:   000009F4  __gptrput                          _gptrput
C:   00000A0F  __mulint                           _mulint
C:   00000A0F  __mulint_dummy                     _mulint
C:   00000A9C  _vsprintf                          sprintf
C:   00000AD9  _sprintf                           sprintf
C:   00000B27  __moduint                          _moduint
C:   00000B74  ___fsadd                           _fsadd
C:   00000B77  fsadd_direct_entry                 _fsadd
C:   00000BCD  ___sint2fs                         _sint2fs
C:   00000BDA  ___uint2fs                         _uint2fs
C:   00000BE6  ___fs2uint                         _fs2uint
C:   00000BF1  fs_round_and_return                _fsreturnval
C:   00000C09  fs_zerocheck_return                _fsreturnval
C:   00000C12  fs_return_zero                     _fsreturnval
C:   00000C1A  fs_direct_return                   _fsreturnval
C:   00000C28  fs_return_inf                      _fsreturnval
C:   00000C35  fs_return_nan                      _fsreturnval
C:   00000C4B  _vprintf                           vprintf
C:   00000C64  _printf                            vprintf
C:   00000D3B  __print_format                     printf_large
C:   00001247  fs_swap_a_b                        _fsswapargs
C:   00001261  _strlen                            _strlen
C:   00001279  __gptrget                          _gptrget
C:   00001295  ___slong2fs                        _slong2fs
C:   0000129E  slong2fs_doit                      _slong2fs
C:   000012C2  ___ulong2fs                        _ulong2fs
C:   000012CB  ulong2fs_doit                      _ulong2fs
C:   000012D5  fs_rshift_a                        _fsrshift
C:   00001318  __sdcc_external_startup            _startup
C:   0000131C  ___fs2ulong                        _fs2ulong
C:   0000131E  fs2ulong_begin                     _fs2ulong
C:   00001343  fsgetarg                           _fsget1arg

ASxxxx Linker V03.00 + NoICE + sdld,  page 56.
Hexadecimal  [32-Bits]

Area                                    Addr        Size        Decimal Bytes (Attributes)
--------------------------------        ----        ----        ------- ----- ------------
CONST                               00001355    000000BC =         188. bytes (REL,CON,CODE)

      Value  Global                              Global Defined In Module
      -----  --------------------------------   ------------------------
C:   00001355  FLab3_3_SteeringAndCompass$__str   Lab3_3_SteeringAndCompass
C:   0000136B  FLab3_3_SteeringAndCompass$__str   Lab3_3_SteeringAndCompass
C:   0000137B  FLab3_3_SteeringAndCompass$__str   Lab3_3_SteeringAndCompass
C:   0000137E  FLab3_3_SteeringAndCompass$__str   Lab3_3_SteeringAndCompass
C:   000013A4  FLab3_3_SteeringAndCompass$__str   Lab3_3_SteeringAndCompass
C:   000013BA  FLab3_3_SteeringAndCompass$__str   Lab3_3_SteeringAndCompass
C:   000013D1  FLab3_3_SteeringAndCompass$__str   Lab3_3_SteeringAndCompass
C:   000013EA  FLab3_3_SteeringAndCompass$__str   Lab3_3_SteeringAndCompass
C:   000013FA  FLab3_3_SteeringAndCompass$__str   Lab3_3_SteeringAndCompass
ASxxxx Linker V03.00 + NoICE + sdld,  page 57.

Files Linked                              [ module(s) ]

C:\Users\Ethan\Documents\RPI Classes\Fall 2018\Embeded Control\Assignments\Lab 3\Lab3-3\Lab3-3_SteeringAndCompass.rel
                                          [  ]


Libraries Linked                          [ object file ]

C:\Program Files\SDCC\bin\..\lib\small/libfloat.lib
                                          [ _fsmul.rel ]
C:\Program Files\SDCC\bin\..\lib\small/libfloat.lib
                                          [ _fsget2args.rel ]
C:\Program Files\SDCC\bin\..\lib\small/mcs51.lib
                                          [ crtclear.rel ]
C:\Program Files\SDCC\bin\..\lib\small/libfloat.lib
                                          [ _fsnormalize.rel ]
C:\Program Files\SDCC\bin\..\lib\small/mcs51.lib
                                          [ crtxinit.rel ]
C:\Program Files\SDCC\bin\..\lib\small/libsdcc.lib
                                          [ _gptrput.rel ]
C:\Program Files\SDCC\bin\..\lib\small/libint.lib
                                          [ _mulint.rel ]
C:\Program Files\SDCC\bin\..\lib\small/libsdcc.lib
                                          [ sprintf.rel ]
C:\Program Files\SDCC\bin\..\lib\small/libint.lib
                                          [ _moduint.rel ]
C:\Program Files\SDCC\bin\..\lib\small/mcs51.lib
                                          [ crtxclear.rel ]
C:\Program Files\SDCC\bin\..\lib\small/libfloat.lib
                                          [ _fsadd.rel ]
C:\Program Files\SDCC\bin\..\lib\small/libfloat.lib
                                          [ _sint2fs.rel ]
C:\Program Files\SDCC\bin\..\lib\small/libfloat.lib
                                          [ _uint2fs.rel ]
C:\Program Files\SDCC\bin\..\lib\small/libfloat.lib
                                          [ _fs2uint.rel ]
C:\Program Files\SDCC\bin\..\lib\small/libfloat.lib
                                          [ _fsreturnval.rel ]
C:\Program Files\SDCC\bin\..\lib\small/libsdcc.lib
                                          [ _bp.rel ]
C:\Program Files\SDCC\bin\..\lib\small/libsdcc.lib
                                          [ vprintf.rel ]
C:\Program Files\SDCC\bin\..\lib\small/libsdcc.lib
                                          [ printf_large.rel ]
C:\Program Files\SDCC\bin\..\lib\small/libfloat.lib
                                          [ _fsswapargs.rel ]
C:\Program Files\SDCC\bin\..\lib\small/libsdcc.lib
                                          [ _strlen.rel ]
C:\Program Files\SDCC\bin\..\lib\small/mcs51.lib
                                          [ crtstart.rel ]
C:\Program Files\SDCC\bin\..\lib\small/libsdcc.lib
                                          [ _gptrget.rel ]
C:\Program Files\SDCC\bin\..\lib\small/libfloat.lib
                                          [ _slong2fs.rel ]
C:\Program Files\SDCC\bin\..\lib\small/libfloat.lib
                                          [ _ulong2fs.rel ]
C:\Program Files\SDCC\bin\..\lib\small/libfloat.lib
                                          [ _fsrshift.rel ]
C:\Program Files\SDCC\bin\..\lib\small/libsdcc.lib
                                          [ _startup.rel ]
C:\Program Files\SDCC\bin\..\lib\small/libfloat.lib
                                          [ _fs2ulong.rel ]
C:\Program Files\SDCC\bin\..\lib\small/libfloat.lib
                                          [ _fsget1arg.rel ]

ASxxxx Linker V03.00 + NoICE + sdld,  page 58.

User Base Address Definitions

HOME = 0x0000
XSEG = 0x0001
PSEG = 0x0001
ISEG = 0x0000
BSEG = 0x0000

